<html>
<body>
<pre>
<h1>µVision Build Log</h1>
<h2>Tool Versions:</h2>
IDE-Version: ¦ÌVision V5.18.0.0
Copyright (C) 2016 ARM Ltd and ARM Germany GmbH. All rights reserved.
License Information: 123 123, 123, LIC=----
 
Tool Versions:
Toolchain:       MDK-Lite  Version: 5.18
Toolchain Path:  E:\keil5\ARM\ARMCC\Bin
C Compiler:      Armcc.exe V5.06 update 1 (build 61)
Assembler:       Armasm.exe V5.06 update 1 (build 61)
Linker/Locator:  ArmLink.exe V5.06 update 1 (build 61)
Library Manager: ArmAr.exe V5.06 update 1 (build 61)
Hex Converter:   FromElf.exe V5.06 update 1 (build 61)
CPU DLL:         SARMCM3.DLL V5.18
Dialog DLL:      DCM.DLL V1.13.6.0
Target DLL:      UL2CM3.DLL V1.157.5.0
Dialog DLL:      TCM.DLL V1.14.8.0
 
<h2>Project:</h2>
E:\2020-NCU-FinalHreo\RM_Hero_Gimbal\MDK-ARM\RM_Hero_Gimbal.uvprojx
Project File Date:  03/19/2020

<h2>Output:</h2>
*** Using Compiler 'V5.06 update 1 (build 61)', folder: 'E:\keil5\ARM\ARMCC\Bin'
Build target 'RM_Hero_Gimbal'
assembling startup_stm32f427xx.s...
compiling pid.c...
compiling MPU6500.c...
Communication\MPU6500.h(177): warning:  #1295-D: Deprecated declaration IMU_Get_Data - give arg types
  void IMU_Get_Data();
Communication\MPU6500.c: 1 warning, 0 errors
compiling Remote.c...
Communication\MPU6500.h(177): warning:  #1295-D: Deprecated declaration IMU_Get_Data - give arg types
  void IMU_Get_Data();
Communication\Remote.c: 1 warning, 0 errors
compiling mecanum_calc.c...
compiling Chassis_Task.c...
APP_task\Chassis_Task.h(26): warning:  #1-D: last line of file ends without a newline
  	
APP_task\Chassis_Task.c: 1 warning, 0 errors
compiling SystemState.c...
compiling data_pro_task.c...
APP_task\data_pro_task.h(55): warning:  #1-D: last line of file ends without a newline
  void Remote_Data_Task(void);
APP_task\Chassis_Task.h(26): warning:  #1-D: last line of file ends without a newline
  	
APP_task\data_pro_task.c: 2 warnings, 0 errors
compiling shiboqi.c...
Communication\shiboqi.c(61): warning:  #1-D: last line of file ends without a newline
  }
Communication\shiboqi.c: 1 warning, 0 errors
compiling gpio.c...
compiling CAN_USE_Moto.c...
.\Communication\MPU6500.h(177): warning:  #1295-D: Deprecated declaration IMU_Get_Data - give arg types
  void IMU_Get_Data();
Motor_USE_CAN\CAN_USE_Moto.c: 1 warning, 0 errors
compiling main.c...
compiling adc.c...
compiling can.c...
compiling dma.c...
compiling stm32f4xx_hal_msp.c...
compiling usart.c...
compiling stm32f4xx_it.c...
compiling freertos.c...
.\APP_task\Chassis_Task.h(26): warning:  #1-D: last line of file ends without a newline
  	
.\APP_task\data_pro_task.h(55): warning:  #1-D: last line of file ends without a newline
  void Remote_Data_Task(void);
../Src/freertos.c(111): warning:  #144-D: a value of type "void (*)(void)" cannot be used to initialize an entity of type "os_pthread"
  	
sThreadDef(chassisTask, Chassis_Contrl_Task, osPriorityHigh, 0, 256);          //Ò£?????ý¾Ý´???
../Src/freertos.c(114): warning:  #144-D: a value of type "void (*)(void)" cannot be used to initialize an entity of type "os_pthread"
  	
sThreadDef(RemoteDataTask, Remote_Data_Task, osPriorityHigh, 0, 256);          //Ò£?????ý¾Ý´???
../Src/freertos.c: 4 warnings, 0 errors
compiling spi.c...
compiling BSP.c...
BSP\BSP.c(49): warning:  #223-D: function "MX_TIM6_Init" declared implicitly
  	 MX_TIM6_Init();
BSP\BSP.c: 1 warning, 0 errors
compiling tim.c...
compiling stm32f4xx_hal_adc.c...
compiling stm32f4xx_hal_can.c...
compiling stm32f4xx_hal_uart.c...
compiling stm32f4xx_hal_tim_ex.c...
compiling stm32f4xx_hal_tim.c...
compiling stm32f4xx_hal_adc_ex.c...
compiling stm32f4xx_hal_spi.c...
compiling stm32f4xx_hal_flash_ramfunc.c...
compiling stm32f4xx_hal_flash.c...
compiling stm32f4xx_hal_rcc.c...
compiling stm32f4xx_hal_rcc_ex.c...
compiling stm32f4xx_hal_flash_ex.c...
compiling stm32f4xx_hal_gpio.c...
compiling stm32f4xx_hal_dma_ex.c...
compiling stm32f4xx_hal_cortex.c...
compiling croutine.c...
compiling stm32f4xx_hal.c...
compiling stm32f4xx_hal_dma.c...
compiling event_groups.c...
compiling list.c...
compiling queue.c...
compiling stream_buffer.c...
compiling tasks.c...
compiling timers.c...
compiling system_stm32f4xx.c...
compiling heap_4.c...
compiling stm32f4xx_hal_pwr.c...
compiling cmsis_os.c...
compiling port.c...
compiling stm32f4xx_hal_exti.c...
compiling stm32f4xx_hal_pwr_ex.c...
linking...
Program Size: Code=17680 RO-data=2668 RW-data=180 ZI-data=19652  
FromELF: creating hex file...
"RM_Hero_Chassis\RM_Hero_Chassis.axf" - 0 Error(s), 12 Warning(s).

<h2>Software Packages used:</h2>

Package Vendor: ARM
                http://www.keil.com/pack/ARM.CMSIS.4.5.0.pack
                ARM::CMSIS:CORE:4.3.0
                CMSIS (Cortex Microcontroller Software Interface Standard)
   * Component: CORE Version: 4.3.0

<h2>Collection of Component include folders:</h2>
  E:\2020-NCU-FinalHreo\RM_Hero_Gimbal\MDK-ARM\RTE
  E:\keil5\ARM\PACK\ARM\CMSIS\4.5.0\CMSIS\Include
  E:\keil5\ARM\PACK\Keil\STM32F4xx_DFP\2.14.0\Drivers\CMSIS\Device\ST\STM32F4xx\Include

<h2>Collection of Component Files used:</h2>

   * Component: ARM::CMSIS:CORE:4.3.0
Build Time Elapsed:  00:01:15
</pre>
</body>
</html>
