Component: ARM Compiler 5.06 update 1 (build 61) Tool: armlink [4d35a8]

==============================================================================

Section Cross References

    startup_stm32f427xx.o(RESET) refers to startup_stm32f427xx.o(STACK) for __initial_sp
    startup_stm32f427xx.o(RESET) refers to startup_stm32f427xx.o(.text) for Reset_Handler
    startup_stm32f427xx.o(RESET) refers to stm32f4xx_it.o(i.NMI_Handler) for NMI_Handler
    startup_stm32f427xx.o(RESET) refers to stm32f4xx_it.o(i.HardFault_Handler) for HardFault_Handler
    startup_stm32f427xx.o(RESET) refers to stm32f4xx_it.o(i.MemManage_Handler) for MemManage_Handler
    startup_stm32f427xx.o(RESET) refers to stm32f4xx_it.o(i.BusFault_Handler) for BusFault_Handler
    startup_stm32f427xx.o(RESET) refers to stm32f4xx_it.o(i.UsageFault_Handler) for UsageFault_Handler
    startup_stm32f427xx.o(RESET) refers to port.o(.emb_text) for SVC_Handler
    startup_stm32f427xx.o(RESET) refers to stm32f4xx_it.o(i.DebugMon_Handler) for DebugMon_Handler
    startup_stm32f427xx.o(RESET) refers to stm32f4xx_it.o(i.SysTick_Handler) for SysTick_Handler
    startup_stm32f427xx.o(RESET) refers to stm32f4xx_it.o(i.EXTI2_IRQHandler) for EXTI2_IRQHandler
    startup_stm32f427xx.o(RESET) refers to stm32f4xx_it.o(i.EXTI4_IRQHandler) for EXTI4_IRQHandler
    startup_stm32f427xx.o(RESET) refers to stm32f4xx_it.o(i.DMA1_Stream1_IRQHandler) for DMA1_Stream1_IRQHandler
    startup_stm32f427xx.o(RESET) refers to stm32f4xx_it.o(i.DMA1_Stream5_IRQHandler) for DMA1_Stream5_IRQHandler
    startup_stm32f427xx.o(RESET) refers to stm32f4xx_it.o(i.CAN1_RX0_IRQHandler) for CAN1_RX0_IRQHandler
    startup_stm32f427xx.o(RESET) refers to stm32f4xx_it.o(i.EXTI9_5_IRQHandler) for EXTI9_5_IRQHandler
    startup_stm32f427xx.o(RESET) refers to stm32f4xx_it.o(i.TIM3_IRQHandler) for TIM3_IRQHandler
    startup_stm32f427xx.o(RESET) refers to stm32f4xx_it.o(i.USART1_IRQHandler) for USART1_IRQHandler
    startup_stm32f427xx.o(RESET) refers to stm32f4xx_it.o(i.USART2_IRQHandler) for USART2_IRQHandler
    startup_stm32f427xx.o(RESET) refers to stm32f4xx_it.o(i.TIM6_DAC_IRQHandler) for TIM6_DAC_IRQHandler
    startup_stm32f427xx.o(RESET) refers to stm32f4xx_it.o(i.DMA2_Stream1_IRQHandler) for DMA2_Stream1_IRQHandler
    startup_stm32f427xx.o(RESET) refers to stm32f4xx_it.o(i.DMA2_Stream2_IRQHandler) for DMA2_Stream2_IRQHandler
    startup_stm32f427xx.o(RESET) refers to stm32f4xx_it.o(i.DMA2_Stream4_IRQHandler) for DMA2_Stream4_IRQHandler
    startup_stm32f427xx.o(RESET) refers to stm32f4xx_it.o(i.CAN2_RX0_IRQHandler) for CAN2_RX0_IRQHandler
    startup_stm32f427xx.o(RESET) refers to stm32f4xx_it.o(i.USART6_IRQHandler) for USART6_IRQHandler
    startup_stm32f427xx.o(.text) refers to system_stm32f4xx.o(i.SystemInit) for SystemInit
    startup_stm32f427xx.o(.text) refers to entry.o(.ARM.Collect$$$$00000000) for __main
    pid.o(i.PID_struct_init) refers to pid.o(i.pid_param_init) for pid_param_init
    pid.o(i.PID_struct_init) refers to pid.o(i.pid_reset) for pid_reset
    pid.o(i.pid_calc) refers to pid.o(i.LPF_1st) for LPF_1st
    pid.o(i.pid_calc) refers to pid.o(i.ABS_limit) for ABS_limit
    systemstate.o(i.SystemState_Inite) refers to systemstate.o(.bss) for .bss
    chassis_task.o(i.Chassis_Contrl_Task) refers to cmsis_os.o(i.osDelay) for osDelay
    chassis_task.o(i.Chassis_Contrl_Task) refers to tasks.o(i.xTaskGetTickCount) for xTaskGetTickCount
    chassis_task.o(i.Chassis_Contrl_Task) refers to chassis_task.o(i.Chassis_pid_init) for Chassis_pid_init
    chassis_task.o(i.Chassis_Contrl_Task) refers to chassis_task.o(i.Absolute_angle_Conversion) for Absolute_angle_Conversion
    chassis_task.o(i.Chassis_Contrl_Task) refers to pid.o(i.pid_calc) for pid_calc
    chassis_task.o(i.Chassis_Contrl_Task) refers to mecanum_calc.o(i.motor_move_setvmmps) for motor_move_setvmmps
    chassis_task.o(i.Chassis_Contrl_Task) refers to can_use_moto.o(i.Chassis_Motor) for Chassis_Motor
    chassis_task.o(i.Chassis_Contrl_Task) refers to cmsis_os.o(i.osDelayUntil) for osDelayUntil
    chassis_task.o(i.Chassis_Contrl_Task) refers to arm_sin_cos_f32.o(.text) for arm_sin_cos_f32
    chassis_task.o(i.Chassis_Contrl_Task) refers to can_use_moto.o(i.Disable_Chassis_Motor) for Disable_Chassis_Motor
    chassis_task.o(i.Chassis_Contrl_Task) refers to chassis_task.o(.data) for .data
    chassis_task.o(i.Chassis_Contrl_Task) refers to can_use_moto.o(.bss) for yaw_get
    chassis_task.o(i.Chassis_Contrl_Task) refers to can_use_moto.o(.data) for chassis_gimble_Mode_flg
    chassis_task.o(i.Chassis_Contrl_Task) refers to chassis_task.o(.bss) for .bss
    chassis_task.o(i.Chassis_Contrl_Task) refers to can_use_moto.o(.bss) for moto_chassis_get
    chassis_task.o(i.Chassis_Contrl_Task) refers to can.o(.bss) for hcan2
    chassis_task.o(i.Chassis_pid_init) refers to pid.o(i.PID_struct_init) for PID_struct_init
    chassis_task.o(i.Chassis_pid_init) refers to chassis_task.o(.bss) for .bss
[...]
    i.ABS_limit                              0x080004b4   Section        0  pid.o(i.ABS_limit)
    i.ADC_Init                               0x080004e0   Section        0  stm32f4xx_hal_adc.o(i.ADC_Init)
    ADC_Init                                 0x080004e1   Thumb Code   284  stm32f4xx_hal_adc.o(i.ADC_Init)
    i.Absolute_angle_Conversion              0x08000608   Section        0  chassis_task.o(i.Absolute_angle_Conversion)
    i.BSP_Init                               0x08000648   Section        0  bsp.o(i.BSP_Init)
    i.BusFault_Handler                       0x080006a8   Section        0  stm32f4xx_it.o(i.BusFault_Handler)
    i.CAN1_RX0_IRQHandler                    0x080006ac   Section        0  stm32f4xx_it.o(i.CAN1_RX0_IRQHandler)
    i.CAN2_RX0_IRQHandler                    0x080006b8   Section        0  stm32f4xx_it.o(i.CAN2_RX0_IRQHandler)
    i.CAN_RX_YK                              0x080006c4   Section        0  can_use_moto.o(i.CAN_RX_YK)
    i.CAN_RX_YT                              0x080006ec   Section        0  can_use_moto.o(i.CAN_RX_YT)
    i.ChassisModeProcess                     0x0800070c   Section        0  data_pro_task.o(i.ChassisModeProcess)
    i.Chassis_Contrl_Task                    0x08000770   Section        0  chassis_task.o(i.Chassis_Contrl_Task)
    i.Chassis_Motor                          0x08000938   Section        0  can_use_moto.o(i.Chassis_Motor)
    i.Chassis_pid_init                       0x0800097c   Section        0  chassis_task.o(i.Chassis_pid_init)
    i.DMA1_Stream1_IRQHandler                0x08000a04   Section        0  stm32f4xx_it.o(i.DMA1_Stream1_IRQHandler)
    i.DMA1_Stream5_IRQHandler                0x08000a10   Section        0  stm32f4xx_it.o(i.DMA1_Stream5_IRQHandler)
    i.DMA2_Stream1_IRQHandler                0x08000a1c   Section        0  stm32f4xx_it.o(i.DMA2_Stream1_IRQHandler)
    i.DMA2_Stream2_IRQHandler                0x08000a28   Section        0  stm32f4xx_it.o(i.DMA2_Stream2_IRQHandler)
    i.DMA2_Stream4_IRQHandler                0x08000a34   Section        0  stm32f4xx_it.o(i.DMA2_Stream4_IRQHandler)
    i.DMA_CalcBaseAndBitshift                0x08000a40   Section        0  stm32f4xx_hal_dma.o(i.DMA_CalcBaseAndBitshift)
    DMA_CalcBaseAndBitshift                  0x08000a41   Thumb Code    34  stm32f4xx_hal_dma.o(i.DMA_CalcBaseAndBitshift)
    i.DMA_CheckFifoParam                     0x08000a68   Section        0  stm32f4xx_hal_dma.o(i.DMA_CheckFifoParam)
    DMA_CheckFifoParam                       0x08000a69   Thumb Code    84  stm32f4xx_hal_dma.o(i.DMA_CheckFifoParam)
    i.DebugMon_Handler                       0x08000abc   Section        0  stm32f4xx_it.o(i.DebugMon_Handler)
    i.Disable_Chassis_Motor                  0x08000ac0   Section        0  can_use_moto.o(i.Disable_Chassis_Motor)
    i.EXTI2_IRQHandler                       0x08000af8   Section        0  stm32f4xx_it.o(i.EXTI2_IRQHandler)
    i.EXTI4_IRQHandler                       0x08000afe   Section        0  stm32f4xx_it.o(i.EXTI4_IRQHandler)
    i.EXTI9_5_IRQHandler                     0x08000b04   Section        0  stm32f4xx_it.o(i.EXTI9_5_IRQHandler)
    i.Error_Handler                          0x08000b0a   Section        0  main.o(i.Error_Handler)
    i.HAL_ADC_ConfigChannel                  0x08000b0c   Section        0  stm32f4xx_hal_adc.o(i.HAL_ADC_ConfigChannel)
    i.HAL_ADC_Init                           0x08000c70   Section        0  stm32f4xx_hal_adc.o(i.HAL_ADC_Init)
    i.HAL_ADC_MspInit                        0x08000cc4   Section        0  adc.o(i.HAL_ADC_MspInit)
    i.HAL_CAN_ActivateNotification           0x08000d5c   Section        0  stm32f4xx_hal_can.o(i.HAL_CAN_ActivateNotification)
    i.HAL_CAN_AddTxMessage                   0x08000d80   Section        0  stm32f4xx_hal_can.o(i.HAL_CAN_AddTxMessage)
    i.HAL_CAN_ConfigFilter                   0x08000e48   Section        0  stm32f4xx_hal_can.o(i.HAL_CAN_ConfigFilter)
    i.HAL_CAN_ErrorCallback                  0x08000f54   Section        0  stm32f4xx_hal_can.o(i.HAL_CAN_ErrorCallback)
    i.HAL_CAN_GetRxMessage                   0x08000f56   Section        0  stm32f4xx_hal_can.o(i.HAL_CAN_GetRxMessage)
    i.HAL_CAN_IRQHandler                     0x0800103e   Section        0  stm32f4xx_hal_can.o(i.HAL_CAN_IRQHandler)
    i.HAL_CAN_Init                           0x0800123a   Section        0  stm32f4xx_hal_can.o(i.HAL_CAN_Init)
    i.HAL_CAN_MspInit                        0x08001354   Section        0  can.o(i.HAL_CAN_MspInit)
    i.HAL_CAN_RxFifo0FullCallback            0x08001450   Section        0  stm32f4xx_it.o(i.HAL_CAN_RxFifo0FullCallback)
    i.HAL_CAN_RxFifo0MsgPendingCallback      0x08001500   Section        0  stm32f4xx_hal_can.o(i.HAL_CAN_RxFifo0MsgPendingCallback)
    i.HAL_CAN_RxFifo1FullCallback            0x08001502   Section        0  stm32f4xx_hal_can.o(i.HAL_CAN_RxFifo1FullCallback)
    i.HAL_CAN_RxFifo1MsgPendingCallback      0x08001504   Section        0  stm32f4xx_hal_can.o(i.HAL_CAN_RxFifo1MsgPendingCallback)
    i.HAL_CAN_SleepCallback                  0x08001506   Section        0  stm32f4xx_hal_can.o(i.HAL_CAN_SleepCallback)
    i.HAL_CAN_Start                          0x08001508   Section        0  stm32f4xx_hal_can.o(i.HAL_CAN_Start)
    i.HAL_CAN_TxMailbox0AbortCallback        0x08001560   Section        0  stm32f4xx_hal_can.o(i.HAL_CAN_TxMailbox0AbortCallback)
    i.HAL_CAN_TxMailbox0CompleteCallback     0x08001562   Section        0  stm32f4xx_hal_can.o(i.HAL_CAN_TxMailbox0CompleteCallback)
    i.HAL_CAN_TxMailbox1AbortCallback        0x08001564   Section        0  stm32f4xx_hal_can.o(i.HAL_CAN_TxMailbox1AbortCallback)
    i.HAL_CAN_TxMailbox1CompleteCallback     0x08001566   Section        0  stm32f4xx_hal_can.o(i.HAL_CAN_TxMailbox1CompleteCallback)
    i.HAL_CAN_TxMailbox2AbortCallback        0x08001568   Section        0  stm32f4xx_hal_can.o(i.HAL_CAN_TxMailbox2AbortCallback)
    i.HAL_CAN_TxMailbox2CompleteCallback     0x0800156a   Section        0  stm32f4xx_hal_can.o(i.HAL_CAN_TxMailbox2CompleteCallback)
    i.HAL_CAN_WakeUpFromRxMsgCallback        0x0800156c   Section        0  stm32f4xx_hal_can.o(i.HAL_CAN_WakeUpFromRxMsgCallback)
    i.HAL_DMA_Abort_IT                       0x0800156e   Section        0  stm32f4xx_hal_dma.o(i.HAL_DMA_Abort_IT)
    i.HAL_DMA_IRQHandler                     0x08001594   Section        0  stm32f4xx_hal_dma.o(i.HAL_DMA_IRQHandler)
    i.HAL_DMA_Init                           0x08001734   Section        0  stm32f4xx_hal_dma.o(i.HAL_DMA_Init)
    i.HAL_GPIO_EXTI_Callback                 0x08001808   Section        0  stm32f4xx_hal_gpio.o(i.HAL_GPIO_EXTI_Callback)
    i.HAL_GPIO_EXTI_IRQHandler               0x0800180c   Section        0  stm32f4xx_hal_gpio.o(i.HAL_GPIO_EXTI_IRQHandler)
    i.HAL_GPIO_Init                          0x08001824   Section        0  stm32f4xx_hal_gpio.o(i.HAL_GPIO_Init)
    i.HAL_GPIO_WritePin                      0x080019f0   Section        0  stm32f4xx_hal_gpio.o(i.HAL_GPIO_WritePin)
    i.HAL_GetTick                            0x080019fc   Section        0  stm32f4xx_hal.o(i.HAL_GetTick)
    i.HAL_IncTick                            0x08001a08   Section        0  stm32f4xx_hal.o(i.HAL_IncTick)
    i.HAL_Init                               0x08001a18   Section        0  stm32f4xx_hal.o(i.HAL_Init)
    i.HAL_InitTick                           0x08001a4c   Section        0  stm32f4xx_hal.o(i.HAL_InitTick)
    i.HAL_MspInit                            0x08001a8c   Section        0  stm32f4xx_hal_msp.o(i.HAL_MspInit)
    i.HAL_NVIC_EnableIRQ                     0x08001ac4   Section        0  stm32f4xx_hal_cortex.o(i.HAL_NVIC_EnableIRQ)
    i.HAL_NVIC_SetPriority                   0x08001ae0   Section        0  stm32f4xx_hal_cortex.o(i.HAL_NVIC_SetPriority)
    i.HAL_NVIC_SetPriorityGrouping           0x08001b20   Section        0  stm32f4xx_hal_cortex.o(i.HAL_NVIC_SetPriorityGrouping)
    i.HAL_RCC_ClockConfig                    0x08001b44   Section        0  stm32f4xx_hal_rcc.o(i.HAL_RCC_ClockConfig)
    i.HAL_RCC_GetPCLK1Freq                   0x08001c74   Section        0  stm32f4xx_hal_rcc.o(i.HAL_RCC_GetPCLK1Freq)
    i.HAL_RCC_GetPCLK2Freq                   0x08001c94   Section        0  stm32f4xx_hal_rcc.o(i.HAL_RCC_GetPCLK2Freq)
    i.HAL_RCC_GetSysClockFreq                0x08001cb4   Section        0  stm32f4xx_hal_rcc.o(i.HAL_RCC_GetSysClockFreq)
    i.HAL_RCC_OscConfig                      0x08001d18   Section        0  stm32f4xx_hal_rcc.o(i.HAL_RCC_OscConfig)
    i.HAL_SPI_Init                           0x08002034   Section        0  stm32f4xx_hal_spi.o(i.HAL_SPI_Init)
    i.HAL_SPI_MspInit                        0x080020b4   Section        0  spi.o(i.HAL_SPI_MspInit)
    i.HAL_SYSTICK_Config                     0x08002120   Section        0  stm32f4xx_hal_cortex.o(i.HAL_SYSTICK_Config)
    i.HAL_TIMEx_BreakCallback                0x08002148   Section        0  stm32f4xx_hal_tim_ex.o(i.HAL_TIMEx_BreakCallback)
    i.HAL_TIMEx_CommutCallback               0x0800214a   Section        0  stm32f4xx_hal_tim_ex.o(i.HAL_TIMEx_CommutCallback)
    i.HAL_TIMEx_MasterConfigSynchronization  0x0800214c   Section        0  stm32f4xx_hal_tim_ex.o(i.HAL_TIMEx_MasterConfigSynchronization)
    i.HAL_TIM_Base_Init                      0x0800218e   Section        0  stm32f4xx_hal_tim.o(i.HAL_TIM_Base_Init)
    i.HAL_TIM_Base_MspInit                   0x080021c4   Section        0  tim.o(i.HAL_TIM_Base_MspInit)
    i.HAL_TIM_ConfigClockSource              0x08002240   Section        0  stm32f4xx_hal_tim.o(i.HAL_TIM_ConfigClockSource)
    i.HAL_TIM_IC_CaptureCallback             0x08002316   Section        0  stm32f4xx_hal_tim.o(i.HAL_TIM_IC_CaptureCallback)
    i.HAL_TIM_IRQHandler                     0x08002318   Section        0  stm32f4xx_hal_tim.o(i.HAL_TIM_IRQHandler)
    i.HAL_TIM_OC_DelayElapsedCallback        0x0800247e   Section        0  stm32f4xx_hal_tim.o(i.HAL_TIM_OC_DelayElapsedCallback)
    i.HAL_TIM_PWM_PulseFinishedCallback      0x08002480   Section        0  stm32f4xx_hal_tim.o(i.HAL_TIM_PWM_PulseFinishedCallback)
    i.HAL_TIM_PeriodElapsedCallback          0x08002482   Section        0  stm32f4xx_hal_tim.o(i.HAL_TIM_PeriodElapsedCallback)
    i.HAL_TIM_TriggerCallback                0x08002484   Section        0  stm32f4xx_hal_tim.o(i.HAL_TIM_TriggerCallback)
    i.HAL_UART_ErrorCallback                 0x08002486   Section        0  stm32f4xx_hal_uart.o(i.HAL_UART_ErrorCallback)
    i.HAL_UART_IRQHandler                    0x08002488   Section        0  stm32f4xx_hal_uart.o(i.HAL_UART_IRQHandler)
    i.HAL_UART_Init                          0x08002598   Section        0  stm32f4xx_hal_uart.o(i.HAL_UART_Init)
    i.HAL_UART_MspInit                       0x080025fc   Section        0  usart.o(i.HAL_UART_MspInit)
    i.HAL_UART_RxCpltCallback                0x08002890   Section        0  stm32f4xx_hal_uart.o(i.HAL_UART_RxCpltCallback)
    i.HAL_UART_TxCpltCallback                0x08002892   Section        0  stm32f4xx_hal_uart.o(i.HAL_UART_TxCpltCallback)
    i.HAlCANFilter1                          0x08002894   Section        0  can.o(i.HAlCANFilter1)
    i.HAlCANFilter2                          0x080028c4   Section        0  can.o(i.HAlCANFilter2)
    i.HardFault_Handler                      0x080028f4   Section        0  stm32f4xx_it.o(i.HardFault_Handler)
    i.LPF_1st                                0x080028f6   Section        0  pid.o(i.LPF_1st)
    i.MX_ADC1_Init                           0x08002908   Section        0  adc.o(i.MX_ADC1_Init)
    i.MX_CAN1_Init                           0x0800296c   Section        0  can.o(i.MX_CAN1_Init)
    i.MX_CAN2_Init                           0x080029b4   Section        0  can.o(i.MX_CAN2_Init)
    i.MX_DMA_Init                            0x080029fc   Section        0  dma.o(i.MX_DMA_Init)
    i.MX_FREERTOS_Init                       0x08002a78   Section        0  freertos.o(i.MX_FREERTOS_Init)
    i.MX_GPIO_Init                           0x08002acc   Section        0  gpio.o(i.MX_GPIO_Init)
    i.MX_SPI5_Init                           0x08002c98   Section        0  spi.o(i.MX_SPI5_Init)
    i.MX_TIM3_Init                           0x08002ce0   Section        0  tim.o(i.MX_TIM3_Init)
    i.MX_TIM5_Init                           0x08002d48   Section        0  tim.o(i.MX_TIM5_Init)
    i.MX_TIM6_Init                           0x08002da8   Section        0  tim.o(i.MX_TIM6_Init)
    i.MX_USART1_UART_Init                    0x08002df0   Section        0  usart.o(i.MX_USART1_UART_Init)
    i.MX_USART2_UART_Init                    0x08002e2c   Section        0  usart.o(i.MX_USART2_UART_Init)
    i.MX_USART3_UART_Init                    0x08002e64   Section        0  usart.o(i.MX_USART3_UART_Init)
    i.MX_USART6_UART_Init                    0x08002e9c   Section        0  usart.o(i.MX_USART6_UART_Init)
    i.MemManage_Handler                      0x08002ed4   Section        0  stm32f4xx_it.o(i.MemManage_Handler)
    i.MouseKeyControlProcess                 0x08002ed8   Section        0  data_pro_task.o(i.MouseKeyControlProcess)
    i.NMI_Handler                            0x080030dc   Section        0  stm32f4xx_it.o(i.NMI_Handler)
    i.PID_struct_init                        0x080030e0   Section        0  pid.o(i.PID_struct_init)
    i.Remote_Data_Task                       0x080030f8   Section        0  data_pro_task.o(i.Remote_Data_Task)
    i.StartDefaultTask                       0x08003128   Section        0  freertos.o(i.StartDefaultTask)
    i.SysTick_Handler                        0x08003130   Section        0  stm32f4xx_it.o(i.SysTick_Handler)
    i.SystemClock_Config                     0x08003148   Section        0  main.o(i.SystemClock_Config)
    i.SystemInit                             0x080031d0   Section        0  system_stm32f4xx.o(i.SystemInit)
    i.TIM3_IRQHandler                        0x08003224   Section        0  stm32f4xx_it.o(i.TIM3_IRQHandler)
    i.TIM6_DAC_IRQHandler                    0x08003230   Section        0  stm32f4xx_it.o(i.TIM6_DAC_IRQHandler)
    i.TIM_Base_SetConfig                     0x0800323c   Section        0  stm32f4xx_hal_tim.o(i.TIM_Base_SetConfig)
    i.TIM_ETR_SetConfig                      0x08003304   Section        0  stm32f4xx_hal_tim.o(i.TIM_ETR_SetConfig)
    i.TIM_ITRx_SetConfig                     0x08003318   Section        0  stm32f4xx_hal_tim.o(i.TIM_ITRx_SetConfig)
    TIM_ITRx_SetConfig                       0x08003319   Thumb Code    16  stm32f4xx_hal_tim.o(i.TIM_ITRx_SetConfig)
    i.TIM_TI1_ConfigInputStage               0x08003328   Section        0  stm32f4xx_hal_tim.o(i.TIM_TI1_ConfigInputStage)
    TIM_TI1_ConfigInputStage                 0x08003329   Thumb Code    34  stm32f4xx_hal_tim.o(i.TIM_TI1_ConfigInputStage)
    i.TIM_TI2_ConfigInputStage               0x0800334a   Section        0  stm32f4xx_hal_tim.o(i.TIM_TI2_ConfigInputStage)
    TIM_TI2_ConfigInputStage                 0x0800334b   Thumb Code    36  stm32f4xx_hal_tim.o(i.TIM_TI2_ConfigInputStage)
    i.UART_DMAAbortOnError                   0x0800336e   Section        0  stm32f4xx_hal_uart.o(i.UART_DMAAbortOnError)
    UART_DMAAbortOnError                     0x0800336f   Thumb Code    16  stm32f4xx_hal_uart.o(i.UART_DMAAbortOnError)
    i.UART_EndRxTransfer                     0x0800337e   Section        0  stm32f4xx_hal_uart.o(i.UART_EndRxTransfer)
    UART_EndRxTransfer                       0x0800337f   Thumb Code    28  stm32f4xx_hal_uart.o(i.UART_EndRxTransfer)
    i.UART_Receive_IT                        0x0800339a   Section        0  stm32f4xx_hal_uart.o(i.UART_Receive_IT)
    UART_Receive_IT                          0x0800339b   Thumb Code   150  stm32f4xx_hal_uart.o(i.UART_Receive_IT)
    i.UART_SetConfig                         0x08003430   Section        0  stm32f4xx_hal_uart.o(i.UART_SetConfig)
    UART_SetConfig                           0x08003431   Thumb Code   676  stm32f4xx_hal_uart.o(i.UART_SetConfig)
    i.UART_Transmit_IT                       0x080036dc   Section        0  stm32f4xx_hal_uart.o(i.UART_Transmit_IT)
    UART_Transmit_IT                         0x080036dd   Thumb Code    98  stm32f4xx_hal_uart.o(i.UART_Transmit_IT)
    i.USART1_IRQHandler                      0x08003740   Section        0  stm32f4xx_it.o(i.USART1_IRQHandler)
    i.USART2_IRQHandler                      0x0800382c   Section        0  stm32f4xx_it.o(i.USART2_IRQHandler)
    i.USART6_IRQHandler                      0x08003838   Section        0  stm32f4xx_it.o(i.USART6_IRQHandler)
    i.UsageFault_Handler                     0x08003844   Section        0  stm32f4xx_it.o(i.UsageFault_Handler)
    i.__NVIC_SetPriority                     0x08003846   Section        0  stm32f4xx_hal_cortex.o(i.__NVIC_SetPriority)
    __NVIC_SetPriority                       0x08003847   Thumb Code    32  stm32f4xx_hal_cortex.o(i.__NVIC_SetPriority)
    i.__scatterload_copy                     0x08003866   Section       14  handlers.o(i.__scatterload_copy)
    i.__scatterload_null                     0x08003874   Section        2  handlers.o(i.__scatterload_null)
    i.__scatterload_zeroinit                 0x08003876   Section       14  handlers.o(i.__scatterload_zeroinit)
    i.get_moto_measure_3508                  0x08003884   Section        0  can_use_moto.o(i.get_moto_measure_3508)
    i.get_moto_offset                        0x080038c4   Section        0  can_use_moto.o(i.get_moto_offset)
    i.main                                   0x080038ce   Section        0  main.o(i.main)
    i.makeFreeRtosPriority                   0x08003918   Section        0  cmsis_os.o(i.makeFreeRtosPriority)
    makeFreeRtosPriority                     0x08003919   Thumb Code    12  cmsis_os.o(i.makeFreeRtosPriority)
    i.motor_move_setvmmps                    0x08003924   Section        0  mecanum_calc.o(i.motor_move_setvmmps)
    i.osDelay                                0x0800394e   Section        0  cmsis_os.o(i.osDelay)
    i.osDelayUntil                           0x0800395c   Section        0  cmsis_os.o(i.osDelayUntil)
    i.osKernelStart                          0x0800396a   Section        0  cmsis_os.o(i.osKernelStart)
    i.osThreadCreate                         0x08003974   Section        0  cmsis_os.o(i.osThreadCreate)
    i.pid_calc                               0x080039c8   Section        0  pid.o(i.pid_calc)
    i.pid_param_init                         0x08003ba4   Section        0  pid.o(i.pid_param_init)
    pid_param_init                           0x08003ba5   Thumb Code    14  pid.o(i.pid_param_init)
    i.pid_reset                              0x08003bb2   Section        0  pid.o(i.pid_reset)
    pid_reset                                0x08003bb3   Thumb Code     6  pid.o(i.pid_reset)
    i.prvAddCurrentTaskToDelayedList         0x08003bb8   Section        0  tasks.o(i.prvAddCurrentTaskToDelayedList)
    prvAddCurrentTaskToDelayedList           0x08003bb9   Thumb Code   102  tasks.o(i.prvAddCurrentTaskToDelayedList)
    i.prvAddNewTaskToReadyList               0x08003c28   Section        0  tasks.o(i.prvAddNewTaskToReadyList)
    prvAddNewTaskToReadyList                 0x08003c29   Thumb Code   194  tasks.o(i.prvAddNewTaskToReadyList)
    i.prvDeleteTCB                           0x08003cf8   Section        0  tasks.o(i.prvDeleteTCB)
    prvDeleteTCB                             0x08003cf9   Thumb Code    52  tasks.o(i.prvDeleteTCB)
    i.prvHeapInit                            0x08003d2c   Section        0  heap_4.o(i.prvHeapInit)
    prvHeapInit                              0x08003d2d   Thumb Code    66  heap_4.o(i.prvHeapInit)
    i.prvIdleTask                            0x08003d78   Section        0  tasks.o(i.prvIdleTask)
    prvIdleTask                              0x08003d79   Thumb Code    82  tasks.o(i.prvIdleTask)
    i.prvInitialiseNewTask                   0x08003dd8   Section        0  tasks.o(i.prvInitialiseNewTask)
    prvInitialiseNewTask                     0x08003dd9   Thumb Code   142  tasks.o(i.prvInitialiseNewTask)
    i.prvInsertBlockIntoFreeList             0x08003e68   Section        0  heap_4.o(i.prvInsertBlockIntoFreeList)
    prvInsertBlockIntoFreeList               0x08003e69   Thumb Code    72  heap_4.o(i.prvInsertBlockIntoFreeList)
    i.prvResetNextTaskUnblockTime            0x08003eb4   Section        0  tasks.o(i.prvResetNextTaskUnblockTime)
    prvResetNextTaskUnblockTime              0x08003eb5   Thumb Code    26  tasks.o(i.prvResetNextTaskUnblockTime)
    i.prvTaskExitError                       0x08003ed4   Section        0  port.o(i.prvTaskExitError)
    prvTaskExitError                         0x08003ed5   Thumb Code    36  port.o(i.prvTaskExitError)
    i.pvPortMalloc                           0x08003efc   Section        0  heap_4.o(i.pvPortMalloc)
    i.pxPortInitialiseStack                  0x08003fd4   Section        0  port.o(i.pxPortInitialiseStack)
    i.uxListRemove                           0x08004000   Section        0  list.o(i.uxListRemove)
    i.vApplicationGetIdleTaskMemory          0x08004028   Section        0  freertos.o(i.vApplicationGetIdleTaskMemory)
    i.vListInitialise                        0x0800403c   Section        0  list.o(i.vListInitialise)
    i.vListInitialiseItem                    0x08004052   Section        0  list.o(i.vListInitialiseItem)
    i.vListInsert                            0x08004058   Section        0  list.o(i.vListInsert)
    i.vListInsertEnd                         0x08004088   Section        0  list.o(i.vListInsertEnd)
    i.vPortEnterCritical                     0x080040a0   Section        0  port.o(i.vPortEnterCritical)
    i.vPortExitCritical                      0x080040e0   Section        0  port.o(i.vPortExitCritical)
    i.vPortFree                              0x08004108   Section        0  heap_4.o(i.vPortFree)
    i.vPortSetupTimerInterrupt               0x08004164   Section        0  port.o(i.vPortSetupTimerInterrupt)
    i.vTaskDelay                             0x08004188   Section        0  tasks.o(i.vTaskDelay)
    i.vTaskDelayUntil                        0x080041d4   Section        0  tasks.o(i.vTaskDelayUntil)
    i.vTaskStartScheduler                    0x08004260   Section        0  tasks.o(i.vTaskStartScheduler)
    i.vTaskSuspendAll                        0x080042cc   Section        0  tasks.o(i.vTaskSuspendAll)
    i.vTaskSwitchContext                     0x080042dc   Section        0  tasks.o(i.vTaskSwitchContext)
    i.xPortStartScheduler                    0x08004338   Section        0  port.o(i.xPortStartScheduler)
    i.xPortSysTickHandler                    0x0800442c   Section        0  port.o(i.xPortSysTickHandler)
    i.xTaskCreate                            0x08004458   Section        0  tasks.o(i.xTaskCreate)
    i.xTaskCreateStatic                      0x080044b2   Section        0  tasks.o(i.xTaskCreateStatic)
    i.xTaskGetSchedulerState                 0x08004508   Section        0  tasks.o(i.xTaskGetSchedulerState)
    i.xTaskGetTickCount                      0x08004524   Section        0  tasks.o(i.xTaskGetTickCount)
    i.xTaskIncrementTick                     0x08004530   Section        0  tasks.o(i.xTaskIncrementTick)
    i.xTaskResumeAll                         0x080045f8   Section        0  tasks.o(i.xTaskResumeAll)
    .constdata                               0x080046bc   Section       84  freertos.o(.constdata)
    .constdata                               0x08004710   Section        8  stm32f4xx_hal_dma.o(.constdata)
    flagBitshiftOffset                       0x08004710   Data           8  stm32f4xx_hal_dma.o(.constdata)
    .constdata                               0x08004718   Section       16  system_stm32f4xx.o(.constdata)
    .constdata                               0x08004728   Section        8  system_stm32f4xx.o(.constdata)
    .constdata                               0x08004730   Section     2052  arm_common_tables.o(.constdata)
    .conststring                             0x08004f34   Section       40  freertos.o(.conststring)
    .data                                    0x20000000   Section       16  chassis_task.o(.data)
    Speed_X                                  0x20000002   Data           2  chassis_task.o(.data)
    Speed_Y                                  0x20000004   Data           2  chassis_task.o(.data)
    Angle_gap                                0x20000008   Data           4  chassis_task.o(.data)
    absolute_angle_degree                    0x2000000c   Data           4  chassis_task.o(.data)
    .data                                    0x20000010   Section        8  data_pro_task.o(.data)
    .data                                    0x20000018   Section       20  can_use_moto.o(.data)
    .data                                    0x2000002c   Section        8  can_use_moto.o(.data)
    .data                                    0x20000034   Section        4  can.o(.data)
    HAL_RCC_CAN1_CLK_ENABLED                 0x20000034   Data           4  can.o(.data)
    .data                                    0x20000038   Section        8  freertos.o(.data)
    .data                                    0x20000040   Section        1  stm32f4xx_it.o(.data)
    i                                        0x20000040   Data           1  stm32f4xx_it.o(.data)
    .data                                    0x20000044   Section       12  stm32f4xx_hal.o(.data)
    .data                                    0x20000050   Section        4  system_stm32f4xx.o(.data)
    .data                                    0x20000054   Section       60  tasks.o(.data)
    pxDelayedTaskList                        0x20000058   Data           4  tasks.o(.data)
    pxOverflowDelayedTaskList                0x2000005c   Data           4  tasks.o(.data)
    uxDeletedTasksWaitingCleanUp             0x20000060   Data           4  tasks.o(.data)
    uxCurrentNumberOfTasks                   0x20000064   Data           4  tasks.o(.data)
    xTickCount                               0x20000068   Data           4  tasks.o(.data)
    uxTopReadyPriority                       0x2000006c   Data           4  tasks.o(.data)
    xSchedulerRunning                        0x20000070   Data           4  tasks.o(.data)
    uxPendedTicks                            0x20000074   Data           4  tasks.o(.data)
    xYieldPending                            0x20000078   Data           4  tasks.o(.data)
    xNumOfOverflows                          0x2000007c   Data           4  tasks.o(.data)
    uxTaskNumber                             0x20000080   Data           4  tasks.o(.data)
    xNextTaskUnblockTime                     0x20000084   Data           4  tasks.o(.data)
    xIdleTaskHandle                          0x20000088   Data           4  tasks.o(.data)
    uxSchedulerSuspended                     0x2000008c   Data           4  tasks.o(.data)
    .data                                    0x20000090   Section       24  heap_4.o(.data)
    pxEnd                                    0x20000090   Data           4  heap_4.o(.data)
    xFreeBytesRemaining                      0x20000094   Data           4  heap_4.o(.data)
    xMinimumEverFreeBytesRemaining           0x20000098   Data           4  heap_4.o(.data)
    xBlockAllocatedBit                       0x2000009c   Data           4  heap_4.o(.data)
    xStart                                   0x200000a0   Data           8  heap_4.o(.data)
    .data                                    0x200000a8   Section       12  port.o(.data)
    ucMaxSysCallPriority                     0x200000a8   Data           1  port.o(.data)
    uxCriticalNesting                        0x200000ac   Data           4  port.o(.data)
    ulMaxPRIGROUPValue                       0x200000b0   Data           4  port.o(.data)
    .bss                                     0x200000b4   Section      800  chassis_task.o(.bss)
    wheel                                    0x200001b4   Data          16  chassis_task.o(.bss)
    .bss                                     0x200003d4   Section       52  remote.o(.bss)
    .bss                                     0x20000408   Section      240  can_use_moto.o(.bss)
    .bss                                     0x200004f8   Section       28  can_use_moto.o(.bss)
    .bss                                     0x20000514   Section      144  can_use_moto.o(.bss)
    Cloud_Platform_Data                      0x20000514   Data          24  can_use_moto.o(.bss)
    .bss                                     0x200005a4   Section      168  adc.o(.bss)
    .bss                                     0x2000064c   Section       80  can.o(.bss)
    .bss                                     0x2000069c   Section      596  freertos.o(.bss)
    xIdleTaskTCBBuffer                       0x2000069c   Data          84  freertos.o(.bss)
    xIdleStack                               0x200006f0   Data         512  freertos.o(.bss)
    .bss                                     0x200008f0   Section       88  spi.o(.bss)
    .bss                                     0x20000948   Section      192  tim.o(.bss)
    .bss                                     0x20000a08   Section      640  usart.o(.bss)
    .bss                                     0x20000c88   Section      240  tasks.o(.bss)
    pxReadyTasksLists                        0x20000c88   Data         140  tasks.o(.bss)
    xDelayedTaskList1                        0x20000d14   Data          20  tasks.o(.bss)
    xDelayedTaskList2                        0x20000d28   Data          20  tasks.o(.bss)
    xPendingReadyList                        0x20000d3c   Data          20  tasks.o(.bss)
    xTasksWaitingTermination                 0x20000d50   Data          20  tasks.o(.bss)
    xSuspendedTaskList                       0x20000d64   Data          20  tasks.o(.bss)
    .bss                                     0x20000d78   Section    15360  heap_4.o(.bss)
    ucHeap                                   0x20000d78   Data       15360  heap_4.o(.bss)
    STACK                                    0x20004978   Section     1024  startup_stm32f427xx.o(STACK)

    Global Symbols

    Symbol Name                              Value     Ov Type        Size  Object(Section)

    BuildAttributes$$THM_ISAv4$E$P$D$K$B$S$7EM$VFPi3$EXTD16$VFPS$VFMA$PE$A:L22UL41UL21$X:L11$S22US41US21$IEEE1$IW$USESV6$~STKCKD$USESV7$~SHL$OTIME$IEEEX$EBA8$MICROLIB$REQ8$PRES8$EABIv2 0x00000000   Number         0  anon$$obj.o ABSOLUTE
    __ARM_use_no_argv                        0x00000000   Number         0  main.o ABSOLUTE
    __cpp_initialize__aeabi_                  - Undefined Weak Reference
    __cxa_finalize                            - Undefined Weak Reference
    __decompress                              - Undefined Weak Reference
    _clock_init                               - Undefined Weak Reference
    _microlib_exit                            - Undefined Weak Reference
    __Vectors_Size                           0x000001ac   Number         0  startup_stm32f427xx.o ABSOLUTE
    __Vectors                                0x08000000   Data           4  startup_stm32f427xx.o(RESET)
    __Vectors_End                            0x080001ac   Data           0  startup_stm32f427xx.o(RESET)
    __main                                   0x080001ad   Thumb Code     0  entry.o(.ARM.Collect$$$$00000000)
    _main_stk                                0x080001ad   Thumb Code     0  entry2.o(.ARM.Collect$$$$00000001)
    _main_scatterload                        0x080001b1   Thumb Code     0  entry5.o(.ARM.Collect$$$$00000004)
    __main_after_scatterload                 0x080001b5   Thumb Code     0  entry5.o(.ARM.Collect$$$$00000004)
    _main_clock                              0x080001b5   Thumb Code     0  entry7b.o(.ARM.Collect$$$$00000008)
    _main_cpp_init                           0x080001b5   Thumb Code     0  entry8b.o(.ARM.Collect$$$$0000000A)
    _main_init                               0x080001b5   Thumb Code     0  entry9a.o(.ARM.Collect$$$$0000000B)
    __rt_final_cpp                           0x080001bd   Thumb Code     0  entry10a.o(.ARM.Collect$$$$0000000D)
    __rt_final_exit                          0x080001bd   Thumb Code     0  entry11a.o(.ARM.Collect$$$$0000000F)
    SVC_Handler                              0x080001c1   Thumb Code    28  port.o(.emb_text)
    __asm___6_port_c_39a90d8d__prvStartFirstTask 0x080001e1   Thumb Code    36  port.o(.emb_text)
    __asm___6_port_c_39a90d8d__prvEnableVFP  0x08000209   Thumb Code    16  port.o(.emb_text)
    PendSV_Handler                           0x0800021d   Thumb Code    88  port.o(.emb_text)
    vPortGetIPSR                             0x08000279   Thumb Code     6  port.o(.emb_text)
    Reset_Handler                            0x08000281   Thumb Code     8  startup_stm32f427xx.o(.text)
    ADC_IRQHandler                           0x0800029b   Thumb Code     0  startup_stm32f427xx.o(.text)
    CAN1_RX1_IRQHandler                      0x0800029b   Thumb Code     0  startup_stm32f427xx.o(.text)
    CAN1_SCE_IRQHandler                      0x0800029b   Thumb Code     0  startup_stm32f427xx.o(.text)
    CAN1_TX_IRQHandler                       0x0800029b   Thumb Code     0  startup_stm32f427xx.o(.text)
    CAN2_RX1_IRQHandler                      0x0800029b   Thumb Code     0  startup_stm32f427xx.o(.text)
    CAN2_SCE_IRQHandler                      0x0800029b   Thumb Code     0  startup_stm32f427xx.o(.text)
    CAN2_TX_IRQHandler                       0x0800029b   Thumb Code     0  startup_stm32f427xx.o(.text)
    DCMI_IRQHandler                          0x0800029b   Thumb Code     0  startup_stm32f427xx.o(.text)
    DMA1_Stream0_IRQHandler                  0x0800029b   Thumb Code     0  startup_stm32f427xx.o(.text)
    DMA1_Stream2_IRQHandler                  0x0800029b   Thumb Code     0  startup_stm32f427xx.o(.text)
    DMA1_Stream3_IRQHandler                  0x0800029b   Thumb Code     0  startup_stm32f427xx.o(.text)
    DMA1_Stream4_IRQHandler                  0x0800029b   Thumb Code     0  startup_stm32f427xx.o(.text)
    DMA1_Stream6_IRQHandler                  0x0800029b   Thumb Code     0  startup_stm32f427xx.o(.text)
    DMA1_Stream7_IRQHandler                  0x0800029b   Thumb Code     0  startup_stm32f427xx.o(.text)
    DMA2D_IRQHandler                         0x0800029b   Thumb Code     0  startup_stm32f427xx.o(.text)
    DMA2_Stream0_IRQHandler                  0x0800029b   Thumb Code     0  startup_stm32f427xx.o(.text)
    DMA2_Stream3_IRQHandler                  0x0800029b   Thumb Code     0  startup_stm32f427xx.o(.text)
    DMA2_Stream5_IRQHandler                  0x0800029b   Thumb Code     0  startup_stm32f427xx.o(.text)
    DMA2_Stream6_IRQHandler                  0x0800029b   Thumb Code     0  startup_stm32f427xx.o(.text)
    DMA2_Stream7_IRQHandler                  0x0800029b   Thumb Code     0  startup_stm32f427xx.o(.text)
    ETH_IRQHandler                           0x0800029b   Thumb Code     0  startup_stm32f427xx.o(.text)
    ETH_WKUP_IRQHandler                      0x0800029b   Thumb Code     0  startup_stm32f427xx.o(.text)
    EXTI0_IRQHandler                         0x0800029b   Thumb Code     0  startup_stm32f427xx.o(.text)
    EXTI15_10_IRQHandler                     0x0800029b   Thumb Code     0  startup_stm32f427xx.o(.text)
    EXTI1_IRQHandler                         0x0800029b   Thumb Code     0  startup_stm32f427xx.o(.text)
    EXTI3_IRQHandler                         0x0800029b   Thumb Code     0  startup_stm32f427xx.o(.text)
    FLASH_IRQHandler                         0x0800029b   Thumb Code     0  startup_stm32f427xx.o(.text)
    FMC_IRQHandler                           0x0800029b   Thumb Code     0  startup_stm32f427xx.o(.text)
    FPU_IRQHandler                           0x0800029b   Thumb Code     0  startup_stm32f427xx.o(.text)
    HASH_RNG_IRQHandler                      0x0800029b   Thumb Code     0  startup_stm32f427xx.o(.text)
    I2C1_ER_IRQHandler                       0x0800029b   Thumb Code     0  startup_stm32f427xx.o(.text)
    I2C1_EV_IRQHandler                       0x0800029b   Thumb Code     0  startup_stm32f427xx.o(.text)
    I2C2_ER_IRQHandler                       0x0800029b   Thumb Code     0  startup_stm32f427xx.o(.text)
    I2C2_EV_IRQHandler                       0x0800029b   Thumb Code     0  startup_stm32f427xx.o(.text)
    I2C3_ER_IRQHandler                       0x0800029b   Thumb Code     0  startup_stm32f427xx.o(.text)
    I2C3_EV_IRQHandler                       0x0800029b   Thumb Code     0  startup_stm32f427xx.o(.text)
    OTG_FS_IRQHandler                        0x0800029b   Thumb Code     0  startup_stm32f427xx.o(.text)
    OTG_FS_WKUP_IRQHandler                   0x0800029b   Thumb Code     0  startup_stm32f427xx.o(.text)
    OTG_HS_EP1_IN_IRQHandler                 0x0800029b   Thumb Code     0  startup_stm32f427xx.o(.text)
    OTG_HS_EP1_OUT_IRQHandler                0x0800029b   Thumb Code     0  startup_stm32f427xx.o(.text)
    OTG_HS_IRQHandler                        0x0800029b   Thumb Code     0  startup_stm32f427xx.o(.text)
    OTG_HS_WKUP_IRQHandler                   0x0800029b   Thumb Code     0  startup_stm32f427xx.o(.text)
    PVD_IRQHandler                           0x0800029b   Thumb Code     0  startup_stm32f427xx.o(.text)
    RCC_IRQHandler                           0x0800029b   Thumb Code     0  startup_stm32f427xx.o(.text)
    RTC_Alarm_IRQHandler                     0x0800029b   Thumb Code     0  startup_stm32f427xx.o(.text)
    RTC_WKUP_IRQHandler                      0x0800029b   Thumb Code     0  startup_stm32f427xx.o(.text)
    SAI1_IRQHandler                          0x0800029b   Thumb Code     0  startup_stm32f427xx.o(.text)
    SDIO_IRQHandler                          0x0800029b   Thumb Code     0  startup_stm32f427xx.o(.text)
    SPI1_IRQHandler                          0x0800029b   Thumb Code     0  startup_stm32f427xx.o(.text)
    SPI2_IRQHandler                          0x0800029b   Thumb Code     0  startup_stm32f427xx.o(.text)
    SPI3_IRQHandler                          0x0800029b   Thumb Code     0  startup_stm32f427xx.o(.text)
    SPI4_IRQHandler                          0x0800029b   Thumb Code     0  startup_stm32f427xx.o(.text)
    SPI5_IRQHandler                          0x0800029b   Thumb Code     0  startup_stm32f427xx.o(.text)
    SPI6_IRQHandler                          0x0800029b   Thumb Code     0  startup_stm32f427xx.o(.text)
    TAMP_STAMP_IRQHandler                    0x0800029b   Thumb Code     0  startup_stm32f427xx.o(.text)
    TIM1_BRK_TIM9_IRQHandler                 0x0800029b   Thumb Code     0  startup_stm32f427xx.o(.text)
    TIM1_CC_IRQHandler                       0x0800029b   Thumb Code     0  startup_stm32f427xx.o(.text)
    TIM1_TRG_COM_TIM11_IRQHandler            0x0800029b   Thumb Code     0  startup_stm32f427xx.o(.text)
    TIM1_UP_TIM10_IRQHandler                 0x0800029b   Thumb Code     0  startup_stm32f427xx.o(.text)
    TIM2_IRQHandler                          0x0800029b   Thumb Code     0  startup_stm32f427xx.o(.text)
    TIM4_IRQHandler                          0x0800029b   Thumb Code     0  startup_stm32f427xx.o(.text)
    TIM5_IRQHandler                          0x0800029b   Thumb Code     0  startup_stm32f427xx.o(.text)
    TIM7_IRQHandler                          0x0800029b   Thumb Code     0  startup_stm32f427xx.o(.text)
    TIM8_BRK_TIM12_IRQHandler                0x0800029b   Thumb Code     0  startup_stm32f427xx.o(.text)
    TIM8_CC_IRQHandler                       0x0800029b   Thumb Code     0  startup_stm32f427xx.o(.text)
    TIM8_TRG_COM_TIM14_IRQHandler            0x0800029b   Thumb Code     0  startup_stm32f427xx.o(.text)
    TIM8_UP_TIM13_IRQHandler                 0x0800029b   Thumb Code     0  startup_stm32f427xx.o(.text)
    UART4_IRQHandler                         0x0800029b   Thumb Code     0  startup_stm32f427xx.o(.text)
    UART5_IRQHandler                         0x0800029b   Thumb Code     0  startup_stm32f427xx.o(.text)
    UART7_IRQHandler                         0x0800029b   Thumb Code     0  startup_stm32f427xx.o(.text)
    UART8_IRQHandler                         0x0800029b   Thumb Code     0  startup_stm32f427xx.o(.text)
    USART3_IRQHandler                        0x0800029b   Thumb Code     0  startup_stm32f427xx.o(.text)
    WWDG_IRQHandler                          0x0800029b   Thumb Code     0  startup_stm32f427xx.o(.text)
    arm_sin_cos_f32                          0x080002a5   Thumb Code   242  arm_sin_cos_f32.o(.text)
    __aeabi_uldivmod                         0x080003a9   Thumb Code    98  uldiv.o(.text)
    __aeabi_memcpy                           0x0800040b   Thumb Code    36  memcpya.o(.text)
    __aeabi_memcpy4                          0x0800040b   Thumb Code     0  memcpya.o(.text)
    __aeabi_memcpy8                          0x0800040b   Thumb Code     0  memcpya.o(.text)
    __aeabi_memset                           0x0800042f   Thumb Code    14  memseta.o(.text)
    __aeabi_memset4                          0x0800042f   Thumb Code     0  memseta.o(.text)
    __aeabi_memset8                          0x0800042f   Thumb Code     0  memseta.o(.text)
    __aeabi_memclr                           0x0800043d   Thumb Code     4  memseta.o(.text)
    __aeabi_memclr4                          0x0800043d   Thumb Code     0  memseta.o(.text)
    __aeabi_memclr8                          0x0800043d   Thumb Code     0  memseta.o(.text)
    memset                                   0x08000441   Thumb Code    18  memseta.o(.text)
    __aeabi_llsl                             0x08000453   Thumb Code    30  llshl.o(.text)
    _ll_shift_l                              0x08000453   Thumb Code     0  llshl.o(.text)
    __aeabi_llsr                             0x08000471   Thumb Code    32  llushr.o(.text)
    _ll_ushift_r                             0x08000471   Thumb Code     0  llushr.o(.text)
    __scatterload                            0x08000491   Thumb Code    28  init.o(.text)
    __scatterload_rt2                        0x08000491   Thumb Code     0  init.o(.text)
    ABS_limit                                0x080004b5   Thumb Code    42  pid.o(i.ABS_limit)
    Absolute_angle_Conversion                0x08000609   Thumb Code    50  chassis_task.o(i.Absolute_angle_Conversion)
    BSP_Init                                 0x08000649   Thumb Code    86  bsp.o(i.BSP_Init)
    BusFault_Handler                         0x080006a9   Thumb Code     2  stm32f4xx_it.o(i.BusFault_Handler)
    CAN1_RX0_IRQHandler                      0x080006ad   Thumb Code     6  stm32f4xx_it.o(i.CAN1_RX0_IRQHandler)
    CAN2_RX0_IRQHandler                      0x080006b9   Thumb Code     6  stm32f4xx_it.o(i.CAN2_RX0_IRQHandler)
    CAN_RX_YK                                0x080006c5   Thumb Code    32  can_use_moto.o(i.CAN_RX_YK)
    CAN_RX_YT                                0x080006ed   Thumb Code    22  can_use_moto.o(i.CAN_RX_YT)
    ChassisModeProcess                       0x0800070d   Thumb Code    86  data_pro_task.o(i.ChassisModeProcess)
    Chassis_Contrl_Task                      0x08000771   Thumb Code   414  chassis_task.o(i.Chassis_Contrl_Task)
    Chassis_Motor                            0x08000939   Thumb Code    64  can_use_moto.o(i.Chassis_Motor)
    Chassis_pid_init                         0x0800097d   Thumb Code   120  chassis_task.o(i.Chassis_pid_init)
    DMA1_Stream1_IRQHandler                  0x08000a05   Thumb Code     6  stm32f4xx_it.o(i.DMA1_Stream1_IRQHandler)
    DMA1_Stream5_IRQHandler                  0x08000a11   Thumb Code     6  stm32f4xx_it.o(i.DMA1_Stream5_IRQHandler)
    DMA2_Stream1_IRQHandler                  0x08000a1d   Thumb Code     6  stm32f4xx_it.o(i.DMA2_Stream1_IRQHandler)
    DMA2_Stream2_IRQHandler                  0x08000a29   Thumb Code     6  stm32f4xx_it.o(i.DMA2_Stream2_IRQHandler)
    DMA2_Stream4_IRQHandler                  0x08000a35   Thumb Code     6  stm32f4xx_it.o(i.DMA2_Stream4_IRQHandler)
    DebugMon_Handler                         0x08000abd   Thumb Code     2  stm32f4xx_it.o(i.DebugMon_Handler)
    Disable_Chassis_Motor                    0x08000ac1   Thumb Code    52  can_use_moto.o(i.Disable_Chassis_Motor)
    EXTI2_IRQHandler                         0x08000af9   Thumb Code     6  stm32f4xx_it.o(i.EXTI2_IRQHandler)
    EXTI4_IRQHandler                         0x08000aff   Thumb Code     6  stm32f4xx_it.o(i.EXTI4_IRQHandler)
    EXTI9_5_IRQHandler                       0x08000b05   Thumb Code     6  stm32f4xx_it.o(i.EXTI9_5_IRQHandler)
    Error_Handler                            0x08000b0b   Thumb Code     2  main.o(i.Error_Handler)
    HAL_ADC_ConfigChannel                    0x08000b0d   Thumb Code   334  stm32f4xx_hal_adc.o(i.HAL_ADC_ConfigChannel)
    HAL_ADC_Init                             0x08000c71   Thumb Code    84  stm32f4xx_hal_adc.o(i.HAL_ADC_Init)
    HAL_ADC_MspInit                          0x08000cc5   Thumb Code   130  adc.o(i.HAL_ADC_MspInit)
    HAL_CAN_ActivateNotification             0x08000d5d   Thumb Code    36  stm32f4xx_hal_can.o(i.HAL_CAN_ActivateNotification)
    HAL_CAN_AddTxMessage                     0x08000d81   Thumb Code   200  stm32f4xx_hal_can.o(i.HAL_CAN_AddTxMessage)
    HAL_CAN_ConfigFilter                     0x08000e49   Thumb Code   262  stm32f4xx_hal_can.o(i.HAL_CAN_ConfigFilter)
    HAL_CAN_ErrorCallback                    0x08000f55   Thumb Code     2  stm32f4xx_hal_can.o(i.HAL_CAN_ErrorCallback)
    HAL_CAN_GetRxMessage                     0x08000f57   Thumb Code   232  stm32f4xx_hal_can.o(i.HAL_CAN_GetRxMessage)
    HAL_CAN_IRQHandler                       0x0800103f   Thumb Code   508  stm32f4xx_hal_can.o(i.HAL_CAN_IRQHandler)
    HAL_CAN_Init                             0x0800123b   Thumb Code   282  stm32f4xx_hal_can.o(i.HAL_CAN_Init)
    HAL_CAN_MspInit                          0x08001355   Thumb Code   228  can.o(i.HAL_CAN_MspInit)
    HAL_CAN_RxFifo0FullCallback              0x08001451   Thumb Code   144  stm32f4xx_it.o(i.HAL_CAN_RxFifo0FullCallback)
    HAL_CAN_RxFifo0MsgPendingCallback        0x08001501   Thumb Code     2  stm32f4xx_hal_can.o(i.HAL_CAN_RxFifo0MsgPendingCallback)
    HAL_CAN_RxFifo1FullCallback              0x08001503   Thumb Code     2  stm32f4xx_hal_can.o(i.HAL_CAN_RxFifo1FullCallback)
    HAL_CAN_RxFifo1MsgPendingCallback        0x08001505   Thumb Code     2  stm32f4xx_hal_can.o(i.HAL_CAN_RxFifo1MsgPendingCallback)
    HAL_CAN_SleepCallback                    0x08001507   Thumb Code     2  stm32f4xx_hal_can.o(i.HAL_CAN_SleepCallback)
    HAL_CAN_Start                            0x08001509   Thumb Code    88  stm32f4xx_hal_can.o(i.HAL_CAN_Start)
    HAL_CAN_TxMailbox0AbortCallback          0x08001561   Thumb Code     2  stm32f4xx_hal_can.o(i.HAL_CAN_TxMailbox0AbortCallback)
    HAL_CAN_TxMailbox0CompleteCallback       0x08001563   Thumb Code     2  stm32f4xx_hal_can.o(i.HAL_CAN_TxMailbox0CompleteCallback)
    HAL_CAN_TxMailbox1AbortCallback          0x08001565   Thumb Code     2  stm32f4xx_hal_can.o(i.HAL_CAN_TxMailbox1AbortCallback)
    HAL_CAN_TxMailbox1CompleteCallback       0x08001567   Thumb Code     2  stm32f4xx_hal_can.o(i.HAL_CAN_TxMailbox1CompleteCallback)
    HAL_CAN_TxMailbox2AbortCallback          0x08001569   Thumb Code     2  stm32f4xx_hal_can.o(i.HAL_CAN_TxMailbox2AbortCallback)
    HAL_CAN_TxMailbox2CompleteCallback       0x0800156b   Thumb Code     2  stm32f4xx_hal_can.o(i.HAL_CAN_TxMailbox2CompleteCallback)
    HAL_CAN_WakeUpFromRxMsgCallback          0x0800156d   Thumb Code     2  stm32f4xx_hal_can.o(i.HAL_CAN_WakeUpFromRxMsgCallback)
    HAL_DMA_Abort_IT                         0x0800156f   Thumb Code    36  stm32f4xx_hal_dma.o(i.HAL_DMA_Abort_IT)
    HAL_DMA_IRQHandler                       0x08001595   Thumb Code   412  stm32f4xx_hal_dma.o(i.HAL_DMA_IRQHandler)
    HAL_DMA_Init                             0x08001735   Thumb Code   206  stm32f4xx_hal_dma.o(i.HAL_DMA_Init)
    HAL_GPIO_EXTI_Callback                   0x08001809   Thumb Code     2  stm32f4xx_hal_gpio.o(i.HAL_GPIO_EXTI_Callback)
    HAL_GPIO_EXTI_IRQHandler                 0x0800180d   Thumb Code    18  stm32f4xx_hal_gpio.o(i.HAL_GPIO_EXTI_IRQHandler)
    HAL_GPIO_Init                            0x08001825   Thumb Code   408  stm32f4xx_hal_gpio.o(i.HAL_GPIO_Init)
    HAL_GPIO_WritePin                        0x080019f1   Thumb Code    10  stm32f4xx_hal_gpio.o(i.HAL_GPIO_WritePin)
    HAL_GetTick                              0x080019fd   Thumb Code     6  stm32f4xx_hal.o(i.HAL_GetTick)
    HAL_IncTick                              0x08001a09   Thumb Code    12  stm32f4xx_hal.o(i.HAL_IncTick)
    HAL_Init                                 0x08001a19   Thumb Code    48  stm32f4xx_hal.o(i.HAL_Init)
    HAL_InitTick                             0x08001a4d   Thumb Code    54  stm32f4xx_hal.o(i.HAL_InitTick)
    HAL_MspInit                              0x08001a8d   Thumb Code    52  stm32f4xx_hal_msp.o(i.HAL_MspInit)
    HAL_NVIC_EnableIRQ                       0x08001ac5   Thumb Code    26  stm32f4xx_hal_cortex.o(i.HAL_NVIC_EnableIRQ)
    HAL_NVIC_SetPriority                     0x08001ae1   Thumb Code    60  stm32f4xx_hal_cortex.o(i.HAL_NVIC_SetPriority)
    HAL_NVIC_SetPriorityGrouping             0x08001b21   Thumb Code    26  stm32f4xx_hal_cortex.o(i.HAL_NVIC_SetPriorityGrouping)
    HAL_RCC_ClockConfig                      0x08001b45   Thumb Code   286  stm32f4xx_hal_rcc.o(i.HAL_RCC_ClockConfig)
    HAL_RCC_GetPCLK1Freq                     0x08001c75   Thumb Code    20  stm32f4xx_hal_rcc.o(i.HAL_RCC_GetPCLK1Freq)
    HAL_RCC_GetPCLK2Freq                     0x08001c95   Thumb Code    20  stm32f4xx_hal_rcc.o(i.HAL_RCC_GetPCLK2Freq)
    HAL_RCC_GetSysClockFreq                  0x08001cb5   Thumb Code    88  stm32f4xx_hal_rcc.o(i.HAL_RCC_GetSysClockFreq)
    HAL_RCC_OscConfig                        0x08001d19   Thumb Code   770  stm32f4xx_hal_rcc.o(i.HAL_RCC_OscConfig)
    HAL_SPI_Init                             0x08002035   Thumb Code   128  stm32f4xx_hal_spi.o(i.HAL_SPI_Init)
    HAL_SPI_MspInit                          0x080020b5   Thumb Code    94  spi.o(i.HAL_SPI_MspInit)
    HAL_SYSTICK_Config                       0x08002121   Thumb Code    40  stm32f4xx_hal_cortex.o(i.HAL_SYSTICK_Config)
    HAL_TIMEx_BreakCallback                  0x08002149   Thumb Code     2  stm32f4xx_hal_tim_ex.o(i.HAL_TIMEx_BreakCallback)
    HAL_TIMEx_CommutCallback                 0x0800214b   Thumb Code     2  stm32f4xx_hal_tim_ex.o(i.HAL_TIMEx_CommutCallback)
    HAL_TIMEx_MasterConfigSynchronization    0x0800214d   Thumb Code    66  stm32f4xx_hal_tim_ex.o(i.HAL_TIMEx_MasterConfigSynchronization)
    HAL_TIM_Base_Init                        0x0800218f   Thumb Code    54  stm32f4xx_hal_tim.o(i.HAL_TIM_Base_Init)
    HAL_TIM_Base_MspInit                     0x080021c5   Thumb Code   108  tim.o(i.HAL_TIM_Base_MspInit)
    HAL_TIM_ConfigClockSource                0x08002241   Thumb Code   214  stm32f4xx_hal_tim.o(i.HAL_TIM_ConfigClockSource)
    HAL_TIM_IC_CaptureCallback               0x08002317   Thumb Code     2  stm32f4xx_hal_tim.o(i.HAL_TIM_IC_CaptureCallback)
    HAL_TIM_IRQHandler                       0x08002319   Thumb Code   358  stm32f4xx_hal_tim.o(i.HAL_TIM_IRQHandler)
    HAL_TIM_OC_DelayElapsedCallback          0x0800247f   Thumb Code     2  stm32f4xx_hal_tim.o(i.HAL_TIM_OC_DelayElapsedCallback)
    HAL_TIM_PWM_PulseFinishedCallback        0x08002481   Thumb Code     2  stm32f4xx_hal_tim.o(i.HAL_TIM_PWM_PulseFinishedCallback)
    HAL_TIM_PeriodElapsedCallback            0x08002483   Thumb Code     2  stm32f4xx_hal_tim.o(i.HAL_TIM_PeriodElapsedCallback)
    HAL_TIM_TriggerCallback                  0x08002485   Thumb Code     2  stm32f4xx_hal_tim.o(i.HAL_TIM_TriggerCallback)
    HAL_UART_ErrorCallback                   0x08002487   Thumb Code     2  stm32f4xx_hal_uart.o(i.HAL_UART_ErrorCallback)
    HAL_UART_IRQHandler                      0x08002489   Thumb Code   266  stm32f4xx_hal_uart.o(i.HAL_UART_IRQHandler)
    HAL_UART_Init                            0x08002599   Thumb Code    98  stm32f4xx_hal_uart.o(i.HAL_UART_Init)
    HAL_UART_MspInit                         0x080025fd   Thumb Code   610  usart.o(i.HAL_UART_MspInit)
    HAL_UART_RxCpltCallback                  0x08002891   Thumb Code     2  stm32f4xx_hal_uart.o(i.HAL_UART_RxCpltCallback)
    HAL_UART_TxCpltCallback                  0x08002893   Thumb Code     2  stm32f4xx_hal_uart.o(i.HAL_UART_TxCpltCallback)
    HAlCANFilter1                            0x08002895   Thumb Code    42  can.o(i.HAlCANFilter1)
    HAlCANFilter2                            0x080028c5   Thumb Code    44  can.o(i.HAlCANFilter2)
    HardFault_Handler                        0x080028f5   Thumb Code     2  stm32f4xx_it.o(i.HardFault_Handler)
    LPF_1st                                  0x080028f7   Thumb Code    18  pid.o(i.LPF_1st)
    MX_ADC1_Init                             0x08002909   Thumb Code    88  adc.o(i.MX_ADC1_Init)
    MX_CAN1_Init                             0x0800296d   Thumb Code    62  can.o(i.MX_CAN1_Init)
    MX_CAN2_Init                             0x080029b5   Thumb Code    62  can.o(i.MX_CAN2_Init)
    MX_DMA_Init                              0x080029fd   Thumb Code   120  dma.o(i.MX_DMA_Init)
    MX_FREERTOS_Init                         0x08002a79   Thumb Code    74  freertos.o(i.MX_FREERTOS_Init)
    MX_GPIO_Init                             0x08002acd   Thumb Code   422  gpio.o(i.MX_GPIO_Init)
    MX_SPI5_Init                             0x08002c99   Thumb Code    62  spi.o(i.MX_SPI5_Init)
    MX_TIM3_Init                             0x08002ce1   Thumb Code    94  tim.o(i.MX_TIM3_Init)
    MX_TIM5_Init                             0x08002d49   Thumb Code    88  tim.o(i.MX_TIM5_Init)
    MX_TIM6_Init                             0x08002da9   Thumb Code    62  tim.o(i.MX_TIM6_Init)
    MX_USART1_UART_Init                      0x08002df1   Thumb Code    46  usart.o(i.MX_USART1_UART_Init)
    MX_USART2_UART_Init                      0x08002e2d   Thumb Code    48  usart.o(i.MX_USART2_UART_Init)
    MX_USART3_UART_Init                      0x08002e65   Thumb Code    48  usart.o(i.MX_USART3_UART_Init)
    MX_USART6_UART_Init                      0x08002e9d   Thumb Code    48  usart.o(i.MX_USART6_UART_Init)
    MemManage_Handler                        0x08002ed5   Thumb Code     2  stm32f4xx_it.o(i.MemManage_Handler)
    MouseKeyControlProcess                   0x08002ed9   Thumb Code   484  data_pro_task.o(i.MouseKeyControlProcess)
    NMI_Handler                              0x080030dd   Thumb Code     2  stm32f4xx_it.o(i.NMI_Handler)
    PID_struct_init                          0x080030e1   Thumb Code    16  pid.o(i.PID_struct_init)
    Remote_Data_Task                         0x080030f9   Thumb Code    42  data_pro_task.o(i.Remote_Data_Task)
    StartDefaultTask                         0x08003129   Thumb Code     8  freertos.o(i.StartDefaultTask)
    SysTick_Handler                          0x08003131   Thumb Code    24  stm32f4xx_it.o(i.SysTick_Handler)
    SystemClock_Config                       0x08003149   Thumb Code   126  main.o(i.SystemClock_Config)
    SystemInit                               0x080031d1   Thumb Code    66  system_stm32f4xx.o(i.SystemInit)
    TIM3_IRQHandler                          0x08003225   Thumb Code     6  stm32f4xx_it.o(i.TIM3_IRQHandler)
    TIM6_DAC_IRQHandler                      0x08003231   Thumb Code     6  stm32f4xx_it.o(i.TIM6_DAC_IRQHandler)
    TIM_Base_SetConfig                       0x0800323d   Thumb Code   156  stm32f4xx_hal_tim.o(i.TIM_Base_SetConfig)
    TIM_ETR_SetConfig                        0x08003305   Thumb Code    20  stm32f4xx_hal_tim.o(i.TIM_ETR_SetConfig)
    USART1_IRQHandler                        0x08003741   Thumb Code   220  stm32f4xx_it.o(i.USART1_IRQHandler)
    USART2_IRQHandler                        0x0800382d   Thumb Code     6  stm32f4xx_it.o(i.USART2_IRQHandler)
    USART6_IRQHandler                        0x08003839   Thumb Code     6  stm32f4xx_it.o(i.USART6_IRQHandler)
    UsageFault_Handler                       0x08003845   Thumb Code     2  stm32f4xx_it.o(i.UsageFault_Handler)
    __scatterload_copy                       0x08003867   Thumb Code    14  handlers.o(i.__scatterload_copy)
    __scatterload_null                       0x08003875   Thumb Code     2  handlers.o(i.__scatterload_null)
    __scatterload_zeroinit                   0x08003877   Thumb Code    14  handlers.o(i.__scatterload_zeroinit)
    get_moto_measure_3508                    0x08003885   Thumb Code    64  can_use_moto.o(i.get_moto_measure_3508)
    get_moto_offset                          0x080038c5   Thumb Code    10  can_use_moto.o(i.get_moto_offset)
    main                                     0x080038cf   Thumb Code    74  main.o(i.main)
    motor_move_setvmmps                      0x08003925   Thumb Code    42  mecanum_calc.o(i.motor_move_setvmmps)
    osDelay                                  0x0800394f   Thumb Code    14  cmsis_os.o(i.osDelay)
    osDelayUntil                             0x0800395d   Thumb Code    14  cmsis_os.o(i.osDelayUntil)
    osKernelStart                            0x0800396b   Thumb Code    10  cmsis_os.o(i.osKernelStart)
    osThreadCreate                           0x08003975   Thumb Code    84  cmsis_os.o(i.osThreadCreate)
    pid_calc                                 0x080039c9   Thumb Code   468  pid.o(i.pid_calc)
    pvPortMalloc                             0x08003efd   Thumb Code   210  heap_4.o(i.pvPortMalloc)
    pxPortInitialiseStack                    0x08003fd5   Thumb Code    40  port.o(i.pxPortInitialiseStack)
    uxListRemove                             0x08004001   Thumb Code    38  list.o(i.uxListRemove)
    vApplicationGetIdleTaskMemory            0x08004029   Thumb Code    16  freertos.o(i.vApplicationGetIdleTaskMemory)
    vListInitialise                          0x0800403d   Thumb Code    22  list.o(i.vListInitialise)
    vListInitialiseItem                      0x08004053   Thumb Code     6  list.o(i.vListInitialiseItem)
    vListInsert                              0x08004059   Thumb Code    48  list.o(i.vListInsert)
    vListInsertEnd                           0x08004089   Thumb Code    24  list.o(i.vListInsertEnd)
    vPortEnterCritical                       0x080040a1   Thumb Code    54  port.o(i.vPortEnterCritical)
    vPortExitCritical                        0x080040e1   Thumb Code    34  port.o(i.vPortExitCritical)
    vPortFree                                0x08004109   Thumb Code    88  heap_4.o(i.vPortFree)
    vPortSetupTimerInterrupt                 0x08004165   Thumb Code    32  port.o(i.vPortSetupTimerInterrupt)
    vTaskDelay                               0x08004189   Thumb Code    66  tasks.o(i.vTaskDelay)
    vTaskDelayUntil                          0x080041d5   Thumb Code   132  tasks.o(i.vTaskDelayUntil)
    vTaskStartScheduler                      0x08004261   Thumb Code    90  tasks.o(i.vTaskStartScheduler)
    vTaskSuspendAll                          0x080042cd   Thumb Code    10  tasks.o(i.vTaskSuspendAll)
    vTaskSwitchContext                       0x080042dd   Thumb Code    82  tasks.o(i.vTaskSwitchContext)
    xPortStartScheduler                      0x08004339   Thumb Code   222  port.o(i.xPortStartScheduler)
    xPortSysTickHandler                      0x0800442d   Thumb Code    38  port.o(i.xPortSysTickHandler)
    xTaskCreate                              0x08004459   Thumb Code    90  tasks.o(i.xTaskCreate)
    xTaskCreateStatic                        0x080044b3   Thumb Code    86  tasks.o(i.xTaskCreateStatic)
    xTaskGetSchedulerState                   0x08004509   Thumb Code    22  tasks.o(i.xTaskGetSchedulerState)
    xTaskGetTickCount                        0x08004525   Thumb Code     6  tasks.o(i.xTaskGetTickCount)
    xTaskIncrementTick                       0x08004531   Thumb Code   192  tasks.o(i.xTaskIncrementTick)
    xTaskResumeAll                           0x080045f9   Thumb Code   182  tasks.o(i.xTaskResumeAll)
    AHBPrescTable                            0x08004718   Data          16  system_stm32f4xx.o(.constdata)
    APBPrescTable                            0x08004728   Data           8  system_stm32f4xx.o(.constdata)
    sinTable_f32                             0x08004730   Data        2052  arm_common_tables.o(.constdata)
    Region$$Table$$Base                      0x08004f5c   Number         0  anon$$obj.o(Region$$Table)
    Region$$Table$$Limit                     0x08004f7c   Number         0  anon$$obj.o(Region$$Table)
    chassis_disable_flg                      0x20000000   Data           1  chassis_task.o(.data)
    XY_speed_max                             0x20000010   Data           2  data_pro_task.o(.data)
    XY_speed_min                             0x20000012   Data           2  data_pro_task.o(.data)
    W_speed_max                              0x20000014   Data           2  data_pro_task.o(.data)
    W_speed_min                              0x20000016   Data           2  data_pro_task.o(.data)
    chassis_gimble_Mode_flg                  0x20000018   Data           1  can_use_moto.o(.data)
    yaw_total_angle                          0x2000001a   Data           2  can_use_moto.o(.data)
    Tx_Mailbox                               0x2000001c   Data           4  can_use_moto.o(.data)
    stir_locktime                            0x20000020   Data           4  can_use_moto.o(.data)
    arr                                      0x20000024   Data           8  can_use_moto.o(.data)
    Receive_DATA                             0x2000002c   Data           8  can_use_moto.o(.data)
    defaultTaskHandle                        0x20000038   Data           4  freertos.o(.data)
    RemoteDataTaskHandle                     0x2000003c   Data           4  freertos.o(.data)
    uwTickFreq                               0x20000044   Data           1  stm32f4xx_hal.o(.data)
    uwTickPrio                               0x20000048   Data           4  stm32f4xx_hal.o(.data)
    uwTick                                   0x2000004c   Data           4  stm32f4xx_hal.o(.data)
    SystemCoreClock                          0x20000050   Data           4  system_stm32f4xx.o(.data)
    pxCurrentTCB                             0x20000054   Data           4  tasks.o(.data)
    pid_chassis_follow                       0x200000b4   Data         128  chassis_task.o(.bss)
    pid_chassis_follow_spd                   0x20000134   Data         128  chassis_task.o(.bss)
    moto_3508_set                            0x200001c4   Data          16  chassis_task.o(.bss)
    pid_3508_spd                             0x200001d4   Data         512  chassis_task.o(.bss)
    RX_Data                                  0x200003d4   Data          18  remote.o(.bss)
    rc                                       0x200003e6   Data          12  remote.o(.bss)
    RC_Ctl                                   0x200003f2   Data          22  remote.o(.bss)
    moto_chassis_get                         0x20000408   Data         240  can_use_moto.o(.bss)
    RxMessage                                0x200004f8   Data          28  can_use_moto.o(.bss)
    moto_stir_get                            0x2000052c   Data          60  can_use_moto.o(.bss)
    yaw_get                                  0x20000568   Data          60  can_use_moto.o(.bss)
    hadc1                                    0x200005a4   Data          72  adc.o(.bss)
    hdma_adc1                                0x200005ec   Data          96  adc.o(.bss)
    hcan1                                    0x2000064c   Data          40  can.o(.bss)
    hcan2                                    0x20000674   Data          40  can.o(.bss)
    hspi5                                    0x200008f0   Data          88  spi.o(.bss)
    htim3                                    0x20000948   Data          64  tim.o(.bss)
    htim5                                    0x20000988   Data          64  tim.o(.bss)
    htim6                                    0x200009c8   Data          64  tim.o(.bss)
    huart1                                   0x20000a08   Data          64  usart.o(.bss)
    huart2                                   0x20000a48   Data          64  usart.o(.bss)
    huart3                                   0x20000a88   Data          64  usart.o(.bss)
    huart6                                   0x20000ac8   Data          64  usart.o(.bss)
    hdma_usart1_rx                           0x20000b08   Data          96  usart.o(.bss)
    hdma_usart2_rx                           0x20000b68   Data          96  usart.o(.bss)
    hdma_usart3_rx                           0x20000bc8   Data          96  usart.o(.bss)
    hdma_usart6_rx                           0x20000c28   Data          96  usart.o(.bss)
    __initial_sp                             0x20004d78   Data           0  startup_stm32f427xx.o(STACK)



==============================================================================

Memory Map of the image

  Image Entry point : 0x080001ad

  Load Region LR_IROM1 (Base: 0x08000000, Size: 0x00005030, Max: 0x00200000, ABSOLUTE)

    Execution Region ER_IROM1 (Base: 0x08000000, Size: 0x00004f7c, Max: 0x00200000, ABSOLUTE)

    Base Addr    Size         Type   Attr      Idx    E Section Name        Object

    0x08000000   0x000001ac   Data   RO            3    RESET               startup_stm32f427xx.o
    0x080001ac   0x00000000   Code   RO         6059  * .ARM.Collect$$$$00000000  mc_w.l(entry.o)
    0x080001ac   0x00000004   Code   RO         6072    .ARM.Collect$$$$00000001  mc_w.l(entry2.o)
    0x080001b0   0x00000004   Code   RO         6075    .ARM.Collect$$$$00000004  mc_w.l(entry5.o)
    0x080001b4   0x00000000   Code   RO         6077    .ARM.Collect$$$$00000008  mc_w.l(entry7b.o)
    0x080001b4   0x00000000   Code   RO         6079    .ARM.Collect$$$$0000000A  mc_w.l(entry8b.o)
    0x080001b4   0x00000008   Code   RO         6080    .ARM.Collect$$$$0000000B  mc_w.l(entry9a.o)
    0x080001bc   0x00000000   Code   RO         6082    .ARM.Collect$$$$0000000D  mc_w.l(entry10a.o)
    0x080001bc   0x00000000   Code   RO         6084    .ARM.Collect$$$$0000000F  mc_w.l(entry11a.o)
    0x080001bc   0x00000004   Code   RO         6073    .ARM.Collect$$$$00002712  mc_w.l(entry2.o)
    0x080001c0   0x000000be   Code   RO         5847    .emb_text           port.o
    0x0800027e   0x00000002   PAD
    0x08000280   0x00000024   Code   RO            4    .text               startup_stm32f427xx.o
    0x080002a4   0x00000104   Code   RO         5927    .text               arm_cortexM4lf_math.lib(arm_sin_cos_f32.o)
    0x080003a8   0x00000062   Code   RO         6062    .text               mc_w.l(uldiv.o)
    0x0800040a   0x00000024   Code   RO         6064    .text               mc_w.l(memcpya.o)
    0x0800042e   0x00000024   Code   RO         6068    .text               mc_w.l(memseta.o)
    0x08000452   0x0000001e   Code   RO         6086    .text               mc_w.l(llshl.o)
    0x08000470   0x00000020   Code   RO         6088    .text               mc_w.l(llushr.o)
    0x08000490   0x00000024   Code   RO         6090    .text               mc_w.l(init.o)
    0x080004b4   0x0000002a   Code   RO          148    i.ABS_limit         pid.o
    0x080004de   0x00000002   PAD
    0x080004e0   0x00000128   Code   RO         1323    i.ADC_Init          stm32f4xx_hal_adc.o
    0x08000608   0x00000040   Code   RO          279    i.Absolute_angle_Conversion  chassis_task.o
    0x08000648   0x00000060   Code   RO         1293    i.BSP_Init          bsp.o
    0x080006a8   0x00000002   Code   RO         1108    i.BusFault_Handler  stm32f4xx_it.o
    0x080006aa   0x00000002   PAD
    0x080006ac   0x0000000c   Code   RO         1109    i.CAN1_RX0_IRQHandler  stm32f4xx_it.o
    0x080006b8   0x0000000c   Code   RO         1110    i.CAN2_RX0_IRQHandler  stm32f4xx_it.o
    0x080006c4   0x00000028   Code   RO          594    i.CAN_RX_YK         can_use_moto.o
    0x080006ec   0x00000020   Code   RO          595    i.CAN_RX_YT         can_use_moto.o
    0x0800070c   0x00000064   Code   RO          350    i.ChassisModeProcess  data_pro_task.o
    0x08000770   0x000001c8   Code   RO          280    i.Chassis_Contrl_Task  chassis_task.o
    0x08000938   0x00000044   Code   RO          596    i.Chassis_Motor     can_use_moto.o
    0x0800097c   0x00000088   Code   RO          281    i.Chassis_pid_init  chassis_task.o
    0x08000a04   0x0000000c   Code   RO         1111    i.DMA1_Stream1_IRQHandler  stm32f4xx_it.o
    0x08000a10   0x0000000c   Code   RO         1112    i.DMA1_Stream5_IRQHandler  stm32f4xx_it.o
    0x08000a1c   0x0000000c   Code   RO         1113    i.DMA2_Stream1_IRQHandler  stm32f4xx_it.o
    0x08000a28   0x0000000c   Code   RO         1114    i.DMA2_Stream2_IRQHandler  stm32f4xx_it.o
    0x08000a34   0x0000000c   Code   RO         1115    i.DMA2_Stream4_IRQHandler  stm32f4xx_it.o
    0x08000a40   0x00000028   Code   RO         3916    i.DMA_CalcBaseAndBitshift  stm32f4xx_hal_dma.o
    0x08000a68   0x00000054   Code   RO         3917    i.DMA_CheckFifoParam  stm32f4xx_hal_dma.o
    0x08000abc   0x00000002   Code   RO         1116    i.DebugMon_Handler  stm32f4xx_it.o
    0x08000abe   0x00000002   PAD
    0x08000ac0   0x00000038   Code   RO          599    i.Disable_Chassis_Motor  can_use_moto.o
    0x08000af8   0x00000006   Code   RO         1117    i.EXTI2_IRQHandler  stm32f4xx_it.o
    0x08000afe   0x00000006   Code   RO         1118    i.EXTI4_IRQHandler  stm32f4xx_it.o
    0x08000b04   0x00000006   Code   RO         1119    i.EXTI9_5_IRQHandler  stm32f4xx_it.o
    0x08000b0a   0x00000002   Code   RO          689    i.Error_Handler     main.o
    0x08000b0c   0x00000164   Code   RO         1325    i.HAL_ADC_ConfigChannel  stm32f4xx_hal_adc.o
    0x08000c70   0x00000054   Code   RO         1334    i.HAL_ADC_Init      stm32f4xx_hal_adc.o
    0x08000cc4   0x00000098   Code   RO          762    i.HAL_ADC_MspInit   adc.o
    0x08000d5c   0x00000024   Code   RO         1596    i.HAL_CAN_ActivateNotification  stm32f4xx_hal_can.o
    0x08000d80   0x000000c8   Code   RO         1597    i.HAL_CAN_AddTxMessage  stm32f4xx_hal_can.o
    0x08000e48   0x0000010c   Code   RO         1598    i.HAL_CAN_ConfigFilter  stm32f4xx_hal_can.o
    0x08000f54   0x00000002   Code   RO         1601    i.HAL_CAN_ErrorCallback  stm32f4xx_hal_can.o
    0x08000f56   0x000000e8   Code   RO         1604    i.HAL_CAN_GetRxMessage  stm32f4xx_hal_can.o
    0x0800103e   0x000001fc   Code   RO         1608    i.HAL_CAN_IRQHandler  stm32f4xx_hal_can.o
    0x0800123a   0x0000011a   Code   RO         1609    i.HAL_CAN_Init      stm32f4xx_hal_can.o
    0x08001354   0x000000fc   Code   RO          811    i.HAL_CAN_MspInit   can.o
    0x08001450   0x000000b0   Code   RO         1120    i.HAL_CAN_RxFifo0FullCallback  stm32f4xx_it.o
    0x08001500   0x00000002   Code   RO         1617    i.HAL_CAN_RxFifo0MsgPendingCallback  stm32f4xx_hal_can.o
    0x08001502   0x00000002   Code   RO         1618    i.HAL_CAN_RxFifo1FullCallback  stm32f4xx_hal_can.o
    0x08001504   0x00000002   Code   RO         1619    i.HAL_CAN_RxFifo1MsgPendingCallback  stm32f4xx_hal_can.o
    0x08001506   0x00000002   Code   RO         1620    i.HAL_CAN_SleepCallback  stm32f4xx_hal_can.o
    0x08001508   0x00000058   Code   RO         1621    i.HAL_CAN_Start     stm32f4xx_hal_can.o
    0x08001560   0x00000002   Code   RO         1623    i.HAL_CAN_TxMailbox0AbortCallback  stm32f4xx_hal_can.o
    0x08001562   0x00000002   Code   RO         1624    i.HAL_CAN_TxMailbox0CompleteCallback  stm32f4xx_hal_can.o
    0x08001564   0x00000002   Code   RO         1625    i.HAL_CAN_TxMailbox1AbortCallback  stm32f4xx_hal_can.o
    0x08001566   0x00000002   Code   RO         1626    i.HAL_CAN_TxMailbox1CompleteCallback  stm32f4xx_hal_can.o
    0x08001568   0x00000002   Code   RO         1627    i.HAL_CAN_TxMailbox2AbortCallback  stm32f4xx_hal_can.o
    0x0800156a   0x00000002   Code   RO         1628    i.HAL_CAN_TxMailbox2CompleteCallback  stm32f4xx_hal_can.o
    0x0800156c   0x00000002   Code   RO         1630    i.HAL_CAN_WakeUpFromRxMsgCallback  stm32f4xx_hal_can.o
    0x0800156e   0x00000024   Code   RO         3920    i.HAL_DMA_Abort_IT  stm32f4xx_hal_dma.o
    0x08001592   0x00000002   PAD
    0x08001594   0x000001a0   Code   RO         3924    i.HAL_DMA_IRQHandler  stm32f4xx_hal_dma.o
    0x08001734   0x000000d4   Code   RO         3925    i.HAL_DMA_Init      stm32f4xx_hal_dma.o
    0x08001808   0x00000002   Code   RO         3810    i.HAL_GPIO_EXTI_Callback  stm32f4xx_hal_gpio.o
    0x0800180a   0x00000002   PAD
    0x0800180c   0x00000018   Code   RO         3811    i.HAL_GPIO_EXTI_IRQHandler  stm32f4xx_hal_gpio.o
    0x08001824   0x000001cc   Code   RO         3812    i.HAL_GPIO_Init     stm32f4xx_hal_gpio.o
    0x080019f0   0x0000000a   Code   RO         3816    i.HAL_GPIO_WritePin  stm32f4xx_hal_gpio.o
    0x080019fa   0x00000002   PAD
    0x080019fc   0x0000000c   Code   RO         4364    i.HAL_GetTick       stm32f4xx_hal.o
    0x08001a08   0x00000010   Code   RO         4370    i.HAL_IncTick       stm32f4xx_hal.o
    0x08001a18   0x00000034   Code   RO         4371    i.HAL_Init          stm32f4xx_hal.o
    0x08001a4c   0x00000040   Code   RO         4372    i.HAL_InitTick      stm32f4xx_hal.o
    0x08001a8c   0x00000038   Code   RO         1269    i.HAL_MspInit       stm32f4xx_hal_msp.o
    0x08001ac4   0x0000001a   Code   RO         4219    i.HAL_NVIC_EnableIRQ  stm32f4xx_hal_cortex.o
    0x08001ade   0x00000002   PAD
    0x08001ae0   0x00000040   Code   RO         4225    i.HAL_NVIC_SetPriority  stm32f4xx_hal_cortex.o
    0x08001b20   0x00000024   Code   RO         4226    i.HAL_NVIC_SetPriorityGrouping  stm32f4xx_hal_cortex.o
    0x08001b44   0x00000130   Code   RO         3406    i.HAL_RCC_ClockConfig  stm32f4xx_hal_rcc.o
    0x08001c74   0x00000020   Code   RO         3413    i.HAL_RCC_GetPCLK1Freq  stm32f4xx_hal_rcc.o
    0x08001c94   0x00000020   Code   RO         3414    i.HAL_RCC_GetPCLK2Freq  stm32f4xx_hal_rcc.o
    0x08001cb4   0x00000064   Code   RO         3415    i.HAL_RCC_GetSysClockFreq  stm32f4xx_hal_rcc.o
    0x08001d18   0x0000031c   Code   RO         3418    i.HAL_RCC_OscConfig  stm32f4xx_hal_rcc.o
    0x08002034   0x00000080   Code   RO         1840    i.HAL_SPI_Init      stm32f4xx_hal_spi.o
    0x080020b4   0x0000006c   Code   RO          953    i.HAL_SPI_MspInit   spi.o
    0x08002120   0x00000028   Code   RO         4230    i.HAL_SYSTICK_Config  stm32f4xx_hal_cortex.o
    0x08002148   0x00000002   Code   RO         2828    i.HAL_TIMEx_BreakCallback  stm32f4xx_hal_tim_ex.o
    0x0800214a   0x00000002   Code   RO         2829    i.HAL_TIMEx_CommutCallback  stm32f4xx_hal_tim_ex.o
    0x0800214c   0x00000042   Code   RO         2846    i.HAL_TIMEx_MasterConfigSynchronization  stm32f4xx_hal_tim_ex.o
    0x0800218e   0x00000036   Code   RO         2153    i.HAL_TIM_Base_Init  stm32f4xx_hal_tim.o
    0x080021c4   0x0000007c   Code   RO          995    i.HAL_TIM_Base_MspInit  tim.o
    0x08002240   0x000000d6   Code   RO         2162    i.HAL_TIM_ConfigClockSource  stm32f4xx_hal_tim.o
    0x08002316   0x00000002   Code   RO         2182    i.HAL_TIM_IC_CaptureCallback  stm32f4xx_hal_tim.o
    0x08002318   0x00000166   Code   RO         2196    i.HAL_TIM_IRQHandler  stm32f4xx_hal_tim.o
    0x0800247e   0x00000002   Code   RO         2199    i.HAL_TIM_OC_DelayElapsedCallback  stm32f4xx_hal_tim.o
    0x08002480   0x00000002   Code   RO         2226    i.HAL_TIM_PWM_PulseFinishedCallback  stm32f4xx_hal_tim.o
    0x08002482   0x00000002   Code   RO         2234    i.HAL_TIM_PeriodElapsedCallback  stm32f4xx_hal_tim.o
    0x08002484   0x00000002   Code   RO         2239    i.HAL_TIM_TriggerCallback  stm32f4xx_hal_tim.o
    0x08002486   0x00000002   Code   RO         3100    i.HAL_UART_ErrorCallback  stm32f4xx_hal_uart.o
    0x08002488   0x00000110   Code   RO         3103    i.HAL_UART_IRQHandler  stm32f4xx_hal_uart.o
    0x08002598   0x00000062   Code   RO         3104    i.HAL_UART_Init     stm32f4xx_hal_uart.o
    0x080025fa   0x00000002   PAD
    0x080025fc   0x00000294   Code   RO         1049    i.HAL_UART_MspInit  usart.o
    0x08002890   0x00000002   Code   RO         3110    i.HAL_UART_RxCpltCallback  stm32f4xx_hal_uart.o
    0x08002892   0x00000002   Code   RO         3115    i.HAL_UART_TxCpltCallback  stm32f4xx_hal_uart.o
    0x08002894   0x00000030   Code   RO          812    i.HAlCANFilter1     can.o
    0x080028c4   0x00000030   Code   RO          813    i.HAlCANFilter2     can.o
    0x080028f4   0x00000002   Code   RO         1121    i.HardFault_Handler  stm32f4xx_it.o
    0x080028f6   0x00000012   Code   RO          149    i.LPF_1st           pid.o
    0x08002908   0x00000064   Code   RO          763    i.MX_ADC1_Init      adc.o
    0x0800296c   0x00000048   Code   RO          814    i.MX_CAN1_Init      can.o
    0x080029b4   0x00000048   Code   RO          815    i.MX_CAN2_Init      can.o
    0x080029fc   0x0000007c   Code   RO          871    i.MX_DMA_Init       dma.o
    0x08002a78   0x00000054   Code   RO          895    i.MX_FREERTOS_Init  freertos.o
    0x08002acc   0x000001cc   Code   RO          736    i.MX_GPIO_Init      gpio.o
    0x08002c98   0x00000048   Code   RO          954    i.MX_SPI5_Init      spi.o
    0x08002ce0   0x00000068   Code   RO          996    i.MX_TIM3_Init      tim.o
    0x08002d48   0x00000060   Code   RO          997    i.MX_TIM5_Init      tim.o
    0x08002da8   0x00000048   Code   RO          998    i.MX_TIM6_Init      tim.o
    0x08002df0   0x0000003c   Code   RO         1050    i.MX_USART1_UART_Init  usart.o
    0x08002e2c   0x00000038   Code   RO         1051    i.MX_USART2_UART_Init  usart.o
    0x08002e64   0x00000038   Code   RO         1052    i.MX_USART3_UART_Init  usart.o
    0x08002e9c   0x00000038   Code   RO         1053    i.MX_USART6_UART_Init  usart.o
    0x08002ed4   0x00000002   Code   RO         1122    i.MemManage_Handler  stm32f4xx_it.o
    0x08002ed6   0x00000002   PAD
    0x08002ed8   0x00000204   Code   RO          351    i.MouseKeyControlProcess  data_pro_task.o
    0x080030dc   0x00000002   Code   RO         1123    i.NMI_Handler       stm32f4xx_it.o
    0x080030de   0x00000002   PAD
    0x080030e0   0x00000018   Code   RO          150    i.PID_struct_init   pid.o
    0x080030f8   0x00000030   Code   RO          352    i.Remote_Data_Task  data_pro_task.o
    0x08003128   0x00000008   Code   RO          896    i.StartDefaultTask  freertos.o
    0x08003130   0x00000018   Code   RO         1124    i.SysTick_Handler   stm32f4xx_it.o
    0x08003148   0x00000088   Code   RO          690    i.SystemClock_Config  main.o
    0x080031d0   0x00000054   Code   RO         4617    i.SystemInit        system_stm32f4xx.o
    0x08003224   0x0000000c   Code   RO         1125    i.TIM3_IRQHandler   stm32f4xx_it.o
    0x08003230   0x0000000c   Code   RO         1126    i.TIM6_DAC_IRQHandler  stm32f4xx_it.o
    0x0800323c   0x000000c8   Code   RO         2241    i.TIM_Base_SetConfig  stm32f4xx_hal_tim.o
    0x08003304   0x00000014   Code   RO         2252    i.TIM_ETR_SetConfig  stm32f4xx_hal_tim.o
    0x08003318   0x00000010   Code   RO         2253    i.TIM_ITRx_SetConfig  stm32f4xx_hal_tim.o
    0x08003328   0x00000022   Code   RO         2259    i.TIM_TI1_ConfigInputStage  stm32f4xx_hal_tim.o
    0x0800334a   0x00000024   Code   RO         2261    i.TIM_TI2_ConfigInputStage  stm32f4xx_hal_tim.o
    0x0800336e   0x00000010   Code   RO         3117    i.UART_DMAAbortOnError  stm32f4xx_hal_uart.o
    0x0800337e   0x0000001c   Code   RO         3127    i.UART_EndRxTransfer  stm32f4xx_hal_uart.o
    0x0800339a   0x00000096   Code   RO         3129    i.UART_Receive_IT   stm32f4xx_hal_uart.o
    0x08003430   0x000002ac   Code   RO         3130    i.UART_SetConfig    stm32f4xx_hal_uart.o
    0x080036dc   0x00000062   Code   RO         3131    i.UART_Transmit_IT  stm32f4xx_hal_uart.o
    0x0800373e   0x00000002   PAD
    0x08003740   0x000000ec   Code   RO         1127    i.USART1_IRQHandler  stm32f4xx_it.o
    0x0800382c   0x0000000c   Code   RO         1128    i.USART2_IRQHandler  stm32f4xx_it.o
    0x08003838   0x0000000c   Code   RO         1129    i.USART6_IRQHandler  stm32f4xx_it.o
    0x08003844   0x00000002   Code   RO         1130    i.UsageFault_Handler  stm32f4xx_it.o
    0x08003846   0x00000020   Code   RO         4232    i.__NVIC_SetPriority  stm32f4xx_hal_cortex.o
    0x08003866   0x0000000e   Code   RO         6094    i.__scatterload_copy  mc_w.l(handlers.o)
    0x08003874   0x00000002   Code   RO         6095    i.__scatterload_null  mc_w.l(handlers.o)
    0x08003876   0x0000000e   Code   RO         6096    i.__scatterload_zeroinit  mc_w.l(handlers.o)
    0x08003884   0x00000040   Code   RO          601    i.get_moto_measure_3508  can_use_moto.o
    0x080038c4   0x0000000a   Code   RO          603    i.get_moto_offset   can_use_moto.o
    0x080038ce   0x0000004a   Code   RO          691    i.main              main.o
    0x08003918   0x0000000c   Code   RO         5419    i.makeFreeRtosPriority  cmsis_os.o
    0x08003924   0x0000002a   Code   RO           13    i.motor_move_setvmmps  mecanum_calc.o
    0x0800394e   0x0000000e   Code   RO         5421    i.osDelay           cmsis_os.o
    0x0800395c   0x0000000e   Code   RO         5422    i.osDelayUntil      cmsis_os.o
    0x0800396a   0x0000000a   Code   RO         5424    i.osKernelStart     cmsis_os.o
    0x08003974   0x00000054   Code   RO         5458    i.osThreadCreate    cmsis_os.o
    0x080039c8   0x000001dc   Code   RO          151    i.pid_calc          pid.o
    0x08003ba4   0x0000000e   Code   RO          152    i.pid_param_init    pid.o
    0x08003bb2   0x00000006   Code   RO          153    i.pid_reset         pid.o
    0x08003bb8   0x00000070   Code   RO         5110    i.prvAddCurrentTaskToDelayedList  tasks.o
    0x08003c28   0x000000d0   Code   RO         5111    i.prvAddNewTaskToReadyList  tasks.o
    0x08003cf8   0x00000034   Code   RO         5112    i.prvDeleteTCB      tasks.o
    0x08003d2c   0x0000004c   Code   RO         5786    i.prvHeapInit       heap_4.o
    0x08003d78   0x00000060   Code   RO         5113    i.prvIdleTask       tasks.o
    0x08003dd8   0x0000008e   Code   RO         5114    i.prvInitialiseNewTask  tasks.o
    0x08003e66   0x00000002   PAD
    0x08003e68   0x0000004c   Code   RO         5787    i.prvInsertBlockIntoFreeList  heap_4.o
    0x08003eb4   0x00000020   Code   RO         5115    i.prvResetNextTaskUnblockTime  tasks.o
    0x08003ed4   0x00000028   Code   RO         5848    i.prvTaskExitError  port.o
    0x08003efc   0x000000d8   Code   RO         5788    i.pvPortMalloc      heap_4.o
    0x08003fd4   0x0000002c   Code   RO         5849    i.pxPortInitialiseStack  port.o
    0x08004000   0x00000026   Code   RO         4755    i.uxListRemove      list.o
    0x08004026   0x00000002   PAD
    0x08004028   0x00000014   Code   RO          897    i.vApplicationGetIdleTaskMemory  freertos.o
    0x0800403c   0x00000016   Code   RO         4756    i.vListInitialise   list.o
    0x08004052   0x00000006   Code   RO         4757    i.vListInitialiseItem  list.o
    0x08004058   0x00000030   Code   RO         4758    i.vListInsert       list.o
    0x08004088   0x00000018   Code   RO         4759    i.vListInsertEnd    list.o
    0x080040a0   0x00000040   Code   RO         5851    i.vPortEnterCritical  port.o
    0x080040e0   0x00000028   Code   RO         5852    i.vPortExitCritical  port.o
    0x08004108   0x0000005c   Code   RO         5789    i.vPortFree         heap_4.o
    0x08004164   0x00000024   Code   RO         5853    i.vPortSetupTimerInterrupt  port.o
    0x08004188   0x0000004c   Code   RO         5123    i.vTaskDelay        tasks.o
    0x080041d4   0x0000008c   Code   RO         5124    i.vTaskDelayUntil   tasks.o
    0x08004260   0x0000006c   Code   RO         5137    i.vTaskStartScheduler  tasks.o
    0x080042cc   0x00000010   Code   RO         5139    i.vTaskSuspendAll   tasks.o
    0x080042dc   0x0000005c   Code   RO         5140    i.vTaskSwitchContext  tasks.o
    0x08004338   0x000000f4   Code   RO         5855    i.xPortStartScheduler  port.o
    0x0800442c   0x0000002c   Code   RO         5856    i.xPortSysTickHandler  port.o
    0x08004458   0x0000005a   Code   RO         5142    i.xTaskCreate       tasks.o
    0x080044b2   0x00000056   Code   RO         5143    i.xTaskCreateStatic  tasks.o
    0x08004508   0x0000001c   Code   RO         5147    i.xTaskGetSchedulerState  tasks.o
    0x08004524   0x0000000c   Code   RO         5148    i.xTaskGetTickCount  tasks.o
    0x08004530   0x000000c8   Code   RO         5150    i.xTaskIncrementTick  tasks.o
    0x080045f8   0x000000c4   Code   RO         5156    i.xTaskResumeAll    tasks.o
    0x080046bc   0x00000054   Data   RO          899    .constdata          freertos.o
    0x08004710   0x00000008   Data   RO         3931    .constdata          stm32f4xx_hal_dma.o
    0x08004718   0x00000010   Data   RO         4618    .constdata          system_stm32f4xx.o
    0x08004728   0x00000008   Data   RO         4619    .constdata          system_stm32f4xx.o
    0x08004730   0x00000804   Data   RO         6036    .constdata          arm_cortexM4lf_math.lib(arm_common_tables.o)
    0x08004f34   0x00000028   Data   RO          900    .conststring        freertos.o
    0x08004f5c   0x00000020   Data   RO         6092    Region$$Table       anon$$obj.o


    Execution Region RW_IRAM1 (Base: 0x20000000, Size: 0x00004d78, Max: 0x00030000, ABSOLUTE)

    Base Addr    Size         Type   Attr      Idx    E Section Name        Object

    0x20000000   0x00000010   Data   RW          287    .data               chassis_task.o
    0x20000010   0x00000008   Data   RW          353    .data               data_pro_task.o
    0x20000018   0x00000014   Data   RW          609    .data               can_use_moto.o
    0x2000002c   0x00000008   Data   RW          610    .data               can_use_moto.o
    0x20000034   0x00000004   Data   RW          817    .data               can.o
    0x20000038   0x00000008   Data   RW          901    .data               freertos.o
    0x20000040   0x00000001   Data   RW         1131    .data               stm32f4xx_it.o
    0x20000041   0x00000003   PAD
    0x20000044   0x0000000c   Data   RW         4378    .data               stm32f4xx_hal.o
    0x20000050   0x00000004   Data   RW         4620    .data               system_stm32f4xx.o
    0x20000054   0x0000003c   Data   RW         5159    .data               tasks.o
    0x20000090   0x00000018   Data   RW         5794    .data               heap_4.o
    0x200000a8   0x0000000c   Data   RW         5857    .data               port.o
    0x200000b4   0x00000320   Zero   RW          282    .bss                chassis_task.o
    0x200003d4   0x00000034   Zero   RW          501    .bss                remote.o
    0x20000408   0x000000f0   Zero   RW          604    .bss                can_use_moto.o
    0x200004f8   0x0000001c   Zero   RW          605    .bss                can_use_moto.o
    0x20000514   0x00000090   Zero   RW          606    .bss                can_use_moto.o
    0x200005a4   0x000000a8   Zero   RW          765    .bss                adc.o
    0x2000064c   0x00000050   Zero   RW          816    .bss                can.o
    0x2000069c   0x00000254   Zero   RW          898    .bss                freertos.o
    0x200008f0   0x00000058   Zero   RW          955    .bss                spi.o
    0x20000948   0x000000c0   Zero   RW          999    .bss                tim.o
    0x20000a08   0x00000280   Zero   RW         1054    .bss                usart.o
    0x20000c88   0x000000f0   Zero   RW         5158    .bss                tasks.o
    0x20000d78   0x00003c00   Zero   RW         5793    .bss                heap_4.o
    0x20004978   0x00000400   Zero   RW            1    STACK               startup_stm32f427xx.o


==============================================================================

Image component sizes


      Code (inc. data)   RO Data    RW Data    ZI Data      Debug   Object Name

       252         34          0          0        168       1868   adc.o
        96         10          0          0          0        535   bsp.o
       492         54          0          4         80       3494   can.o
       270         26          0         28        412       5949   can_use_moto.o
       656         72          0         16        800       4651   chassis_task.o
       134          0          0          0          0      23124   cmsis_os.o
       664         52          0          8          0       2471   data_pro_task.o
       124          4          0          0          0        818   dma.o
         0          0          0          0          0      18120   event_groups.o
       112         14        124          8        596       2611   freertos.o
       460         38          0          0          0       1199   gpio.o
       460         24          0         24      15360       7307   heap_4.o
       138          0          0          0          0       3530   list.o
       212         10          0          0          0       2336   main.o
        42          0          0          0          0     771698   mecanum_calc.o
       580         16          0          0          0       5121   pid.o
       702         72          0         12          0      11072   port.o
         0          0          0          0         52       1416   remote.o
       180         24          0          0         88       1645   spi.o
        36          8        428          0       1024        836   startup_stm32f427xx.o
       144         24          0         12          0       3929   stm32f4xx_hal.o
       736         34          0          0          0       2887   stm32f4xx_hal_adc.o
      1638          6          0          0          0      14257   stm32f4xx_hal_can.o
       198         14          0          0          0      33935   stm32f4xx_hal_cortex.o
       788         16          8          0          0       4723   stm32f4xx_hal_dma.o
       496         58          0          0          0       3612   stm32f4xx_hal_gpio.o
        56          4          0          0          0        834   stm32f4xx_hal_msp.o
      1264         80          0          0          0       5144   stm32f4xx_hal_rcc.o
       128          0          0          0          0       1215   stm32f4xx_hal_spi.o
       942         44          0          0          0       9921   stm32f4xx_hal_tim.o
        70          0          0          0          0       2429   stm32f4xx_hal_tim_ex.o
      1352         14          0          0          0       7439   stm32f4xx_hal_uart.o
       598        114          0          1          0      11955   stm32f4xx_it.o
         0          0          0          0          0        384   stream_buffer.o
        84         18         24          4          0       1155   system_stm32f4xx.o
         0          0          0          0          0      30704   systemstate.o
      1686        130          0         60        240      18877   tasks.o
       396         44          0          0        192       2936   tim.o
       888         88          0          0        640       4101   usart.o

    ----------------------------------------------------------------------
     17102       1146        616        180      19652    1030238   Object Totals
         0          0         32          0          0          0   (incl. Generated)
        28          0          0          3          0          0   (incl. Padding)

    ----------------------------------------------------------------------

      Code (inc. data)   RO Data    RW Data    ZI Data      Debug   Library Member Name

         0          0       2052          0          0       4636   arm_common_tables.o
       260         18          0          0          0      17142   arm_sin_cos_f32.o
         0          0          0          0          0          0   entry.o
         0          0          0          0          0          0   entry10a.o
         0          0          0          0          0          0   entry11a.o
         8          4          0          0          0          0   entry2.o
         4          0          0          0          0          0   entry5.o
         0          0          0          0          0          0   entry7b.o
         0          0          0          0          0          0   entry8b.o
         8          4          0          0          0          0   entry9a.o
        30          0          0          0          0          0   handlers.o
        36          8          0          0          0         68   init.o
        30          0          0          0          0         68   llshl.o
        32          0          0          0          0         68   llushr.o
        36          0          0          0          0         68   memcpya.o
        36          0          0          0          0        108   memseta.o
        98          0          0          0          0         92   uldiv.o

    ----------------------------------------------------------------------
       578         34       2052          0          0      22250   Library Totals
         0          0          0          0          0          0   (incl. Padding)

    ----------------------------------------------------------------------

      Code (inc. data)   RO Data    RW Data    ZI Data      Debug   Library Name

       260         18       2052          0          0      21778   arm_cortexM4lf_math.lib
       318         16          0          0          0        472   mc_w.l

    ----------------------------------------------------------------------
       578         34       2052          0          0      22250   Library Totals

    ----------------------------------------------------------------------

==============================================================================


      Code (inc. data)   RO Data    RW Data    ZI Data      Debug   

     17680       1180       2668        180      19652    1035736   Grand Totals
     17680       1180       2668        180      19652    1035736   ELF Image Totals
     17680       1180       2668        180          0          0   ROM Totals

==============================================================================

    Total RO  Size (Code + RO Data)                20348 (  19.87kB)
    Total RW  Size (RW Data + ZI Data)             19832 (  19.37kB)
    Total ROM Size (Code + RO Data + RW Data)      20528 (  20.05kB)

==============================================================================

