Component: ARM Compiler 5.06 update 1 (build 61) Tool: armlink [4d35a8]

==============================================================================

Section Cross References

    startup_stm32f427xx.o(RESET) refers to startup_stm32f427xx.o(STACK) for __initial_sp
    startup_stm32f427xx.o(RESET) refers to startup_stm32f427xx.o(.text) for Reset_Handler
    startup_stm32f427xx.o(RESET) refers to stm32f4xx_it.o(i.NMI_Handler) for NMI_Handler
    startup_stm32f427xx.o(RESET) refers to stm32f4xx_it.o(i.HardFault_Handler) for HardFault_Handler
    startup_stm32f427xx.o(RESET) refers to stm32f4xx_it.o(i.MemManage_Handler) for MemManage_Handler
    startup_stm32f427xx.o(RESET) refers to stm32f4xx_it.o(i.BusFault_Handler) for BusFault_Handler
    startup_stm32f427xx.o(RESET) refers to stm32f4xx_it.o(i.UsageFault_Handler) for UsageFault_Handler
    startup_stm32f427xx.o(RESET) refers to port.o(.emb_text) for SVC_Handler
    startup_stm32f427xx.o(RESET) refers to stm32f4xx_it.o(i.DebugMon_Handler) for DebugMon_Handler
    startup_stm32f427xx.o(RESET) refers to stm32f4xx_it.o(i.SysTick_Handler) for SysTick_Handler
    startup_stm32f427xx.o(RESET) refers to stm32f4xx_it.o(i.EXTI2_IRQHandler) for EXTI2_IRQHandler
    startup_stm32f427xx.o(RESET) refers to stm32f4xx_it.o(i.EXTI4_IRQHandler) for EXTI4_IRQHandler
    startup_stm32f427xx.o(RESET) refers to stm32f4xx_it.o(i.DMA1_Stream1_IRQHandler) for DMA1_Stream1_IRQHandler
    startup_stm32f427xx.o(RESET) refers to stm32f4xx_it.o(i.DMA1_Stream5_IRQHandler) for DMA1_Stream5_IRQHandler
    startup_stm32f427xx.o(RESET) refers to stm32f4xx_it.o(i.CAN1_RX0_IRQHandler) for CAN1_RX0_IRQHandler
    startup_stm32f427xx.o(RESET) refers to stm32f4xx_it.o(i.EXTI9_5_IRQHandler) for EXTI9_5_IRQHandler
    startup_stm32f427xx.o(RESET) refers to stm32f4xx_it.o(i.TIM3_IRQHandler) for TIM3_IRQHandler
    startup_stm32f427xx.o(RESET) refers to stm32f4xx_it.o(i.USART1_IRQHandler) for USART1_IRQHandler
    startup_stm32f427xx.o(RESET) refers to stm32f4xx_it.o(i.USART2_IRQHandler) for USART2_IRQHandler
    startup_stm32f427xx.o(RESET) refers to stm32f4xx_it.o(i.TIM6_DAC_IRQHandler) for TIM6_DAC_IRQHandler
    startup_stm32f427xx.o(RESET) refers to stm32f4xx_it.o(i.DMA2_Stream1_IRQHandler) for DMA2_Stream1_IRQHandler
    startup_stm32f427xx.o(RESET) refers to stm32f4xx_it.o(i.DMA2_Stream2_IRQHandler) for DMA2_Stream2_IRQHandler
    startup_stm32f427xx.o(RESET) refers to stm32f4xx_it.o(i.DMA2_Stream4_IRQHandler) for DMA2_Stream4_IRQHandler
    startup_stm32f427xx.o(RESET) refers to stm32f4xx_it.o(i.CAN2_RX0_IRQHandler) for CAN2_RX0_IRQHandler
    startup_stm32f427xx.o(RESET) refers to stm32f4xx_it.o(i.USART6_IRQHandler) for USART6_IRQHandler
    startup_stm32f427xx.o(RESET) refers to stm32f4xx_it.o(i.UART8_IRQHandler) for UART8_IRQHandler
    startup_stm32f427xx.o(.text) refers to system_stm32f4xx.o(i.SystemInit) for SystemInit
    startup_stm32f427xx.o(.text) refers to entry.o(.ARM.Collect$$$$00000000) for __main
    pid.o(i.PID_struct_init) refers to pid.o(i.pid_param_init) for pid_param_init
    pid.o(i.PID_struct_init) refers to pid.o(i.pid_reset) for pid_reset
    pid.o(i.pid_calc) refers to pid.o(i.LPF_1st) for LPF_1st
    pid.o(i.pid_calc) refers to pid.o(i.ABS_limit) for ABS_limit
    systemstate.o(i.GetSystemTimer) refers to dflti.o(.text) for __aeabi_i2d
    systemstate.o(i.GetSystemTimer) refers to dfltui.o(.text) for __aeabi_ui2d
    systemstate.o(i.GetSystemTimer) refers to ddiv.o(.text) for __aeabi_ddiv
    systemstate.o(i.GetSystemTimer) refers to dadd.o(.text) for __aeabi_dadd
    systemstate.o(i.GetSystemTimer) refers to d2f.o(.text) for __aeabi_d2f
    systemstate.o(i.GetSystemTimer) refers to systemstate.o(.bss) for .bss
    systemstate.o(i.OutLine_Check) refers to systemstate.o(i.GetSystemTimer) for GetSystemTimer
    systemstate.o(i.OutLine_Check) refers to systemstate.o(.bss) for .bss
    systemstate.o(i.RefreshDeviceOutLineTime) refers to systemstate.o(i.GetSystemTimer) for GetSystemTimer
    systemstate.o(i.RefreshDeviceOutLineTime) refers to systemstate.o(.bss) for .bss
    systemstate.o(i.RefreshSysTime) refers to systemstate.o(.bss) for .bss
    systemstate.o(i.RefreshTaskOutLineTime) refers to systemstate.o(i.GetSystemTimer) for GetSystemTimer
    systemstate.o(i.RefreshTaskOutLineTime) refers to systemstate.o(.bss) for .bss
    systemstate.o(i.SystemState_Inite) refers to systemstate.o(.bss) for .bss
    systemstate.o(i.TASK_Check) refers to systemstate.o(i.GetSystemTimer) for GetSystemTimer
    systemstate.o(i.TASK_Check) refers to systemstate.o(.bss) for .bss
    data_pro_task.o(i.ChassisModeProcess) refers to can_use_moto.o(i.CAN_Send_YK) for CAN_Send_YK
    data_pro_task.o(i.ChassisModeProcess) refers to remote.o(.bss) for RC_Ctl
    data_pro_task.o(i.ChassisModeProcess) refers to can_use_moto.o(.data) for chassis_gimble_Mode_flg
    data_pro_task.o(i.ChassisModeProcess) refers to can.o(.bss) for hcan1
[...]
    i.HAL_TIM_OC_DelayElapsedCallback        0x08002296   Section        0  stm32f4xx_hal_tim.o(i.HAL_TIM_OC_DelayElapsedCallback)
    i.HAL_TIM_PWM_PulseFinishedCallback      0x08002298   Section        0  stm32f4xx_hal_tim.o(i.HAL_TIM_PWM_PulseFinishedCallback)
    i.HAL_TIM_PeriodElapsedCallback          0x0800229c   Section        0  stm32f4xx_it.o(i.HAL_TIM_PeriodElapsedCallback)
    i.HAL_TIM_TriggerCallback                0x080022b0   Section        0  stm32f4xx_hal_tim.o(i.HAL_TIM_TriggerCallback)
    i.HAL_UART_ErrorCallback                 0x080022b2   Section        0  stm32f4xx_hal_uart.o(i.HAL_UART_ErrorCallback)
    i.HAL_UART_IRQHandler                    0x080022b4   Section        0  stm32f4xx_hal_uart.o(i.HAL_UART_IRQHandler)
    i.HAL_UART_Init                          0x080023c4   Section        0  stm32f4xx_hal_uart.o(i.HAL_UART_Init)
    i.HAL_UART_MspInit                       0x08002428   Section        0  usart.o(i.HAL_UART_MspInit)
    i.HAL_UART_RxCpltCallback                0x08002718   Section        0  stm32f4xx_hal_uart.o(i.HAL_UART_RxCpltCallback)
    i.HAL_UART_Transmit                      0x0800271a   Section        0  stm32f4xx_hal_uart.o(i.HAL_UART_Transmit)
    i.HAL_UART_TxCpltCallback                0x080027d4   Section        0  stm32f4xx_hal_uart.o(i.HAL_UART_TxCpltCallback)
    i.HAlCANFilter1                          0x080027d8   Section        0  can.o(i.HAlCANFilter1)
    i.HAlCANFilter2                          0x08002808   Section        0  can.o(i.HAlCANFilter2)
    i.HardFault_Handler                      0x08002838   Section        0  stm32f4xx_it.o(i.HardFault_Handler)
    i.IMU_Get_Data                           0x0800283c   Section        0  mpu6500.o(i.IMU_Get_Data)
    i.JY61_Data_Pro                          0x080028f4   Section        0  jy61.o(i.JY61_Data_Pro)
    i.LPF_1st                                0x08002b18   Section        0  pid.o(i.LPF_1st)
    i.Limit_filter                           0x08002b2a   Section        0  jy61.o(i.Limit_filter)
    i.MPU6500_Init                           0x08002b50   Section        0  mpu6500.o(i.MPU6500_Init)
    i.MPU6500_Read_Reg                       0x08002c34   Section        0  mpu6500.o(i.MPU6500_Read_Reg)
    i.MPU6500_Read_Regs                      0x08002c84   Section        0  mpu6500.o(i.MPU6500_Read_Regs)
    i.MPU6500_Write_Reg                      0x08002ce0   Section        0  mpu6500.o(i.MPU6500_Write_Reg)
    i.MX_CAN1_Init                           0x08002d34   Section        0  can.o(i.MX_CAN1_Init)
    i.MX_CAN2_Init                           0x08002d7c   Section        0  can.o(i.MX_CAN2_Init)
    i.MX_DMA_Init                            0x08002dc4   Section        0  dma.o(i.MX_DMA_Init)
    i.MX_FREERTOS_Init                       0x08002e50   Section        0  freertos.o(i.MX_FREERTOS_Init)
    i.MX_GPIO_Init                           0x08002e78   Section        0  gpio.o(i.MX_GPIO_Init)
    i.MX_SPI5_Init                           0x08003068   Section        0  spi.o(i.MX_SPI5_Init)
    i.MX_UART8_Init                          0x080030b0   Section        0  usart.o(i.MX_UART8_Init)
    i.MX_USART1_UART_Init                    0x080030e8   Section        0  usart.o(i.MX_USART1_UART_Init)
    i.MX_USART2_UART_Init                    0x08003124   Section        0  usart.o(i.MX_USART2_UART_Init)
    i.MX_USART3_UART_Init                    0x0800315c   Section        0  usart.o(i.MX_USART3_UART_Init)
    i.MX_USART6_UART_Init                    0x08003194   Section        0  usart.o(i.MX_USART6_UART_Init)
    i.MemManage_Handler                      0x080031cc   Section        0  stm32f4xx_it.o(i.MemManage_Handler)
    i.NMI_Handler                            0x080031ce   Section        0  stm32f4xx_it.o(i.NMI_Handler)
    i.PID_struct_init                        0x080031d0   Section        0  pid.o(i.PID_struct_init)
    i.Power_Init                             0x080031e8   Section        0  bsp.o(i.Power_Init)
    i.Referee_Data_Handler                   0x0800321c   Section        0  protocol.o(i.Referee_Data_Handler)
    i.RefreshDeviceOutLineTime               0x08003384   Section        0  systemstate.o(i.RefreshDeviceOutLineTime)
    i.RefreshSysTime                         0x0800339c   Section        0  systemstate.o(i.RefreshSysTime)
    i.Remote_Ctrl                            0x080033ac   Section        0  remote.o(i.Remote_Ctrl)
    i.SPI_EndRxTxTransaction                 0x08003420   Section        0  stm32f4xx_hal_spi.o(i.SPI_EndRxTxTransaction)
    SPI_EndRxTxTransaction                   0x08003421   Thumb Code    32  stm32f4xx_hal_spi.o(i.SPI_EndRxTxTransaction)
    i.SPI_WaitFlagStateUntilTimeout          0x08003440   Section        0  stm32f4xx_hal_spi.o(i.SPI_WaitFlagStateUntilTimeout)
    SPI_WaitFlagStateUntilTimeout            0x08003441   Thumb Code   148  stm32f4xx_hal_spi.o(i.SPI_WaitFlagStateUntilTimeout)
    i.SysTick_Handler                        0x080034d4   Section        0  stm32f4xx_it.o(i.SysTick_Handler)
    i.SystemClock_Config                     0x080034ec   Section        0  main.o(i.SystemClock_Config)
    i.SystemInit                             0x08003574   Section        0  system_stm32f4xx.o(i.SystemInit)
    i.TIM3_IRQHandler                        0x080035c8   Section        0  stm32f4xx_it.o(i.TIM3_IRQHandler)
    i.TIM6_DAC_IRQHandler                    0x080035d4   Section        0  stm32f4xx_it.o(i.TIM6_DAC_IRQHandler)
    i.UART8_IRQHandler                       0x080035e0   Section        0  stm32f4xx_it.o(i.UART8_IRQHandler)
    i.UART_DMAAbortOnError                   0x08003634   Section        0  stm32f4xx_hal_uart.o(i.UART_DMAAbortOnError)
    UART_DMAAbortOnError                     0x08003635   Thumb Code    16  stm32f4xx_hal_uart.o(i.UART_DMAAbortOnError)
    i.UART_EndRxTransfer                     0x08003644   Section        0  stm32f4xx_hal_uart.o(i.UART_EndRxTransfer)
    UART_EndRxTransfer                       0x08003645   Thumb Code    28  stm32f4xx_hal_uart.o(i.UART_EndRxTransfer)
    i.UART_Receive_IT                        0x08003660   Section        0  stm32f4xx_hal_uart.o(i.UART_Receive_IT)
    UART_Receive_IT                          0x08003661   Thumb Code   150  stm32f4xx_hal_uart.o(i.UART_Receive_IT)
    i.UART_SetConfig                         0x080036f8   Section        0  stm32f4xx_hal_uart.o(i.UART_SetConfig)
    UART_SetConfig                           0x080036f9   Thumb Code   676  stm32f4xx_hal_uart.o(i.UART_SetConfig)
    i.UART_Transmit_IT                       0x080039a4   Section        0  stm32f4xx_hal_uart.o(i.UART_Transmit_IT)
    UART_Transmit_IT                         0x080039a5   Thumb Code    98  stm32f4xx_hal_uart.o(i.UART_Transmit_IT)
    i.UART_WaitOnFlagUntilTimeout            0x08003a06   Section        0  stm32f4xx_hal_uart.o(i.UART_WaitOnFlagUntilTimeout)
    UART_WaitOnFlagUntilTimeout              0x08003a07   Thumb Code   100  stm32f4xx_hal_uart.o(i.UART_WaitOnFlagUntilTimeout)
    i.USART1_IRQHandler                      0x08003a6c   Section        0  stm32f4xx_it.o(i.USART1_IRQHandler)
    i.USART2_IRQHandler                      0x08003b54   Section        0  stm32f4xx_it.o(i.USART2_IRQHandler)
    i.USART6_IRQHandler                      0x08003b60   Section        0  stm32f4xx_it.o(i.USART6_IRQHandler)
    i.UsageFault_Handler                     0x08003bb4   Section        0  stm32f4xx_it.o(i.UsageFault_Handler)
    i.Usart_SendArray                        0x08003bb6   Section        0  shiboqi.o(i.Usart_SendArray)
    i.Usart_SendByte                         0x08003bd8   Section        0  shiboqi.o(i.Usart_SendByte)
    i.__NVIC_SetPriority                     0x08003be6   Section        0  stm32f4xx_hal_cortex.o(i.__NVIC_SetPriority)
    __NVIC_SetPriority                       0x08003be7   Thumb Code    32  stm32f4xx_hal_cortex.o(i.__NVIC_SetPriority)
    i.__scatterload_copy                     0x08003c06   Section       14  handlers.o(i.__scatterload_copy)
    i.__scatterload_null                     0x08003c14   Section        2  handlers.o(i.__scatterload_null)
    i.__scatterload_zeroinit                 0x08003c16   Section       14  handlers.o(i.__scatterload_zeroinit)
    i.delay_init                             0x08003c24   Section        0  main.o(i.delay_init)
    i.delay_us                               0x08003c44   Section        0  main.o(i.delay_us)
    i.get_crc16_check_sum                    0x08003c78   Section        0  protocol.o(i.get_crc16_check_sum)
    i.get_crc8_check_sum                     0x08003ca4   Section        0  protocol.o(i.get_crc8_check_sum)
    i.get_moto_measure_3508                  0x08003cc4   Section        0  can_use_moto.o(i.get_moto_measure_3508)
    i.get_moto_offset                        0x08003d04   Section        0  can_use_moto.o(i.get_moto_offset)
    i.main                                   0x08003d0e   Section        0  main.o(i.main)
    i.makeFreeRtosPriority                   0x08003d2c   Section        0  cmsis_os.o(i.makeFreeRtosPriority)
    makeFreeRtosPriority                     0x08003d2d   Thumb Code    12  cmsis_os.o(i.makeFreeRtosPriority)
    i.osDelayUntil                           0x08003d38   Section        0  cmsis_os.o(i.osDelayUntil)
    i.osKernelStart                          0x08003d46   Section        0  cmsis_os.o(i.osKernelStart)
    i.osThreadCreate                         0x08003d50   Section        0  cmsis_os.o(i.osThreadCreate)
    i.pid_calc                               0x08003da4   Section        0  pid.o(i.pid_calc)
    i.pid_param_init                         0x08003f80   Section        0  pid.o(i.pid_param_init)
    pid_param_init                           0x08003f81   Thumb Code    14  pid.o(i.pid_param_init)
    i.pid_reset                              0x08003f8e   Section        0  pid.o(i.pid_reset)
    pid_reset                                0x08003f8f   Thumb Code     6  pid.o(i.pid_reset)
    i.prvAddCurrentTaskToDelayedList         0x08003f94   Section        0  tasks.o(i.prvAddCurrentTaskToDelayedList)
    prvAddCurrentTaskToDelayedList           0x08003f95   Thumb Code   102  tasks.o(i.prvAddCurrentTaskToDelayedList)
    i.prvAddNewTaskToReadyList               0x08004004   Section        0  tasks.o(i.prvAddNewTaskToReadyList)
    prvAddNewTaskToReadyList                 0x08004005   Thumb Code   194  tasks.o(i.prvAddNewTaskToReadyList)
    i.prvDeleteTCB                           0x080040d4   Section        0  tasks.o(i.prvDeleteTCB)
    prvDeleteTCB                             0x080040d5   Thumb Code    52  tasks.o(i.prvDeleteTCB)
    i.prvHeapInit                            0x08004108   Section        0  heap_4.o(i.prvHeapInit)
    prvHeapInit                              0x08004109   Thumb Code    66  heap_4.o(i.prvHeapInit)
    i.prvIdleTask                            0x08004154   Section        0  tasks.o(i.prvIdleTask)
    prvIdleTask                              0x08004155   Thumb Code    82  tasks.o(i.prvIdleTask)
    i.prvInitialiseNewTask                   0x080041b4   Section        0  tasks.o(i.prvInitialiseNewTask)
    prvInitialiseNewTask                     0x080041b5   Thumb Code   142  tasks.o(i.prvInitialiseNewTask)
    i.prvInsertBlockIntoFreeList             0x08004244   Section        0  heap_4.o(i.prvInsertBlockIntoFreeList)
    prvInsertBlockIntoFreeList               0x08004245   Thumb Code    72  heap_4.o(i.prvInsertBlockIntoFreeList)
    i.prvResetNextTaskUnblockTime            0x08004290   Section        0  tasks.o(i.prvResetNextTaskUnblockTime)
    prvResetNextTaskUnblockTime              0x08004291   Thumb Code    26  tasks.o(i.prvResetNextTaskUnblockTime)
    i.prvTaskExitError                       0x080042b0   Section        0  port.o(i.prvTaskExitError)
    prvTaskExitError                         0x080042b1   Thumb Code    36  port.o(i.prvTaskExitError)
    i.pvPortMalloc                           0x080042d8   Section        0  heap_4.o(i.pvPortMalloc)
    i.pxPortInitialiseStack                  0x080043b0   Section        0  port.o(i.pxPortInitialiseStack)
    i.testOfMochaTask                        0x080043dc   Section        0  test.o(i.testOfMochaTask)
    i.testOfMocha_pid_init                   0x080045b0   Section        0  test.o(i.testOfMocha_pid_init)
    i.uxListRemove                           0x0800464c   Section        0  list.o(i.uxListRemove)
    i.vApplicationGetIdleTaskMemory          0x08004674   Section        0  freertos.o(i.vApplicationGetIdleTaskMemory)
    i.vListInitialise                        0x08004688   Section        0  list.o(i.vListInitialise)
    i.vListInitialiseItem                    0x0800469e   Section        0  list.o(i.vListInitialiseItem)
    i.vListInsert                            0x080046a4   Section        0  list.o(i.vListInsert)
    i.vListInsertEnd                         0x080046d4   Section        0  list.o(i.vListInsertEnd)
    i.vPortEnterCritical                     0x080046ec   Section        0  port.o(i.vPortEnterCritical)
    i.vPortExitCritical                      0x0800472c   Section        0  port.o(i.vPortExitCritical)
    i.vPortFree                              0x08004754   Section        0  heap_4.o(i.vPortFree)
    i.vPortSetupTimerInterrupt               0x080047b0   Section        0  port.o(i.vPortSetupTimerInterrupt)
    i.vTaskDelayUntil                        0x080047d4   Section        0  tasks.o(i.vTaskDelayUntil)
    i.vTaskStartScheduler                    0x08004860   Section        0  tasks.o(i.vTaskStartScheduler)
    i.vTaskSuspendAll                        0x080048cc   Section        0  tasks.o(i.vTaskSuspendAll)
    i.vTaskSwitchContext                     0x080048dc   Section        0  tasks.o(i.vTaskSwitchContext)
    i.vcan_sendware                          0x08004938   Section        0  shiboqi.o(i.vcan_sendware)
    i.verify_crc16_check_sum                 0x08004978   Section        0  protocol.o(i.verify_crc16_check_sum)
    i.verify_crc8_check_sum                  0x080049b4   Section        0  protocol.o(i.verify_crc8_check_sum)
    i.xPortStartScheduler                    0x080049e0   Section        0  port.o(i.xPortStartScheduler)
    i.xPortSysTickHandler                    0x08004ad4   Section        0  port.o(i.xPortSysTickHandler)
    i.xTaskCreate                            0x08004b00   Section        0  tasks.o(i.xTaskCreate)
    i.xTaskCreateStatic                      0x08004b5a   Section        0  tasks.o(i.xTaskCreateStatic)
    i.xTaskGetSchedulerState                 0x08004bb0   Section        0  tasks.o(i.xTaskGetSchedulerState)
    i.xTaskGetTickCount                      0x08004bcc   Section        0  tasks.o(i.xTaskGetTickCount)
    i.xTaskIncrementTick                     0x08004bd8   Section        0  tasks.o(i.xTaskIncrementTick)
    i.xTaskResumeAll                         0x08004ca0   Section        0  tasks.o(i.xTaskResumeAll)
    .constdata                               0x08004d64   Section       20  mpu6500.o(.constdata)
    .constdata                               0x08004d78   Section      796  protocol.o(.constdata)
    .constdata                               0x08005094   Section       28  freertos.o(.constdata)
    .constdata                               0x080050b0   Section        8  stm32f4xx_hal_dma.o(.constdata)
    flagBitshiftOffset                       0x080050b0   Data           8  stm32f4xx_hal_dma.o(.constdata)
    .constdata                               0x080050b8   Section       16  system_stm32f4xx.o(.constdata)
    .constdata                               0x080050c8   Section        8  system_stm32f4xx.o(.constdata)
    .conststring                             0x080050d0   Section       17  freertos.o(.conststring)
    .data                                    0x20000000   Section        2  gun_task.o(.data)
    .data                                    0x20000004   Section       16  test.o(.data)
    .data                                    0x20000014   Section       28  jy61.o(.data)
    JY61_Frame_flag                          0x20000014   Data           1  jy61.o(.data)
    JY61_Frame_Num                           0x20000015   Data           1  jy61.o(.data)
    i                                        0x20000016   Data           2  jy61.o(.data)
    .data                                    0x20000030   Section        2  jy61.o(.data)
    .data                                    0x20000034   Section       30  mpu6500.o(.data)
    MPU_Rx                                   0x20000035   Data           1  mpu6500.o(.data)
    MPU_Tx                                   0x20000036   Data           1  mpu6500.o(.data)
    MPU_Rx                                   0x20000037   Data           1  mpu6500.o(.data)
    MPU_Tx                                   0x20000038   Data           1  mpu6500.o(.data)
    MPU_Rx                                   0x20000039   Data           1  mpu6500.o(.data)
    MPU_Tx                                   0x2000003a   Data           1  mpu6500.o(.data)
    sum_gz                                   0x2000003c   Data           4  mpu6500.o(.data)
    sum_gy                                   0x20000040   Data           4  mpu6500.o(.data)
    MPU_Tx_buff                              0x20000044   Data          14  mpu6500.o(.data)
    .data                                    0x20000054   Section        8  protocol.o(.data)
    Frame                                    0x20000058   Data           4  protocol.o(.data)
    .data                                    0x2000005c   Section       20  can_use_moto.o(.data)
    .data                                    0x20000070   Section        8  can_use_moto.o(.data)
    .data                                    0x20000078   Section        1  main.o(.data)
    fac_us                                   0x20000078   Data           1  main.o(.data)
    .data                                    0x2000007c   Section        4  can.o(.data)
    HAL_RCC_CAN1_CLK_ENABLED                 0x2000007c   Data           4  can.o(.data)
    .data                                    0x20000080   Section        4  freertos.o(.data)
    .data                                    0x20000084   Section       12  stm32f4xx_hal.o(.data)
    .data                                    0x20000090   Section        4  system_stm32f4xx.o(.data)
    .data                                    0x20000094   Section       60  tasks.o(.data)
    pxDelayedTaskList                        0x20000098   Data           4  tasks.o(.data)
    pxOverflowDelayedTaskList                0x2000009c   Data           4  tasks.o(.data)
    uxDeletedTasksWaitingCleanUp             0x200000a0   Data           4  tasks.o(.data)
    uxCurrentNumberOfTasks                   0x200000a4   Data           4  tasks.o(.data)
    xTickCount                               0x200000a8   Data           4  tasks.o(.data)
    uxTopReadyPriority                       0x200000ac   Data           4  tasks.o(.data)
    xSchedulerRunning                        0x200000b0   Data           4  tasks.o(.data)
    uxPendedTicks                            0x200000b4   Data           4  tasks.o(.data)
    xYieldPending                            0x200000b8   Data           4  tasks.o(.data)
    xNumOfOverflows                          0x200000bc   Data           4  tasks.o(.data)
    uxTaskNumber                             0x200000c0   Data           4  tasks.o(.data)
    xNextTaskUnblockTime                     0x200000c4   Data           4  tasks.o(.data)
    xIdleTaskHandle                          0x200000c8   Data           4  tasks.o(.data)
    uxSchedulerSuspended                     0x200000cc   Data           4  tasks.o(.data)
    .data                                    0x200000d0   Section       24  heap_4.o(.data)
    pxEnd                                    0x200000d0   Data           4  heap_4.o(.data)
    xFreeBytesRemaining                      0x200000d4   Data           4  heap_4.o(.data)
    xMinimumEverFreeBytesRemaining           0x200000d8   Data           4  heap_4.o(.data)
    xBlockAllocatedBit                       0x200000dc   Data           4  heap_4.o(.data)
    xStart                                   0x200000e0   Data           8  heap_4.o(.data)
    .data                                    0x200000e8   Section       12  port.o(.data)
    ucMaxSysCallPriority                     0x200000e8   Data           1  port.o(.data)
    uxCriticalNesting                        0x200000ec   Data           4  port.o(.data)
    ulMaxPRIGROUPValue                       0x200000f0   Data           4  port.o(.data)
    .bss                                     0x200000f4   Section       68  systemstate.o(.bss)
    .bss                                     0x20000138   Section      512  test.o(.bss)
    .bss                                     0x20000338   Section      268  jy61.o(.bss)
    .bss                                     0x20000444   Section       52  remote.o(.bss)
    .bss                                     0x20000478   Section      120  mpu6500.o(.bss)
    raw_gz                                   0x200004ac   Data          24  mpu6500.o(.bss)
    raw_gy                                   0x200004c4   Data          24  mpu6500.o(.bss)
    .bss                                     0x200004f0   Section       60  protocol.o(.bss)
    .bss                                     0x2000052c   Section       84  can_use_moto.o(.bss)
    Cloud_Platform_Data                      0x20000568   Data          24  can_use_moto.o(.bss)
    .bss                                     0x20000580   Section       28  can_use_moto.o(.bss)
    .bss                                     0x2000059c   Section      120  can_use_moto.o(.bss)
    .bss                                     0x20000614   Section       60  can_use_moto.o(.bss)
    .bss                                     0x20000650   Section      168  adc.o(.bss)
    .bss                                     0x200006f8   Section       80  can.o(.bss)
    .bss                                     0x20000748   Section      596  freertos.o(.bss)
    xIdleTaskTCBBuffer                       0x20000748   Data          84  freertos.o(.bss)
    xIdleStack                               0x2000079c   Data         512  freertos.o(.bss)
    .bss                                     0x2000099c   Section       88  spi.o(.bss)
    .bss                                     0x200009f4   Section      192  tim.o(.bss)
    .bss                                     0x20000ab4   Section      800  usart.o(.bss)
    .bss                                     0x20000dd4   Section      240  tasks.o(.bss)
    pxReadyTasksLists                        0x20000dd4   Data         140  tasks.o(.bss)
    xDelayedTaskList1                        0x20000e60   Data          20  tasks.o(.bss)
    xDelayedTaskList2                        0x20000e74   Data          20  tasks.o(.bss)
    xPendingReadyList                        0x20000e88   Data          20  tasks.o(.bss)
    xTasksWaitingTermination                 0x20000e9c   Data          20  tasks.o(.bss)
    xSuspendedTaskList                       0x20000eb0   Data          20  tasks.o(.bss)
    .bss                                     0x20000ec4   Section    15360  heap_4.o(.bss)
    ucHeap                                   0x20000ec4   Data       15360  heap_4.o(.bss)
    STACK                                    0x20004ac8   Section     1024  startup_stm32f427xx.o(STACK)

    Global Symbols

    Symbol Name                              Value     Ov Type        Size  Object(Section)

    BuildAttributes$$THM_ISAv4$E$P$D$K$B$S$7EM$VFPi3$EXTD16$VFPS$VFMA$PE$A:L22UL41UL21$X:L11$S22US41US21$IEEE1$IW$USESV6$~STKCKD$USESV7$~SHL$OTIME$ROPI$EBA8$MICROLIB$REQ8$PRES8$EABIv2 0x00000000   Number         0  anon$$obj.o ABSOLUTE
    __ARM_use_no_argv                        0x00000000   Number         0  main.o ABSOLUTE
    __cpp_initialize__aeabi_                  - Undefined Weak Reference
    __cxa_finalize                            - Undefined Weak Reference
    __decompress                              - Undefined Weak Reference
    _clock_init                               - Undefined Weak Reference
    _microlib_exit                            - Undefined Weak Reference
    __Vectors_Size                           0x000001ac   Number         0  startup_stm32f427xx.o ABSOLUTE
    __Vectors                                0x08000000   Data           4  startup_stm32f427xx.o(RESET)
    __Vectors_End                            0x080001ac   Data           0  startup_stm32f427xx.o(RESET)
    __main                                   0x080001ad   Thumb Code     0  entry.o(.ARM.Collect$$$$00000000)
    _main_stk                                0x080001ad   Thumb Code     0  entry2.o(.ARM.Collect$$$$00000001)
    _main_scatterload                        0x080001b1   Thumb Code     0  entry5.o(.ARM.Collect$$$$00000004)
    __main_after_scatterload                 0x080001b5   Thumb Code     0  entry5.o(.ARM.Collect$$$$00000004)
    _main_clock                              0x080001b5   Thumb Code     0  entry7b.o(.ARM.Collect$$$$00000008)
    _main_cpp_init                           0x080001b5   Thumb Code     0  entry8b.o(.ARM.Collect$$$$0000000A)
    _main_init                               0x080001b5   Thumb Code     0  entry9a.o(.ARM.Collect$$$$0000000B)
    __rt_final_cpp                           0x080001bd   Thumb Code     0  entry10a.o(.ARM.Collect$$$$0000000D)
    __rt_final_exit                          0x080001bd   Thumb Code     0  entry11a.o(.ARM.Collect$$$$0000000F)
    SVC_Handler                              0x080001c1   Thumb Code    28  port.o(.emb_text)
    __asm___6_port_c_39a90d8d__prvStartFirstTask 0x080001e1   Thumb Code    36  port.o(.emb_text)
    __asm___6_port_c_39a90d8d__prvEnableVFP  0x08000209   Thumb Code    16  port.o(.emb_text)
    PendSV_Handler                           0x0800021d   Thumb Code    88  port.o(.emb_text)
    vPortGetIPSR                             0x08000279   Thumb Code     6  port.o(.emb_text)
    Reset_Handler                            0x08000281   Thumb Code     8  startup_stm32f427xx.o(.text)
    ADC_IRQHandler                           0x0800029b   Thumb Code     0  startup_stm32f427xx.o(.text)
    CAN1_RX1_IRQHandler                      0x0800029b   Thumb Code     0  startup_stm32f427xx.o(.text)
    CAN1_SCE_IRQHandler                      0x0800029b   Thumb Code     0  startup_stm32f427xx.o(.text)
    CAN1_TX_IRQHandler                       0x0800029b   Thumb Code     0  startup_stm32f427xx.o(.text)
    CAN2_RX1_IRQHandler                      0x0800029b   Thumb Code     0  startup_stm32f427xx.o(.text)
    CAN2_SCE_IRQHandler                      0x0800029b   Thumb Code     0  startup_stm32f427xx.o(.text)
    CAN2_TX_IRQHandler                       0x0800029b   Thumb Code     0  startup_stm32f427xx.o(.text)
    DCMI_IRQHandler                          0x0800029b   Thumb Code     0  startup_stm32f427xx.o(.text)
    DMA1_Stream0_IRQHandler                  0x0800029b   Thumb Code     0  startup_stm32f427xx.o(.text)
    DMA1_Stream2_IRQHandler                  0x0800029b   Thumb Code     0  startup_stm32f427xx.o(.text)
    DMA1_Stream3_IRQHandler                  0x0800029b   Thumb Code     0  startup_stm32f427xx.o(.text)
    DMA1_Stream4_IRQHandler                  0x0800029b   Thumb Code     0  startup_stm32f427xx.o(.text)
    DMA1_Stream6_IRQHandler                  0x0800029b   Thumb Code     0  startup_stm32f427xx.o(.text)
    DMA1_Stream7_IRQHandler                  0x0800029b   Thumb Code     0  startup_stm32f427xx.o(.text)
    DMA2D_IRQHandler                         0x0800029b   Thumb Code     0  startup_stm32f427xx.o(.text)
    DMA2_Stream0_IRQHandler                  0x0800029b   Thumb Code     0  startup_stm32f427xx.o(.text)
    DMA2_Stream3_IRQHandler                  0x0800029b   Thumb Code     0  startup_stm32f427xx.o(.text)
    DMA2_Stream5_IRQHandler                  0x0800029b   Thumb Code     0  startup_stm32f427xx.o(.text)
    DMA2_Stream6_IRQHandler                  0x0800029b   Thumb Code     0  startup_stm32f427xx.o(.text)
    DMA2_Stream7_IRQHandler                  0x0800029b   Thumb Code     0  startup_stm32f427xx.o(.text)
    ETH_IRQHandler                           0x0800029b   Thumb Code     0  startup_stm32f427xx.o(.text)
    ETH_WKUP_IRQHandler                      0x0800029b   Thumb Code     0  startup_stm32f427xx.o(.text)
    EXTI0_IRQHandler                         0x0800029b   Thumb Code     0  startup_stm32f427xx.o(.text)
    EXTI15_10_IRQHandler                     0x0800029b   Thumb Code     0  startup_stm32f427xx.o(.text)
    EXTI1_IRQHandler                         0x0800029b   Thumb Code     0  startup_stm32f427xx.o(.text)
    EXTI3_IRQHandler                         0x0800029b   Thumb Code     0  startup_stm32f427xx.o(.text)
    FLASH_IRQHandler                         0x0800029b   Thumb Code     0  startup_stm32f427xx.o(.text)
    FMC_IRQHandler                           0x0800029b   Thumb Code     0  startup_stm32f427xx.o(.text)
    FPU_IRQHandler                           0x0800029b   Thumb Code     0  startup_stm32f427xx.o(.text)
    HASH_RNG_IRQHandler                      0x0800029b   Thumb Code     0  startup_stm32f427xx.o(.text)
    I2C1_ER_IRQHandler                       0x0800029b   Thumb Code     0  startup_stm32f427xx.o(.text)
    I2C1_EV_IRQHandler                       0x0800029b   Thumb Code     0  startup_stm32f427xx.o(.text)
    I2C2_ER_IRQHandler                       0x0800029b   Thumb Code     0  startup_stm32f427xx.o(.text)
    I2C2_EV_IRQHandler                       0x0800029b   Thumb Code     0  startup_stm32f427xx.o(.text)
    I2C3_ER_IRQHandler                       0x0800029b   Thumb Code     0  startup_stm32f427xx.o(.text)
    I2C3_EV_IRQHandler                       0x0800029b   Thumb Code     0  startup_stm32f427xx.o(.text)
    OTG_FS_IRQHandler                        0x0800029b   Thumb Code     0  startup_stm32f427xx.o(.text)
    OTG_FS_WKUP_IRQHandler                   0x0800029b   Thumb Code     0  startup_stm32f427xx.o(.text)
    OTG_HS_EP1_IN_IRQHandler                 0x0800029b   Thumb Code     0  startup_stm32f427xx.o(.text)
    OTG_HS_EP1_OUT_IRQHandler                0x0800029b   Thumb Code     0  startup_stm32f427xx.o(.text)
    OTG_HS_IRQHandler                        0x0800029b   Thumb Code     0  startup_stm32f427xx.o(.text)
    OTG_HS_WKUP_IRQHandler                   0x0800029b   Thumb Code     0  startup_stm32f427xx.o(.text)
    PVD_IRQHandler                           0x0800029b   Thumb Code     0  startup_stm32f427xx.o(.text)
    RCC_IRQHandler                           0x0800029b   Thumb Code     0  startup_stm32f427xx.o(.text)
    RTC_Alarm_IRQHandler                     0x0800029b   Thumb Code     0  startup_stm32f427xx.o(.text)
    RTC_WKUP_IRQHandler                      0x0800029b   Thumb Code     0  startup_stm32f427xx.o(.text)
    SAI1_IRQHandler                          0x0800029b   Thumb Code     0  startup_stm32f427xx.o(.text)
    SDIO_IRQHandler                          0x0800029b   Thumb Code     0  startup_stm32f427xx.o(.text)
    SPI1_IRQHandler                          0x0800029b   Thumb Code     0  startup_stm32f427xx.o(.text)
    SPI2_IRQHandler                          0x0800029b   Thumb Code     0  startup_stm32f427xx.o(.text)
    SPI3_IRQHandler                          0x0800029b   Thumb Code     0  startup_stm32f427xx.o(.text)
    SPI4_IRQHandler                          0x0800029b   Thumb Code     0  startup_stm32f427xx.o(.text)
    SPI5_IRQHandler                          0x0800029b   Thumb Code     0  startup_stm32f427xx.o(.text)
    SPI6_IRQHandler                          0x0800029b   Thumb Code     0  startup_stm32f427xx.o(.text)
    TAMP_STAMP_IRQHandler                    0x0800029b   Thumb Code     0  startup_stm32f427xx.o(.text)
    TIM1_BRK_TIM9_IRQHandler                 0x0800029b   Thumb Code     0  startup_stm32f427xx.o(.text)
    TIM1_CC_IRQHandler                       0x0800029b   Thumb Code     0  startup_stm32f427xx.o(.text)
    TIM1_TRG_COM_TIM11_IRQHandler            0x0800029b   Thumb Code     0  startup_stm32f427xx.o(.text)
    TIM1_UP_TIM10_IRQHandler                 0x0800029b   Thumb Code     0  startup_stm32f427xx.o(.text)
    TIM2_IRQHandler                          0x0800029b   Thumb Code     0  startup_stm32f427xx.o(.text)
    TIM4_IRQHandler                          0x0800029b   Thumb Code     0  startup_stm32f427xx.o(.text)
    TIM5_IRQHandler                          0x0800029b   Thumb Code     0  startup_stm32f427xx.o(.text)
    TIM7_IRQHandler                          0x0800029b   Thumb Code     0  startup_stm32f427xx.o(.text)
    TIM8_BRK_TIM12_IRQHandler                0x0800029b   Thumb Code     0  startup_stm32f427xx.o(.text)
    TIM8_CC_IRQHandler                       0x0800029b   Thumb Code     0  startup_stm32f427xx.o(.text)
    TIM8_TRG_COM_TIM14_IRQHandler            0x0800029b   Thumb Code     0  startup_stm32f427xx.o(.text)
    TIM8_UP_TIM13_IRQHandler                 0x0800029b   Thumb Code     0  startup_stm32f427xx.o(.text)
    UART4_IRQHandler                         0x0800029b   Thumb Code     0  startup_stm32f427xx.o(.text)
    UART5_IRQHandler                         0x0800029b   Thumb Code     0  startup_stm32f427xx.o(.text)
    UART7_IRQHandler                         0x0800029b   Thumb Code     0  startup_stm32f427xx.o(.text)
    USART3_IRQHandler                        0x0800029b   Thumb Code     0  startup_stm32f427xx.o(.text)
    WWDG_IRQHandler                          0x0800029b   Thumb Code     0  startup_stm32f427xx.o(.text)
    __aeabi_uldivmod                         0x080002a5   Thumb Code    98  uldiv.o(.text)
    __aeabi_memcpy                           0x08000307   Thumb Code    36  memcpya.o(.text)
    __aeabi_memcpy4                          0x08000307   Thumb Code     0  memcpya.o(.text)
    __aeabi_memcpy8                          0x08000307   Thumb Code     0  memcpya.o(.text)
    __aeabi_memset                           0x0800032b   Thumb Code    14  memseta.o(.text)
    __aeabi_memset4                          0x0800032b   Thumb Code     0  memseta.o(.text)
    __aeabi_memset8                          0x0800032b   Thumb Code     0  memseta.o(.text)
    __aeabi_memclr                           0x08000339   Thumb Code     4  memseta.o(.text)
    __aeabi_memclr4                          0x08000339   Thumb Code     0  memseta.o(.text)
    __aeabi_memclr8                          0x08000339   Thumb Code     0  memseta.o(.text)
    memset                                   0x0800033d   Thumb Code    18  memseta.o(.text)
    __aeabi_dadd                             0x0800034f   Thumb Code   322  dadd.o(.text)
    __aeabi_dsub                             0x08000491   Thumb Code     6  dadd.o(.text)
    __aeabi_drsub                            0x08000497   Thumb Code     6  dadd.o(.text)
    __aeabi_ddiv                             0x0800049d   Thumb Code   222  ddiv.o(.text)
    __aeabi_i2d                              0x0800057b   Thumb Code    34  dflti.o(.text)
    __aeabi_ui2d                             0x0800059d   Thumb Code    26  dfltui.o(.text)
    __aeabi_d2f                              0x080005b7   Thumb Code    56  d2f.o(.text)
    __aeabi_llsl                             0x080005ef   Thumb Code    30  llshl.o(.text)
    _ll_shift_l                              0x080005ef   Thumb Code     0  llshl.o(.text)
    __aeabi_llsr                             0x0800060d   Thumb Code    32  llushr.o(.text)
    _ll_ushift_r                             0x0800060d   Thumb Code     0  llushr.o(.text)
    __aeabi_lasr                             0x0800062d   Thumb Code    36  llsshr.o(.text)
    _ll_sshift_r                             0x0800062d   Thumb Code     0  llsshr.o(.text)
    __I$use$fp                               0x08000651   Thumb Code     0  iusefp.o(.text)
    _float_round                             0x08000651   Thumb Code    18  fepilogue.o(.text)
    _float_epilogue                          0x08000663   Thumb Code    92  fepilogue.o(.text)
    _double_round                            0x080006bf   Thumb Code    30  depilogue.o(.text)
    _double_epilogue                         0x080006dd   Thumb Code   156  depilogue.o(.text)
    __scatterload                            0x08000779   Thumb Code    28  init.o(.text)
    __scatterload_rt2                        0x08000779   Thumb Code     0  init.o(.text)
    ABS_limit                                0x0800079d   Thumb Code    42  pid.o(i.ABS_limit)
    BSP_Init                                 0x080007c9   Thumb Code   114  bsp.o(i.BSP_Init)
    Bsp_UART_Receive_DMA                     0x08000855   Thumb Code   104  remote.o(i.Bsp_UART_Receive_DMA)
    Bsp_UART_Receive_IT                      0x080008bd   Thumb Code    20  remote.o(i.Bsp_UART_Receive_IT)
    BusFault_Handler                         0x080008d1   Thumb Code     2  stm32f4xx_it.o(i.BusFault_Handler)
    CAN1_RX0_IRQHandler                      0x080008d5   Thumb Code     6  stm32f4xx_it.o(i.CAN1_RX0_IRQHandler)
    CAN2_RX0_IRQHandler                      0x080008e1   Thumb Code     6  stm32f4xx_it.o(i.CAN2_RX0_IRQHandler)
    Chassis_Motor                            0x080008ed   Thumb Code    64  can_use_moto.o(i.Chassis_Motor)
    DMA1_Stream1_IRQHandler                  0x08000931   Thumb Code     6  stm32f4xx_it.o(i.DMA1_Stream1_IRQHandler)
    DMA1_Stream5_IRQHandler                  0x0800093d   Thumb Code     6  stm32f4xx_it.o(i.DMA1_Stream5_IRQHandler)
    DMA2_Stream1_IRQHandler                  0x08000949   Thumb Code     6  stm32f4xx_it.o(i.DMA2_Stream1_IRQHandler)
    DMA2_Stream2_IRQHandler                  0x08000955   Thumb Code     6  stm32f4xx_it.o(i.DMA2_Stream2_IRQHandler)
    DMA2_Stream4_IRQHandler                  0x08000961   Thumb Code     6  stm32f4xx_it.o(i.DMA2_Stream4_IRQHandler)
    DebugMon_Handler                         0x08000a11   Thumb Code     2  stm32f4xx_it.o(i.DebugMon_Handler)
    EXTI2_IRQHandler                         0x08000a13   Thumb Code     6  stm32f4xx_it.o(i.EXTI2_IRQHandler)
    EXTI4_IRQHandler                         0x08000a19   Thumb Code     6  stm32f4xx_it.o(i.EXTI4_IRQHandler)
    EXTI9_5_IRQHandler                       0x08000a1f   Thumb Code     6  stm32f4xx_it.o(i.EXTI9_5_IRQHandler)
    Error_Handler                            0x08000a25   Thumb Code     2  main.o(i.Error_Handler)
    GetSystemTimer                           0x08000a29   Thumb Code    62  systemstate.o(i.GetSystemTimer)
    HAL_CAN_ActivateNotification             0x08000a75   Thumb Code    36  stm32f4xx_hal_can.o(i.HAL_CAN_ActivateNotification)
    HAL_CAN_AddTxMessage                     0x08000a99   Thumb Code   200  stm32f4xx_hal_can.o(i.HAL_CAN_AddTxMessage)
    HAL_CAN_ConfigFilter                     0x08000b61   Thumb Code   262  stm32f4xx_hal_can.o(i.HAL_CAN_ConfigFilter)
    HAL_CAN_ErrorCallback                    0x08000c6d   Thumb Code     2  stm32f4xx_hal_can.o(i.HAL_CAN_ErrorCallback)
    HAL_CAN_GetRxMessage                     0x08000c6f   Thumb Code   232  stm32f4xx_hal_can.o(i.HAL_CAN_GetRxMessage)
    HAL_CAN_IRQHandler                       0x08000d57   Thumb Code   508  stm32f4xx_hal_can.o(i.HAL_CAN_IRQHandler)
    HAL_CAN_Init                             0x08000f53   Thumb Code   282  stm32f4xx_hal_can.o(i.HAL_CAN_Init)
    HAL_CAN_MspInit                          0x0800106d   Thumb Code   228  can.o(i.HAL_CAN_MspInit)
    HAL_CAN_RxFifo0FullCallback              0x08001169   Thumb Code   230  stm32f4xx_it.o(i.HAL_CAN_RxFifo0FullCallback)
    HAL_CAN_RxFifo0MsgPendingCallback        0x08001275   Thumb Code     2  stm32f4xx_hal_can.o(i.HAL_CAN_RxFifo0MsgPendingCallback)
    HAL_CAN_RxFifo1FullCallback              0x08001277   Thumb Code     2  stm32f4xx_hal_can.o(i.HAL_CAN_RxFifo1FullCallback)
    HAL_CAN_RxFifo1MsgPendingCallback        0x08001279   Thumb Code     2  stm32f4xx_hal_can.o(i.HAL_CAN_RxFifo1MsgPendingCallback)
    HAL_CAN_SleepCallback                    0x0800127b   Thumb Code     2  stm32f4xx_hal_can.o(i.HAL_CAN_SleepCallback)
    HAL_CAN_Start                            0x0800127d   Thumb Code    88  stm32f4xx_hal_can.o(i.HAL_CAN_Start)
    HAL_CAN_TxMailbox0AbortCallback          0x080012d5   Thumb Code     2  stm32f4xx_hal_can.o(i.HAL_CAN_TxMailbox0AbortCallback)
    HAL_CAN_TxMailbox0CompleteCallback       0x080012d7   Thumb Code     2  stm32f4xx_hal_can.o(i.HAL_CAN_TxMailbox0CompleteCallback)
    HAL_CAN_TxMailbox1AbortCallback          0x080012d9   Thumb Code     2  stm32f4xx_hal_can.o(i.HAL_CAN_TxMailbox1AbortCallback)
    HAL_CAN_TxMailbox1CompleteCallback       0x080012db   Thumb Code     2  stm32f4xx_hal_can.o(i.HAL_CAN_TxMailbox1CompleteCallback)
    HAL_CAN_TxMailbox2AbortCallback          0x080012dd   Thumb Code     2  stm32f4xx_hal_can.o(i.HAL_CAN_TxMailbox2AbortCallback)
    HAL_CAN_TxMailbox2CompleteCallback       0x080012df   Thumb Code     2  stm32f4xx_hal_can.o(i.HAL_CAN_TxMailbox2CompleteCallback)
    HAL_CAN_WakeUpFromRxMsgCallback          0x080012e1   Thumb Code     2  stm32f4xx_hal_can.o(i.HAL_CAN_WakeUpFromRxMsgCallback)
    HAL_DMA_Abort_IT                         0x080012e3   Thumb Code    36  stm32f4xx_hal_dma.o(i.HAL_DMA_Abort_IT)
    HAL_DMA_IRQHandler                       0x08001309   Thumb Code   412  stm32f4xx_hal_dma.o(i.HAL_DMA_IRQHandler)
    HAL_DMA_Init                             0x080014a9   Thumb Code   206  stm32f4xx_hal_dma.o(i.HAL_DMA_Init)
    HAL_DMA_Start                            0x0800157d   Thumb Code    70  stm32f4xx_hal_dma.o(i.HAL_DMA_Start)
    HAL_Delay                                0x080015c3   Thumb Code    26  main.o(i.HAL_Delay)
    HAL_GPIO_EXTI_Callback                   0x080015dd   Thumb Code    14  stm32f4xx_it.o(i.HAL_GPIO_EXTI_Callback)
    HAL_GPIO_EXTI_IRQHandler                 0x080015f1   Thumb Code    18  stm32f4xx_hal_gpio.o(i.HAL_GPIO_EXTI_IRQHandler)
    HAL_GPIO_Init                            0x08001609   Thumb Code   408  stm32f4xx_hal_gpio.o(i.HAL_GPIO_Init)
    HAL_GPIO_WritePin                        0x080017d5   Thumb Code    10  stm32f4xx_hal_gpio.o(i.HAL_GPIO_WritePin)
    HAL_GetTick                              0x080017e1   Thumb Code     6  stm32f4xx_hal.o(i.HAL_GetTick)
    HAL_IncTick                              0x080017ed   Thumb Code    12  stm32f4xx_hal.o(i.HAL_IncTick)
    HAL_Init                                 0x080017fd   Thumb Code    48  stm32f4xx_hal.o(i.HAL_Init)
    HAL_InitTick                             0x08001831   Thumb Code    54  stm32f4xx_hal.o(i.HAL_InitTick)
    HAL_MspInit                              0x08001871   Thumb Code    42  stm32f4xx_hal_msp.o(i.HAL_MspInit)
    HAL_NVIC_EnableIRQ                       0x080018a1   Thumb Code    26  stm32f4xx_hal_cortex.o(i.HAL_NVIC_EnableIRQ)
    HAL_NVIC_SetPriority                     0x080018bd   Thumb Code    60  stm32f4xx_hal_cortex.o(i.HAL_NVIC_SetPriority)
    HAL_NVIC_SetPriorityGrouping             0x080018fd   Thumb Code    26  stm32f4xx_hal_cortex.o(i.HAL_NVIC_SetPriorityGrouping)
    HAL_RCC_ClockConfig                      0x08001921   Thumb Code   286  stm32f4xx_hal_rcc.o(i.HAL_RCC_ClockConfig)
    HAL_RCC_GetHCLKFreq                      0x08001a51   Thumb Code     6  stm32f4xx_hal_rcc.o(i.HAL_RCC_GetHCLKFreq)
    HAL_RCC_GetPCLK1Freq                     0x08001a5d   Thumb Code    20  stm32f4xx_hal_rcc.o(i.HAL_RCC_GetPCLK1Freq)
    HAL_RCC_GetPCLK2Freq                     0x08001a7d   Thumb Code    20  stm32f4xx_hal_rcc.o(i.HAL_RCC_GetPCLK2Freq)
    HAL_RCC_GetSysClockFreq                  0x08001a9d   Thumb Code    88  stm32f4xx_hal_rcc.o(i.HAL_RCC_GetSysClockFreq)
    HAL_RCC_OscConfig                        0x08001b01   Thumb Code   770  stm32f4xx_hal_rcc.o(i.HAL_RCC_OscConfig)
    HAL_SPI_Init                             0x08001e1d   Thumb Code   128  stm32f4xx_hal_spi.o(i.HAL_SPI_Init)
    HAL_SPI_MspInit                          0x08001e9d   Thumb Code    94  spi.o(i.HAL_SPI_MspInit)
    HAL_SPI_TransmitReceive                  0x08001f09   Thumb Code   482  stm32f4xx_hal_spi.o(i.HAL_SPI_TransmitReceive)
    HAL_SYSTICK_CLKSourceConfig              0x080020eb   Thumb Code    24  stm32f4xx_hal_cortex.o(i.HAL_SYSTICK_CLKSourceConfig)
    HAL_SYSTICK_Config                       0x08002103   Thumb Code    40  stm32f4xx_hal_cortex.o(i.HAL_SYSTICK_Config)
    HAL_TIMEx_BreakCallback                  0x0800212b   Thumb Code     2  stm32f4xx_hal_tim_ex.o(i.HAL_TIMEx_BreakCallback)
    HAL_TIMEx_CommutCallback                 0x0800212d   Thumb Code     2  stm32f4xx_hal_tim_ex.o(i.HAL_TIMEx_CommutCallback)
    HAL_TIM_IC_CaptureCallback               0x0800212f   Thumb Code     2  stm32f4xx_hal_tim.o(i.HAL_TIM_IC_CaptureCallback)
    HAL_TIM_IRQHandler                       0x08002131   Thumb Code   358  stm32f4xx_hal_tim.o(i.HAL_TIM_IRQHandler)
    HAL_TIM_OC_DelayElapsedCallback          0x08002297   Thumb Code     2  stm32f4xx_hal_tim.o(i.HAL_TIM_OC_DelayElapsedCallback)
    HAL_TIM_PWM_PulseFinishedCallback        0x08002299   Thumb Code     2  stm32f4xx_hal_tim.o(i.HAL_TIM_PWM_PulseFinishedCallback)
    HAL_TIM_PeriodElapsedCallback            0x0800229d   Thumb Code    14  stm32f4xx_it.o(i.HAL_TIM_PeriodElapsedCallback)
    HAL_TIM_TriggerCallback                  0x080022b1   Thumb Code     2  stm32f4xx_hal_tim.o(i.HAL_TIM_TriggerCallback)
    HAL_UART_ErrorCallback                   0x080022b3   Thumb Code     2  stm32f4xx_hal_uart.o(i.HAL_UART_ErrorCallback)
    HAL_UART_IRQHandler                      0x080022b5   Thumb Code   266  stm32f4xx_hal_uart.o(i.HAL_UART_IRQHandler)
    HAL_UART_Init                            0x080023c5   Thumb Code    98  stm32f4xx_hal_uart.o(i.HAL_UART_Init)
    HAL_UART_MspInit                         0x08002429   Thumb Code   690  usart.o(i.HAL_UART_MspInit)
    HAL_UART_RxCpltCallback                  0x08002719   Thumb Code     2  stm32f4xx_hal_uart.o(i.HAL_UART_RxCpltCallback)
    HAL_UART_Transmit                        0x0800271b   Thumb Code   186  stm32f4xx_hal_uart.o(i.HAL_UART_Transmit)
    HAL_UART_TxCpltCallback                  0x080027d5   Thumb Code     2  stm32f4xx_hal_uart.o(i.HAL_UART_TxCpltCallback)
    HAlCANFilter1                            0x080027d9   Thumb Code    42  can.o(i.HAlCANFilter1)
    HAlCANFilter2                            0x08002809   Thumb Code    44  can.o(i.HAlCANFilter2)
    HardFault_Handler                        0x08002839   Thumb Code     2  stm32f4xx_it.o(i.HardFault_Handler)
    IMU_Get_Data                             0x0800283d   Thumb Code   178  mpu6500.o(i.IMU_Get_Data)
    JY61_Data_Pro                            0x080028f5   Thumb Code   512  jy61.o(i.JY61_Data_Pro)
    LPF_1st                                  0x08002b19   Thumb Code    18  pid.o(i.LPF_1st)
    Limit_filter                             0x08002b2b   Thumb Code    38  jy61.o(i.Limit_filter)
    MPU6500_Init                             0x08002b51   Thumb Code   212  mpu6500.o(i.MPU6500_Init)
    MPU6500_Read_Reg                         0x08002c35   Thumb Code    68  mpu6500.o(i.MPU6500_Read_Reg)
    MPU6500_Read_Regs                        0x08002c85   Thumb Code    80  mpu6500.o(i.MPU6500_Read_Regs)
    MPU6500_Write_Reg                        0x08002ce1   Thumb Code    72  mpu6500.o(i.MPU6500_Write_Reg)
    MX_CAN1_Init                             0x08002d35   Thumb Code    62  can.o(i.MX_CAN1_Init)
    MX_CAN2_Init                             0x08002d7d   Thumb Code    62  can.o(i.MX_CAN2_Init)
    MX_DMA_Init                              0x08002dc5   Thumb Code   136  dma.o(i.MX_DMA_Init)
    MX_FREERTOS_Init                         0x08002e51   Thumb Code    30  freertos.o(i.MX_FREERTOS_Init)
    MX_GPIO_Init                             0x08002e79   Thumb Code   458  gpio.o(i.MX_GPIO_Init)
    MX_SPI5_Init                             0x08003069   Thumb Code    62  spi.o(i.MX_SPI5_Init)
    MX_UART8_Init                            0x080030b1   Thumb Code    48  usart.o(i.MX_UART8_Init)
    MX_USART1_UART_Init                      0x080030e9   Thumb Code    46  usart.o(i.MX_USART1_UART_Init)
    MX_USART2_UART_Init                      0x08003125   Thumb Code    48  usart.o(i.MX_USART2_UART_Init)
    MX_USART3_UART_Init                      0x0800315d   Thumb Code    48  usart.o(i.MX_USART3_UART_Init)
    MX_USART6_UART_Init                      0x08003195   Thumb Code    48  usart.o(i.MX_USART6_UART_Init)
    MemManage_Handler                        0x080031cd   Thumb Code     2  stm32f4xx_it.o(i.MemManage_Handler)
    NMI_Handler                              0x080031cf   Thumb Code     2  stm32f4xx_it.o(i.NMI_Handler)
    PID_struct_init                          0x080031d1   Thumb Code    16  pid.o(i.PID_struct_init)
    Power_Init                               0x080031e9   Thumb Code    48  bsp.o(i.Power_Init)
    Referee_Data_Handler                     0x0800321d   Thumb Code   342  protocol.o(i.Referee_Data_Handler)
    RefreshDeviceOutLineTime                 0x08003385   Thumb Code    20  systemstate.o(i.RefreshDeviceOutLineTime)
    RefreshSysTime                           0x0800339d   Thumb Code    10  systemstate.o(i.RefreshSysTime)
    Remote_Ctrl                              0x080033ad   Thumb Code   110  remote.o(i.Remote_Ctrl)
    SysTick_Handler                          0x080034d5   Thumb Code    24  stm32f4xx_it.o(i.SysTick_Handler)
    SystemClock_Config                       0x080034ed   Thumb Code   126  main.o(i.SystemClock_Config)
    SystemInit                               0x08003575   Thumb Code    66  system_stm32f4xx.o(i.SystemInit)
    TIM3_IRQHandler                          0x080035c9   Thumb Code     6  stm32f4xx_it.o(i.TIM3_IRQHandler)
    TIM6_DAC_IRQHandler                      0x080035d5   Thumb Code     6  stm32f4xx_it.o(i.TIM6_DAC_IRQHandler)
    UART8_IRQHandler                         0x080035e1   Thumb Code    72  stm32f4xx_it.o(i.UART8_IRQHandler)
    USART1_IRQHandler                        0x08003a6d   Thumb Code   216  stm32f4xx_it.o(i.USART1_IRQHandler)
    USART2_IRQHandler                        0x08003b55   Thumb Code     6  stm32f4xx_it.o(i.USART2_IRQHandler)
    USART6_IRQHandler                        0x08003b61   Thumb Code    72  stm32f4xx_it.o(i.USART6_IRQHandler)
    UsageFault_Handler                       0x08003bb5   Thumb Code     2  stm32f4xx_it.o(i.UsageFault_Handler)
    Usart_SendArray                          0x08003bb7   Thumb Code    34  shiboqi.o(i.Usart_SendArray)
    Usart_SendByte                           0x08003bd9   Thumb Code    14  shiboqi.o(i.Usart_SendByte)
    __scatterload_copy                       0x08003c07   Thumb Code    14  handlers.o(i.__scatterload_copy)
    __scatterload_null                       0x08003c15   Thumb Code     2  handlers.o(i.__scatterload_null)
    __scatterload_zeroinit                   0x08003c17   Thumb Code    14  handlers.o(i.__scatterload_zeroinit)
    delay_init                               0x08003c25   Thumb Code    24  main.o(i.delay_init)
    delay_us                                 0x08003c45   Thumb Code    48  main.o(i.delay_us)
    get_crc16_check_sum                      0x08003c79   Thumb Code    38  protocol.o(i.get_crc16_check_sum)
    get_crc8_check_sum                       0x08003ca5   Thumb Code    26  protocol.o(i.get_crc8_check_sum)
    get_moto_measure_3508                    0x08003cc5   Thumb Code    64  can_use_moto.o(i.get_moto_measure_3508)
    get_moto_offset                          0x08003d05   Thumb Code    10  can_use_moto.o(i.get_moto_offset)
    main                                     0x08003d0f   Thumb Code    30  main.o(i.main)
    osDelayUntil                             0x08003d39   Thumb Code    14  cmsis_os.o(i.osDelayUntil)
    osKernelStart                            0x08003d47   Thumb Code    10  cmsis_os.o(i.osKernelStart)
    osThreadCreate                           0x08003d51   Thumb Code    84  cmsis_os.o(i.osThreadCreate)
    pid_calc                                 0x08003da5   Thumb Code   468  pid.o(i.pid_calc)
    pvPortMalloc                             0x080042d9   Thumb Code   210  heap_4.o(i.pvPortMalloc)
    pxPortInitialiseStack                    0x080043b1   Thumb Code    40  port.o(i.pxPortInitialiseStack)
    testOfMochaTask                          0x080043dd   Thumb Code   426  test.o(i.testOfMochaTask)
    testOfMocha_pid_init                     0x080045b1   Thumb Code   130  test.o(i.testOfMocha_pid_init)
    uxListRemove                             0x0800464d   Thumb Code    38  list.o(i.uxListRemove)
    vApplicationGetIdleTaskMemory            0x08004675   Thumb Code    16  freertos.o(i.vApplicationGetIdleTaskMemory)
    vListInitialise                          0x08004689   Thumb Code    22  list.o(i.vListInitialise)
    vListInitialiseItem                      0x0800469f   Thumb Code     6  list.o(i.vListInitialiseItem)
    vListInsert                              0x080046a5   Thumb Code    48  list.o(i.vListInsert)
    vListInsertEnd                           0x080046d5   Thumb Code    24  list.o(i.vListInsertEnd)
    vPortEnterCritical                       0x080046ed   Thumb Code    54  port.o(i.vPortEnterCritical)
    vPortExitCritical                        0x0800472d   Thumb Code    34  port.o(i.vPortExitCritical)
    vPortFree                                0x08004755   Thumb Code    88  heap_4.o(i.vPortFree)
    vPortSetupTimerInterrupt                 0x080047b1   Thumb Code    32  port.o(i.vPortSetupTimerInterrupt)
    vTaskDelayUntil                          0x080047d5   Thumb Code   132  tasks.o(i.vTaskDelayUntil)
    vTaskStartScheduler                      0x08004861   Thumb Code    90  tasks.o(i.vTaskStartScheduler)
    vTaskSuspendAll                          0x080048cd   Thumb Code    10  tasks.o(i.vTaskSuspendAll)
    vTaskSwitchContext                       0x080048dd   Thumb Code    82  tasks.o(i.vTaskSwitchContext)
    vcan_sendware                            0x08004939   Thumb Code    50  shiboqi.o(i.vcan_sendware)
    verify_crc16_check_sum                   0x08004979   Thumb Code    54  protocol.o(i.verify_crc16_check_sum)
    verify_crc8_check_sum                    0x080049b5   Thumb Code    42  protocol.o(i.verify_crc8_check_sum)
    xPortStartScheduler                      0x080049e1   Thumb Code   222  port.o(i.xPortStartScheduler)
    xPortSysTickHandler                      0x08004ad5   Thumb Code    38  port.o(i.xPortSysTickHandler)
    xTaskCreate                              0x08004b01   Thumb Code    90  tasks.o(i.xTaskCreate)
    xTaskCreateStatic                        0x08004b5b   Thumb Code    86  tasks.o(i.xTaskCreateStatic)
    xTaskGetSchedulerState                   0x08004bb1   Thumb Code    22  tasks.o(i.xTaskGetSchedulerState)
    xTaskGetTickCount                        0x08004bcd   Thumb Code     6  tasks.o(i.xTaskGetTickCount)
    xTaskIncrementTick                       0x08004bd9   Thumb Code   192  tasks.o(i.xTaskIncrementTick)
    xTaskResumeAll                           0x08004ca1   Thumb Code   182  tasks.o(i.xTaskResumeAll)
    CRC8_TAB                                 0x08004d78   Data         256  protocol.o(.constdata)
    wCRC_Table                               0x08004e78   Data         512  protocol.o(.constdata)
    AHBPrescTable                            0x080050b8   Data          16  system_stm32f4xx.o(.constdata)
    APBPrescTable                            0x080050c8   Data           8  system_stm32f4xx.o(.constdata)
    Region$$Table$$Base                      0x080050e4   Number         0  anon$$obj.o(Region$$Table)
    Region$$Table$$Limit                     0x08005104   Number         0  anon$$obj.o(Region$$Table)
    MoCa_Flag                                0x20000000   Data           1  gun_task.o(.data)
    Bullets_count                            0x20000001   Data           1  gun_task.o(.data)
    a_test                                   0x20000004   Data           1  test.o(.data)
    set_test_angle                           0x20000008   Data           4  test.o(.data)
    set_test_M_speed                         0x2000000c   Data           4  test.o(.data)
    set_test_speed                           0x20000010   Data           4  test.o(.data)
    stcAcc                                   0x20000018   Data           8  jy61.o(.data)
    stcGyro                                  0x20000020   Data           8  jy61.o(.data)
    stcAngle                                 0x20000028   Data           8  jy61.o(.data)
    USART6_RX_NUM                            0x20000030   Data           2  jy61.o(.data)
    MPU_id                                   0x20000034   Data           1  mpu6500.o(.data)
    CRC_INIT                                 0x20000054   Data           2  protocol.o(.data)
    dstVmmps_W                               0x2000005c   Data           1  can_use_moto.o(.data)
    Tx_Mailbox                               0x20000060   Data           4  can_use_moto.o(.data)
    stir_locktime                            0x20000064   Data           4  can_use_moto.o(.data)
    arr                                      0x20000068   Data           8  can_use_moto.o(.data)
    Receive_DATA                             0x20000070   Data           8  can_use_moto.o(.data)
    TestOfMochaHandle                        0x20000080   Data           4  freertos.o(.data)
    uwTickFreq                               0x20000084   Data           1  stm32f4xx_hal.o(.data)
    uwTickPrio                               0x20000088   Data           4  stm32f4xx_hal.o(.data)
    uwTick                                   0x2000008c   Data           4  stm32f4xx_hal.o(.data)
    SystemCoreClock                          0x20000090   Data           4  system_stm32f4xx.o(.data)
    pxCurrentTCB                             0x20000094   Data           4  tasks.o(.data)
    SystemState                              0x200000f4   Data          20  systemstate.o(.bss)
    g_Time_DeviceOutLine                     0x20000108   Data          36  systemstate.o(.bss)
    g_Time_TASKOutLine                       0x2000012c   Data          12  systemstate.o(.bss)
    pid_test_shot_spd                        0x20000138   Data         256  test.o(.bss)
    pid_testofMocha_dial_pos                 0x20000238   Data         128  test.o(.bss)
    pid_testofMocha_dial_spd                 0x200002b8   Data         128  test.o(.bss)
    ptr_jy61_t_yaw                           0x20000338   Data          56  jy61.o(.bss)
    ptr_jy61_t_pit                           0x20000370   Data          56  jy61.o(.bss)
    ptr_jy61_t_angular_velocity              0x200003a8   Data          56  jy61.o(.bss)
    USART6_RX_DATA                           0x200003e0   Data         100  jy61.o(.bss)
    USART1_RX_DATA                           0x20000444   Data          18  remote.o(.bss)
    rc                                       0x20000456   Data          12  remote.o(.bss)
    RC_Ctl                                   0x20000462   Data          22  remote.o(.bss)
    imu_data                                 0x20000478   Data          26  mpu6500.o(.bss)
    imu_data_offest                          0x20000492   Data          26  mpu6500.o(.bss)
    gy_data_filter                           0x200004dc   Data          10  mpu6500.o(.bss)
    gz_data_filter                           0x200004e6   Data          10  mpu6500.o(.bss)
    Robot                                    0x200004f0   Data          60  protocol.o(.bss)
    moto_stir_get                            0x2000052c   Data          60  can_use_moto.o(.bss)
    RxMessage                                0x20000580   Data          28  can_use_moto.o(.bss)
    moto_M_get                               0x2000059c   Data         120  can_use_moto.o(.bss)
    moto_test_dial_get                       0x20000614   Data          60  can_use_moto.o(.bss)
    hadc1                                    0x20000650   Data          72  adc.o(.bss)
    hdma_adc1                                0x20000698   Data          96  adc.o(.bss)
    hcan1                                    0x200006f8   Data          40  can.o(.bss)
    hcan2                                    0x20000720   Data          40  can.o(.bss)
    hspi5                                    0x2000099c   Data          88  spi.o(.bss)
    htim3                                    0x200009f4   Data          64  tim.o(.bss)
    htim5                                    0x20000a34   Data          64  tim.o(.bss)
    htim6                                    0x20000a74   Data          64  tim.o(.bss)
    huart1                                   0x20000ab4   Data          64  usart.o(.bss)
    huart2                                   0x20000af4   Data          64  usart.o(.bss)
    huart3                                   0x20000b34   Data          64  usart.o(.bss)
    huart6                                   0x20000b74   Data          64  usart.o(.bss)
    huart8                                   0x20000bb4   Data          64  usart.o(.bss)
    hdma_usart1_rx                           0x20000bf4   Data          96  usart.o(.bss)
    hdma_usart2_rx                           0x20000c54   Data          96  usart.o(.bss)
    hdma_usart3_rx                           0x20000cb4   Data          96  usart.o(.bss)
    hdma_usart6_rx                           0x20000d14   Data          96  usart.o(.bss)
    hdma_uart8_rx                            0x20000d74   Data          96  usart.o(.bss)
    __initial_sp                             0x20004ec8   Data           0  startup_stm32f427xx.o(STACK)



==============================================================================

Memory Map of the image

  Image Entry point : 0x080001ad

  Load Region LR_IROM1 (Base: 0x08000000, Size: 0x000051f8, Max: 0x00200000, ABSOLUTE)

    Execution Region ER_IROM1 (Base: 0x08000000, Size: 0x00005104, Max: 0x00200000, ABSOLUTE)

    Base Addr    Size         Type   Attr      Idx    E Section Name        Object

    0x08000000   0x000001ac   Data   RO            3    RESET               startup_stm32f427xx.o
    0x080001ac   0x00000000   Code   RO         6421  * .ARM.Collect$$$$00000000  mc_w.l(entry.o)
    0x080001ac   0x00000004   Code   RO         6448    .ARM.Collect$$$$00000001  mc_w.l(entry2.o)
    0x080001b0   0x00000004   Code   RO         6451    .ARM.Collect$$$$00000004  mc_w.l(entry5.o)
    0x080001b4   0x00000000   Code   RO         6453    .ARM.Collect$$$$00000008  mc_w.l(entry7b.o)
    0x080001b4   0x00000000   Code   RO         6455    .ARM.Collect$$$$0000000A  mc_w.l(entry8b.o)
    0x080001b4   0x00000008   Code   RO         6456    .ARM.Collect$$$$0000000B  mc_w.l(entry9a.o)
    0x080001bc   0x00000000   Code   RO         6458    .ARM.Collect$$$$0000000D  mc_w.l(entry10a.o)
    0x080001bc   0x00000000   Code   RO         6460    .ARM.Collect$$$$0000000F  mc_w.l(entry11a.o)
    0x080001bc   0x00000004   Code   RO         6449    .ARM.Collect$$$$00002712  mc_w.l(entry2.o)
    0x080001c0   0x000000be   Code   RO         6344    .emb_text           port.o
    0x0800027e   0x00000002   PAD
    0x08000280   0x00000024   Code   RO            4    .text               startup_stm32f427xx.o
    0x080002a4   0x00000062   Code   RO         6424    .text               mc_w.l(uldiv.o)
    0x08000306   0x00000024   Code   RO         6426    .text               mc_w.l(memcpya.o)
    0x0800032a   0x00000024   Code   RO         6430    .text               mc_w.l(memseta.o)
    0x0800034e   0x0000014e   Code   RO         6434    .text               mf_w.l(dadd.o)
    0x0800049c   0x000000de   Code   RO         6438    .text               mf_w.l(ddiv.o)
    0x0800057a   0x00000022   Code   RO         6440    .text               mf_w.l(dflti.o)
    0x0800059c   0x0000001a   Code   RO         6442    .text               mf_w.l(dfltui.o)
    0x080005b6   0x00000038   Code   RO         6446    .text               mf_w.l(d2f.o)
    0x080005ee   0x0000001e   Code   RO         6462    .text               mc_w.l(llshl.o)
    0x0800060c   0x00000020   Code   RO         6464    .text               mc_w.l(llushr.o)
    0x0800062c   0x00000024   Code   RO         6466    .text               mc_w.l(llsshr.o)
    0x08000650   0x00000000   Code   RO         6468    .text               mc_w.l(iusefp.o)
    0x08000650   0x0000006e   Code   RO         6469    .text               mf_w.l(fepilogue.o)
    0x080006be   0x000000ba   Code   RO         6471    .text               mf_w.l(depilogue.o)
    0x08000778   0x00000024   Code   RO         6473    .text               mc_w.l(init.o)
    0x0800079c   0x0000002a   Code   RO           13    i.ABS_limit         pid.o
    0x080007c6   0x00000002   PAD
    0x080007c8   0x0000008c   Code   RO         1784    i.BSP_Init          bsp.o
    0x08000854   0x00000068   Code   RO          682    i.Bsp_UART_Receive_DMA  remote.o
    0x080008bc   0x00000014   Code   RO          683    i.Bsp_UART_Receive_IT  remote.o
    0x080008d0   0x00000002   Code   RO         1585    i.BusFault_Handler  stm32f4xx_it.o
    0x080008d2   0x00000002   PAD
    0x080008d4   0x0000000c   Code   RO         1586    i.CAN1_RX0_IRQHandler  stm32f4xx_it.o
    0x080008e0   0x0000000c   Code   RO         1587    i.CAN2_RX0_IRQHandler  stm32f4xx_it.o
    0x080008ec   0x00000044   Code   RO         1019    i.Chassis_Motor     can_use_moto.o
    0x08000930   0x0000000c   Code   RO         1588    i.DMA1_Stream1_IRQHandler  stm32f4xx_it.o
    0x0800093c   0x0000000c   Code   RO         1589    i.DMA1_Stream5_IRQHandler  stm32f4xx_it.o
    0x08000948   0x0000000c   Code   RO         1590    i.DMA2_Stream1_IRQHandler  stm32f4xx_it.o
    0x08000954   0x0000000c   Code   RO         1591    i.DMA2_Stream2_IRQHandler  stm32f4xx_it.o
    0x08000960   0x0000000c   Code   RO         1592    i.DMA2_Stream4_IRQHandler  stm32f4xx_it.o
    0x0800096c   0x00000028   Code   RO         4413    i.DMA_CalcBaseAndBitshift  stm32f4xx_hal_dma.o
    0x08000994   0x00000054   Code   RO         4414    i.DMA_CheckFifoParam  stm32f4xx_hal_dma.o
    0x080009e8   0x00000028   Code   RO         4415    i.DMA_SetConfig     stm32f4xx_hal_dma.o
    0x08000a10   0x00000002   Code   RO         1593    i.DebugMon_Handler  stm32f4xx_it.o
    0x08000a12   0x00000006   Code   RO         1594    i.EXTI2_IRQHandler  stm32f4xx_it.o
    0x08000a18   0x00000006   Code   RO         1595    i.EXTI4_IRQHandler  stm32f4xx_it.o
    0x08000a1e   0x00000006   Code   RO         1596    i.EXTI9_5_IRQHandler  stm32f4xx_it.o
    0x08000a24   0x00000002   Code   RO         1125    i.Error_Handler     main.o
    0x08000a26   0x00000002   PAD
    0x08000a28   0x0000004c   Code   RO          202    i.GetSystemTimer    systemstate.o
    0x08000a74   0x00000024   Code   RO         2093    i.HAL_CAN_ActivateNotification  stm32f4xx_hal_can.o
    0x08000a98   0x000000c8   Code   RO         2094    i.HAL_CAN_AddTxMessage  stm32f4xx_hal_can.o
    0x08000b60   0x0000010c   Code   RO         2095    i.HAL_CAN_ConfigFilter  stm32f4xx_hal_can.o
    0x08000c6c   0x00000002   Code   RO         2098    i.HAL_CAN_ErrorCallback  stm32f4xx_hal_can.o
    0x08000c6e   0x000000e8   Code   RO         2101    i.HAL_CAN_GetRxMessage  stm32f4xx_hal_can.o
    0x08000d56   0x000001fc   Code   RO         2105    i.HAL_CAN_IRQHandler  stm32f4xx_hal_can.o
    0x08000f52   0x0000011a   Code   RO         2106    i.HAL_CAN_Init      stm32f4xx_hal_can.o
    0x0800106c   0x000000fc   Code   RO         1267    i.HAL_CAN_MspInit   can.o
    0x08001168   0x0000010c   Code   RO         1597    i.HAL_CAN_RxFifo0FullCallback  stm32f4xx_it.o
    0x08001274   0x00000002   Code   RO         2114    i.HAL_CAN_RxFifo0MsgPendingCallback  stm32f4xx_hal_can.o
    0x08001276   0x00000002   Code   RO         2115    i.HAL_CAN_RxFifo1FullCallback  stm32f4xx_hal_can.o
    0x08001278   0x00000002   Code   RO         2116    i.HAL_CAN_RxFifo1MsgPendingCallback  stm32f4xx_hal_can.o
    0x0800127a   0x00000002   Code   RO         2117    i.HAL_CAN_SleepCallback  stm32f4xx_hal_can.o
    0x0800127c   0x00000058   Code   RO         2118    i.HAL_CAN_Start     stm32f4xx_hal_can.o
    0x080012d4   0x00000002   Code   RO         2120    i.HAL_CAN_TxMailbox0AbortCallback  stm32f4xx_hal_can.o
    0x080012d6   0x00000002   Code   RO         2121    i.HAL_CAN_TxMailbox0CompleteCallback  stm32f4xx_hal_can.o
    0x080012d8   0x00000002   Code   RO         2122    i.HAL_CAN_TxMailbox1AbortCallback  stm32f4xx_hal_can.o
    0x080012da   0x00000002   Code   RO         2123    i.HAL_CAN_TxMailbox1CompleteCallback  stm32f4xx_hal_can.o
    0x080012dc   0x00000002   Code   RO         2124    i.HAL_CAN_TxMailbox2AbortCallback  stm32f4xx_hal_can.o
    0x080012de   0x00000002   Code   RO         2125    i.HAL_CAN_TxMailbox2CompleteCallback  stm32f4xx_hal_can.o
    0x080012e0   0x00000002   Code   RO         2127    i.HAL_CAN_WakeUpFromRxMsgCallback  stm32f4xx_hal_can.o
    0x080012e2   0x00000024   Code   RO         4417    i.HAL_DMA_Abort_IT  stm32f4xx_hal_dma.o
    0x08001306   0x00000002   PAD
    0x08001308   0x000001a0   Code   RO         4421    i.HAL_DMA_IRQHandler  stm32f4xx_hal_dma.o
    0x080014a8   0x000000d4   Code   RO         4422    i.HAL_DMA_Init      stm32f4xx_hal_dma.o
    0x0800157c   0x00000046   Code   RO         4425    i.HAL_DMA_Start     stm32f4xx_hal_dma.o
    0x080015c2   0x0000001a   Code   RO         1126    i.HAL_Delay         main.o
    0x080015dc   0x00000014   Code   RO         1598    i.HAL_GPIO_EXTI_Callback  stm32f4xx_it.o
    0x080015f0   0x00000018   Code   RO         4308    i.HAL_GPIO_EXTI_IRQHandler  stm32f4xx_hal_gpio.o
    0x08001608   0x000001cc   Code   RO         4309    i.HAL_GPIO_Init     stm32f4xx_hal_gpio.o
    0x080017d4   0x0000000a   Code   RO         4313    i.HAL_GPIO_WritePin  stm32f4xx_hal_gpio.o
    0x080017de   0x00000002   PAD
    0x080017e0   0x0000000c   Code   RO         4861    i.HAL_GetTick       stm32f4xx_hal.o
    0x080017ec   0x00000010   Code   RO         4867    i.HAL_IncTick       stm32f4xx_hal.o
    0x080017fc   0x00000034   Code   RO         4868    i.HAL_Init          stm32f4xx_hal.o
    0x08001830   0x00000040   Code   RO         4869    i.HAL_InitTick      stm32f4xx_hal.o
    0x08001870   0x00000030   Code   RO         1760    i.HAL_MspInit       stm32f4xx_hal_msp.o
    0x080018a0   0x0000001a   Code   RO         4716    i.HAL_NVIC_EnableIRQ  stm32f4xx_hal_cortex.o
    0x080018ba   0x00000002   PAD
    0x080018bc   0x00000040   Code   RO         4722    i.HAL_NVIC_SetPriority  stm32f4xx_hal_cortex.o
    0x080018fc   0x00000024   Code   RO         4723    i.HAL_NVIC_SetPriorityGrouping  stm32f4xx_hal_cortex.o
    0x08001920   0x00000130   Code   RO         3903    i.HAL_RCC_ClockConfig  stm32f4xx_hal_rcc.o
    0x08001a50   0x0000000c   Code   RO         3908    i.HAL_RCC_GetHCLKFreq  stm32f4xx_hal_rcc.o
    0x08001a5c   0x00000020   Code   RO         3910    i.HAL_RCC_GetPCLK1Freq  stm32f4xx_hal_rcc.o
    0x08001a7c   0x00000020   Code   RO         3911    i.HAL_RCC_GetPCLK2Freq  stm32f4xx_hal_rcc.o
    0x08001a9c   0x00000064   Code   RO         3912    i.HAL_RCC_GetSysClockFreq  stm32f4xx_hal_rcc.o
    0x08001b00   0x0000031c   Code   RO         3915    i.HAL_RCC_OscConfig  stm32f4xx_hal_rcc.o
    0x08001e1c   0x00000080   Code   RO         2337    i.HAL_SPI_Init      stm32f4xx_hal_spi.o
    0x08001e9c   0x0000006c   Code   RO         1424    i.HAL_SPI_MspInit   spi.o
    0x08001f08   0x000001e2   Code   RO         2346    i.HAL_SPI_TransmitReceive  stm32f4xx_hal_spi.o
    0x080020ea   0x00000018   Code   RO         4725    i.HAL_SYSTICK_CLKSourceConfig  stm32f4xx_hal_cortex.o
    0x08002102   0x00000028   Code   RO         4727    i.HAL_SYSTICK_Config  stm32f4xx_hal_cortex.o
    0x0800212a   0x00000002   Code   RO         3325    i.HAL_TIMEx_BreakCallback  stm32f4xx_hal_tim_ex.o
    0x0800212c   0x00000002   Code   RO         3326    i.HAL_TIMEx_CommutCallback  stm32f4xx_hal_tim_ex.o
    0x0800212e   0x00000002   Code   RO         2679    i.HAL_TIM_IC_CaptureCallback  stm32f4xx_hal_tim.o
    0x08002130   0x00000166   Code   RO         2693    i.HAL_TIM_IRQHandler  stm32f4xx_hal_tim.o
    0x08002296   0x00000002   Code   RO         2696    i.HAL_TIM_OC_DelayElapsedCallback  stm32f4xx_hal_tim.o
    0x08002298   0x00000002   Code   RO         2723    i.HAL_TIM_PWM_PulseFinishedCallback  stm32f4xx_hal_tim.o
    0x0800229a   0x00000002   PAD
    0x0800229c   0x00000014   Code   RO         1599    i.HAL_TIM_PeriodElapsedCallback  stm32f4xx_it.o
    0x080022b0   0x00000002   Code   RO         2736    i.HAL_TIM_TriggerCallback  stm32f4xx_hal_tim.o
    0x080022b2   0x00000002   Code   RO         3597    i.HAL_UART_ErrorCallback  stm32f4xx_hal_uart.o
    0x080022b4   0x00000110   Code   RO         3600    i.HAL_UART_IRQHandler  stm32f4xx_hal_uart.o
    0x080023c4   0x00000062   Code   RO         3601    i.HAL_UART_Init     stm32f4xx_hal_uart.o
    0x08002426   0x00000002   PAD
    0x08002428   0x000002f0   Code   RO         1520    i.HAL_UART_MspInit  usart.o
    0x08002718   0x00000002   Code   RO         3607    i.HAL_UART_RxCpltCallback  stm32f4xx_hal_uart.o
    0x0800271a   0x000000ba   Code   RO         3609    i.HAL_UART_Transmit  stm32f4xx_hal_uart.o
    0x080027d4   0x00000002   Code   RO         3612    i.HAL_UART_TxCpltCallback  stm32f4xx_hal_uart.o
    0x080027d6   0x00000002   PAD
    0x080027d8   0x00000030   Code   RO         1268    i.HAlCANFilter1     can.o
    0x08002808   0x00000030   Code   RO         1269    i.HAlCANFilter2     can.o
    0x08002838   0x00000002   Code   RO         1600    i.HardFault_Handler  stm32f4xx_it.o
    0x0800283a   0x00000002   PAD
    0x0800283c   0x000000b8   Code   RO          793    i.IMU_Get_Data      mpu6500.o
    0x080028f4   0x00000224   Code   RO          619    i.JY61_Data_Pro     jy61.o
    0x08002b18   0x00000012   Code   RO           14    i.LPF_1st           pid.o
    0x08002b2a   0x00000026   Code   RO          622    i.Limit_filter      jy61.o
    0x08002b50   0x000000e4   Code   RO          797    i.MPU6500_Init      mpu6500.o
    0x08002c34   0x00000050   Code   RO          798    i.MPU6500_Read_Reg  mpu6500.o
    0x08002c84   0x0000005c   Code   RO          799    i.MPU6500_Read_Regs  mpu6500.o
    0x08002ce0   0x00000054   Code   RO          802    i.MPU6500_Write_Reg  mpu6500.o
    0x08002d34   0x00000048   Code   RO         1270    i.MX_CAN1_Init      can.o
    0x08002d7c   0x00000048   Code   RO         1271    i.MX_CAN2_Init      can.o
    0x08002dc4   0x0000008c   Code   RO         1327    i.MX_DMA_Init       dma.o
    0x08002e50   0x00000028   Code   RO         1351    i.MX_FREERTOS_Init  freertos.o
    0x08002e78   0x000001f0   Code   RO         1192    i.MX_GPIO_Init      gpio.o
    0x08003068   0x00000048   Code   RO         1425    i.MX_SPI5_Init      spi.o
    0x080030b0   0x00000038   Code   RO         1521    i.MX_UART8_Init     usart.o
    0x080030e8   0x0000003c   Code   RO         1522    i.MX_USART1_UART_Init  usart.o
    0x08003124   0x00000038   Code   RO         1523    i.MX_USART2_UART_Init  usart.o
    0x0800315c   0x00000038   Code   RO         1524    i.MX_USART3_UART_Init  usart.o
    0x08003194   0x00000038   Code   RO         1525    i.MX_USART6_UART_Init  usart.o
    0x080031cc   0x00000002   Code   RO         1601    i.MemManage_Handler  stm32f4xx_it.o
    0x080031ce   0x00000002   Code   RO         1602    i.NMI_Handler       stm32f4xx_it.o
    0x080031d0   0x00000018   Code   RO           15    i.PID_struct_init   pid.o
    0x080031e8   0x00000034   Code   RO         1785    i.Power_Init        bsp.o
    0x0800321c   0x00000168   Code   RO          883    i.Referee_Data_Handler  protocol.o
    0x08003384   0x00000018   Code   RO          204    i.RefreshDeviceOutLineTime  systemstate.o
    0x0800339c   0x00000010   Code   RO          205    i.RefreshSysTime    systemstate.o
    0x080033ac   0x00000074   Code   RO          684    i.Remote_Ctrl       remote.o
    0x08003420   0x00000020   Code   RO         2375    i.SPI_EndRxTxTransaction  stm32f4xx_hal_spi.o
    0x08003440   0x00000094   Code   RO         2380    i.SPI_WaitFlagStateUntilTimeout  stm32f4xx_hal_spi.o
    0x080034d4   0x00000018   Code   RO         1603    i.SysTick_Handler   stm32f4xx_it.o
    0x080034ec   0x00000088   Code   RO         1127    i.SystemClock_Config  main.o
    0x08003574   0x00000054   Code   RO         5114    i.SystemInit        system_stm32f4xx.o
    0x080035c8   0x0000000c   Code   RO         1604    i.TIM3_IRQHandler   stm32f4xx_it.o
    0x080035d4   0x0000000c   Code   RO         1605    i.TIM6_DAC_IRQHandler  stm32f4xx_it.o
    0x080035e0   0x00000054   Code   RO         1606    i.UART8_IRQHandler  stm32f4xx_it.o
    0x08003634   0x00000010   Code   RO         3614    i.UART_DMAAbortOnError  stm32f4xx_hal_uart.o
    0x08003644   0x0000001c   Code   RO         3624    i.UART_EndRxTransfer  stm32f4xx_hal_uart.o
    0x08003660   0x00000096   Code   RO         3626    i.UART_Receive_IT   stm32f4xx_hal_uart.o
    0x080036f6   0x00000002   PAD
    0x080036f8   0x000002ac   Code   RO         3627    i.UART_SetConfig    stm32f4xx_hal_uart.o
    0x080039a4   0x00000062   Code   RO         3628    i.UART_Transmit_IT  stm32f4xx_hal_uart.o
    0x08003a06   0x00000064   Code   RO         3629    i.UART_WaitOnFlagUntilTimeout  stm32f4xx_hal_uart.o
    0x08003a6a   0x00000002   PAD
    0x08003a6c   0x000000e8   Code   RO         1607    i.USART1_IRQHandler  stm32f4xx_it.o
    0x08003b54   0x0000000c   Code   RO         1608    i.USART2_IRQHandler  stm32f4xx_it.o
    0x08003b60   0x00000054   Code   RO         1609    i.USART6_IRQHandler  stm32f4xx_it.o
    0x08003bb4   0x00000002   Code   RO         1610    i.UsageFault_Handler  stm32f4xx_it.o
    0x08003bb6   0x00000022   Code   RO          973    i.Usart_SendArray   shiboqi.o
    0x08003bd8   0x0000000e   Code   RO          974    i.Usart_SendByte    shiboqi.o
    0x08003be6   0x00000020   Code   RO         4729    i.__NVIC_SetPriority  stm32f4xx_hal_cortex.o
    0x08003c06   0x0000000e   Code   RO         6477    i.__scatterload_copy  mc_w.l(handlers.o)
    0x08003c14   0x00000002   Code   RO         6478    i.__scatterload_null  mc_w.l(handlers.o)
    0x08003c16   0x0000000e   Code   RO         6479    i.__scatterload_zeroinit  mc_w.l(handlers.o)
    0x08003c24   0x00000020   Code   RO         1128    i.delay_init        main.o
    0x08003c44   0x00000034   Code   RO         1129    i.delay_us          main.o
    0x08003c78   0x0000002c   Code   RO          887    i.get_crc16_check_sum  protocol.o
    0x08003ca4   0x00000020   Code   RO          888    i.get_crc8_check_sum  protocol.o
    0x08003cc4   0x00000040   Code   RO         1026    i.get_moto_measure_3508  can_use_moto.o
    0x08003d04   0x0000000a   Code   RO         1028    i.get_moto_offset   can_use_moto.o
    0x08003d0e   0x0000001e   Code   RO         1130    i.main              main.o
    0x08003d2c   0x0000000c   Code   RO         5916    i.makeFreeRtosPriority  cmsis_os.o
    0x08003d38   0x0000000e   Code   RO         5919    i.osDelayUntil      cmsis_os.o
    0x08003d46   0x0000000a   Code   RO         5921    i.osKernelStart     cmsis_os.o
    0x08003d50   0x00000054   Code   RO         5955    i.osThreadCreate    cmsis_os.o
    0x08003da4   0x000001dc   Code   RO           16    i.pid_calc          pid.o
    0x08003f80   0x0000000e   Code   RO           17    i.pid_param_init    pid.o
    0x08003f8e   0x00000006   Code   RO           18    i.pid_reset         pid.o
    0x08003f94   0x00000070   Code   RO         5607    i.prvAddCurrentTaskToDelayedList  tasks.o
    0x08004004   0x000000d0   Code   RO         5608    i.prvAddNewTaskToReadyList  tasks.o
    0x080040d4   0x00000034   Code   RO         5609    i.prvDeleteTCB      tasks.o
    0x08004108   0x0000004c   Code   RO         6283    i.prvHeapInit       heap_4.o
    0x08004154   0x00000060   Code   RO         5610    i.prvIdleTask       tasks.o
    0x080041b4   0x0000008e   Code   RO         5611    i.prvInitialiseNewTask  tasks.o
    0x08004242   0x00000002   PAD
    0x08004244   0x0000004c   Code   RO         6284    i.prvInsertBlockIntoFreeList  heap_4.o
    0x08004290   0x00000020   Code   RO         5612    i.prvResetNextTaskUnblockTime  tasks.o
    0x080042b0   0x00000028   Code   RO         6345    i.prvTaskExitError  port.o
    0x080042d8   0x000000d8   Code   RO         6285    i.pvPortMalloc      heap_4.o
    0x080043b0   0x0000002c   Code   RO         6346    i.pxPortInitialiseStack  port.o
    0x080043dc   0x000001d4   Code   RO          572    i.testOfMochaTask   test.o
    0x080045b0   0x0000009c   Code   RO          573    i.testOfMocha_pid_init  test.o
    0x0800464c   0x00000026   Code   RO         5252    i.uxListRemove      list.o
    0x08004672   0x00000002   PAD
    0x08004674   0x00000014   Code   RO         1353    i.vApplicationGetIdleTaskMemory  freertos.o
    0x08004688   0x00000016   Code   RO         5253    i.vListInitialise   list.o
    0x0800469e   0x00000006   Code   RO         5254    i.vListInitialiseItem  list.o
    0x080046a4   0x00000030   Code   RO         5255    i.vListInsert       list.o
    0x080046d4   0x00000018   Code   RO         5256    i.vListInsertEnd    list.o
    0x080046ec   0x00000040   Code   RO         6348    i.vPortEnterCritical  port.o
    0x0800472c   0x00000028   Code   RO         6349    i.vPortExitCritical  port.o
    0x08004754   0x0000005c   Code   RO         6286    i.vPortFree         heap_4.o
    0x080047b0   0x00000024   Code   RO         6350    i.vPortSetupTimerInterrupt  port.o
    0x080047d4   0x0000008c   Code   RO         5621    i.vTaskDelayUntil   tasks.o
    0x08004860   0x0000006c   Code   RO         5634    i.vTaskStartScheduler  tasks.o
    0x080048cc   0x00000010   Code   RO         5636    i.vTaskSuspendAll   tasks.o
    0x080048dc   0x0000005c   Code   RO         5637    i.vTaskSwitchContext  tasks.o
    0x08004938   0x00000040   Code   RO          976    i.vcan_sendware     shiboqi.o
    0x08004978   0x0000003c   Code   RO          890    i.verify_crc16_check_sum  protocol.o
    0x080049b4   0x0000002a   Code   RO          891    i.verify_crc8_check_sum  protocol.o
    0x080049de   0x00000002   PAD
    0x080049e0   0x000000f4   Code   RO         6352    i.xPortStartScheduler  port.o
    0x08004ad4   0x0000002c   Code   RO         6353    i.xPortSysTickHandler  port.o
    0x08004b00   0x0000005a   Code   RO         5639    i.xTaskCreate       tasks.o
    0x08004b5a   0x00000056   Code   RO         5640    i.xTaskCreateStatic  tasks.o
    0x08004bb0   0x0000001c   Code   RO         5644    i.xTaskGetSchedulerState  tasks.o
    0x08004bcc   0x0000000c   Code   RO         5645    i.xTaskGetTickCount  tasks.o
    0x08004bd8   0x000000c8   Code   RO         5647    i.xTaskIncrementTick  tasks.o
    0x08004ca0   0x000000c4   Code   RO         5653    i.xTaskResumeAll    tasks.o
    0x08004d64   0x00000014   Data   RO          805    .constdata          mpu6500.o
    0x08004d78   0x0000031c   Data   RO          894    .constdata          protocol.o
    0x08005094   0x0000001c   Data   RO         1355    .constdata          freertos.o
    0x080050b0   0x00000008   Data   RO         4428    .constdata          stm32f4xx_hal_dma.o
    0x080050b8   0x00000010   Data   RO         5115    .constdata          system_stm32f4xx.o
    0x080050c8   0x00000008   Data   RO         5116    .constdata          system_stm32f4xx.o
    0x080050d0   0x00000011   Data   RO         1356    .conststring        freertos.o
    0x080050e1   0x00000003   PAD
    0x080050e4   0x00000020   Data   RO         6475    Region$$Table       anon$$obj.o


    Execution Region RW_IRAM1 (Base: 0x20000000, Size: 0x00004ec8, Max: 0x00030000, ABSOLUTE)

    Base Addr    Size         Type   Attr      Idx    E Section Name        Object

    0x20000000   0x00000002   Data   RW          494    .data               gun_task.o
    0x20000002   0x00000002   PAD
    0x20000004   0x00000010   Data   RW          575    .data               test.o
    0x20000014   0x0000001c   Data   RW          625    .data               jy61.o
    0x20000030   0x00000002   Data   RW          626    .data               jy61.o
    0x20000032   0x00000002   PAD
    0x20000034   0x0000001e   Data   RW          806    .data               mpu6500.o
    0x20000052   0x00000002   PAD
    0x20000054   0x00000008   Data   RW          895    .data               protocol.o
    0x2000005c   0x00000014   Data   RW         1039    .data               can_use_moto.o
    0x20000070   0x00000008   Data   RW         1040    .data               can_use_moto.o
    0x20000078   0x00000001   Data   RW         1131    .data               main.o
    0x20000079   0x00000003   PAD
    0x2000007c   0x00000004   Data   RW         1273    .data               can.o
    0x20000080   0x00000004   Data   RW         1365    .data               freertos.o
    0x20000084   0x0000000c   Data   RW         4875    .data               stm32f4xx_hal.o
    0x20000090   0x00000004   Data   RW         5117    .data               system_stm32f4xx.o
    0x20000094   0x0000003c   Data   RW         5656    .data               tasks.o
    0x200000d0   0x00000018   Data   RW         6291    .data               heap_4.o
    0x200000e8   0x0000000c   Data   RW         6354    .data               port.o
    0x200000f4   0x00000044   Zero   RW          209    .bss                systemstate.o
    0x20000138   0x00000200   Zero   RW          574    .bss                test.o
    0x20000338   0x0000010c   Zero   RW          624    .bss                jy61.o
    0x20000444   0x00000034   Zero   RW          685    .bss                remote.o
    0x20000478   0x00000078   Zero   RW          804    .bss                mpu6500.o
    0x200004f0   0x0000003c   Zero   RW          892    .bss                protocol.o
    0x2000052c   0x00000054   Zero   RW         1030    .bss                can_use_moto.o
    0x20000580   0x0000001c   Zero   RW         1031    .bss                can_use_moto.o
    0x2000059c   0x00000078   Zero   RW         1035    .bss                can_use_moto.o
    0x20000614   0x0000003c   Zero   RW         1036    .bss                can_use_moto.o
    0x20000650   0x000000a8   Zero   RW         1221    .bss                adc.o
    0x200006f8   0x00000050   Zero   RW         1272    .bss                can.o
    0x20000748   0x00000254   Zero   RW         1354    .bss                freertos.o
    0x2000099c   0x00000058   Zero   RW         1426    .bss                spi.o
    0x200009f4   0x000000c0   Zero   RW         1470    .bss                tim.o
    0x20000ab4   0x00000320   Zero   RW         1526    .bss                usart.o
    0x20000dd4   0x000000f0   Zero   RW         5655    .bss                tasks.o
    0x20000ec4   0x00003c00   Zero   RW         6290    .bss                heap_4.o
    0x20004ac4   0x00000004   PAD
    0x20004ac8   0x00000400   Zero   RW            1    STACK               startup_stm32f427xx.o


==============================================================================

Image component sizes


      Code (inc. data)   RO Data    RW Data    ZI Data      Debug   Object Name

         0          0          0          0        168        615   adc.o
       192         30          0          0          0       1032   bsp.o
       492         54          0          4         80       3494   can.o
       142          4          0         28        292       4361   can_use_moto.o
       120          0          0          0          0      22466   cmsis_os.o
       140          4          0          0          0        830   dma.o
         0          0          0          0          0      18120   event_groups.o
        60         14         45          4        596       2452   freertos.o
         0          0          0          0          0        896   gimbal_task.o
       496         38          0          0          0       1211   gpio.o
         0          0          0          2          0       2051   gun_task.o
       460         24          0         24      15360       7307   heap_4.o
       586         36          0         30        268       5467   jy61.o
       138          0          0          0          0       3530   list.o
       278         22          0          1          0       4100   main.o
       668         58         20         30        120       8645   mpu6500.o
       580         16          0          0          0     776153   pid.o
       702         72          0         12          0      11072   port.o
       538         36        796          8         60      10193   protocol.o
       240          6          0          0         52       3490   remote.o
       112         14          0          0          0       2261   shiboqi.o
       180         24          0          0         88       1645   spi.o
        36          8        428          0       1024        836   startup_stm32f427xx.o
       144         24          0         12          0       3929   stm32f4xx_hal.o
      1638          6          0          0          0      14257   stm32f4xx_hal_can.o
       222         14          0          0          0      34565   stm32f4xx_hal_cortex.o
       898         16          8          0          0       6291   stm32f4xx_hal_dma.o
       494         58          0          0          0       3063   stm32f4xx_hal_gpio.o
        48          6          0          0          0        826   stm32f4xx_hal_msp.o
      1276         86          0          0          0       5624   stm32f4xx_hal_rcc.o
       790          0          0          0          0       4633   stm32f4xx_hal_spi.o
       366          0          0          0          0       4556   stm32f4xx_hal_tim.o
         4          0          0          0          0       1597   stm32f4xx_hal_tim_ex.o
      1638         14          0          0          0       9507   stm32f4xx_hal_uart.o
       882        150          0          0          0      14366   stm32f4xx_it.o
         0          0          0          0          0        384   stream_buffer.o
        84         18         24          4          0       1155   system_stm32f4xx.o
       116         24          0          0         68      33931   systemstate.o
      1610        120          0         60        240      18088   tasks.o
       624         68          0         16        512       7053   test.o
         0          0          0          0        192        252   tim.o
      1036        108          0          0        800       4890   usart.o

    ----------------------------------------------------------------------
     18062       1172       1356        244      19924    1061194   Object Totals
         0          0         32          0          0          0   (incl. Generated)
        32          0          3          9          4          0   (incl. Padding)

    ----------------------------------------------------------------------

      Code (inc. data)   RO Data    RW Data    ZI Data      Debug   Library Member Name

         0          0          0          0          0          0   entry.o
         0          0          0          0          0          0   entry10a.o
         0          0          0          0          0          0   entry11a.o
         8          4          0          0          0          0   entry2.o
         4          0          0          0          0          0   entry5.o
         0          0          0          0          0          0   entry7b.o
         0          0          0          0          0          0   entry8b.o
         8          4          0          0          0          0   entry9a.o
        30          0          0          0          0          0   handlers.o
        36          8          0          0          0         68   init.o
         0          0          0          0          0          0   iusefp.o
        30          0          0          0          0         68   llshl.o
        36          0          0          0          0         68   llsshr.o
        32          0          0          0          0         68   llushr.o
        36          0          0          0          0         68   memcpya.o
        36          0          0          0          0        108   memseta.o
        98          0          0          0          0         92   uldiv.o
        56          0          0          0          0         88   d2f.o
       334          0          0          0          0        148   dadd.o
       222          0          0          0          0        100   ddiv.o
       186          0          0          0          0        176   depilogue.o
        34          0          0          0          0         76   dflti.o
        26          0          0          0          0         76   dfltui.o
       110          0          0          0          0        168   fepilogue.o

    ----------------------------------------------------------------------
      1322         16          0          0          0       1372   Library Totals
         0          0          0          0          0          0   (incl. Padding)

    ----------------------------------------------------------------------

      Code (inc. data)   RO Data    RW Data    ZI Data      Debug   Library Name

       354         16          0          0          0        540   mc_w.l
       968          0          0          0          0        832   mf_w.l

    ----------------------------------------------------------------------
      1322         16          0          0          0       1372   Library Totals

    ----------------------------------------------------------------------

==============================================================================


      Code (inc. data)   RO Data    RW Data    ZI Data      Debug   

     19384       1188       1356        244      19924    1044246   Grand Totals
     19384       1188       1356        244      19924    1044246   ELF Image Totals
     19384       1188       1356        244          0          0   ROM Totals

==============================================================================

    Total RO  Size (Code + RO Data)                20740 (  20.25kB)
    Total RW  Size (RW Data + ZI Data)             20168 (  19.70kB)
    Total ROM Size (Code + RO Data + RW Data)      20984 (  20.49kB)

==============================================================================

